Archive member included to satisfy reference by file (symbol)

.\CortexM0\ARM_GCC_541\Debug\Read_gyroscope1.1.a(UART.o)
                              .\CortexM0\ARM_GCC_541\Debug\main.o (UART_Start)
.\CortexM0\ARM_GCC_541\Debug\Read_gyroscope1.1.a(UART_UART.o)
                              .\CortexM0\ARM_GCC_541\Debug\Read_gyroscope1.1.a(UART.o) (UART_UartInit)
.\CortexM0\ARM_GCC_541\Debug\Read_gyroscope1.1.a(CyLib.o)
                              .\CortexM0\ARM_GCC_541\Debug\i2cFunctions.o (CyIntEnable)
.\CortexM0\ARM_GCC_541\Debug\Read_gyroscope1.1.a(CyLFClk.o)
                              .\CortexM0\ARM_GCC_541\Debug\cyfitter_cfg.o (CySysClkWcoStart)
.\CortexM0\ARM_GCC_541\Debug\Read_gyroscope1.1.a(I2C_MPU6050_I2C.o)
                              .\CortexM0\ARM_GCC_541\Debug\i2cFunctions.o (I2C_MPU6050_I2CInit)
.\CortexM0\ARM_GCC_541\Debug\Read_gyroscope1.1.a(I2C_MPU6050_I2C_MASTER.o)
                              .\CortexM0\ARM_GCC_541\Debug\i2cFunctions.o (I2C_MPU6050_I2CMasterSendStart)
.\CortexM0\ARM_GCC_541\Debug\Read_gyroscope1.1.a(Up.o)
                              .\CortexM0\ARM_GCC_541\Debug\main.o (Up_Write)
.\CortexM0\ARM_GCC_541\Debug\Read_gyroscope1.1.a(Down.o)
                              .\CortexM0\ARM_GCC_541\Debug\main.o (Down_Write)
.\CortexM0\ARM_GCC_541\Debug\Read_gyroscope1.1.a(Right.o)
                              .\CortexM0\ARM_GCC_541\Debug\main.o (Right_Write)
.\CortexM0\ARM_GCC_541\Debug\Read_gyroscope1.1.a(CyBootAsmGnu.o)
                              .\CortexM0\ARM_GCC_541\Debug\cyfitter_cfg.o (CyDelayCycles)
.\CortexM0\ARM_GCC_541\Debug\Read_gyroscope1.1.a(UART_SPI_UART.o)
                              .\CortexM0\ARM_GCC_541\Debug\Read_gyroscope1.1.a(UART_UART.o) (UART_SpiUartReadRxData)
.\CortexM0\ARM_GCC_541\Debug\Read_gyroscope1.1.a(I2C_MPU6050_I2C_INT.o)
                              .\CortexM0\ARM_GCC_541\Debug\Read_gyroscope1.1.a(I2C_MPU6050_I2C.o) (I2C_MPU6050_I2C_ISR)
c:/program files (x86)/cypress/psoc creator/4.4/psoc creator/import/gnu/arm/5.4.1/bin/../lib/gcc/arm-none-eabi/5.4.1/../../../../arm-none-eabi/lib/armv6-m\libm.a(lib_a-w_sqrt.o)
                              .\CortexM0\ARM_GCC_541\Debug\main.o (sqrt)
c:/program files (x86)/cypress/psoc creator/4.4/psoc creator/import/gnu/arm/5.4.1/bin/../lib/gcc/arm-none-eabi/5.4.1/../../../../arm-none-eabi/lib/armv6-m\libm.a(lib_a-wf_atan2.o)
                              .\CortexM0\ARM_GCC_541\Debug\main.o (atan2f)
c:/program files (x86)/cypress/psoc creator/4.4/psoc creator/import/gnu/arm/5.4.1/bin/../lib/gcc/arm-none-eabi/5.4.1/../../../../arm-none-eabi/lib/armv6-m\libm.a(lib_a-e_sqrt.o)
                              c:/program files (x86)/cypress/psoc creator/4.4/psoc creator/import/gnu/arm/5.4.1/bin/../lib/gcc/arm-none-eabi/5.4.1/../../../../arm-none-eabi/lib/armv6-m\libm.a(lib_a-w_sqrt.o) (__ieee754_sqrt)
c:/program files (x86)/cypress/psoc creator/4.4/psoc creator/import/gnu/arm/5.4.1/bin/../lib/gcc/arm-none-eabi/5.4.1/../../../../arm-none-eabi/lib/armv6-m\libm.a(lib_a-ef_atan2.o)
                              c:/program files (x86)/cypress/psoc creator/4.4/psoc creator/import/gnu/arm/5.4.1/bin/../lib/gcc/arm-none-eabi/5.4.1/../../../../arm-none-eabi/lib/armv6-m\libm.a(lib_a-wf_atan2.o) (__ieee754_atan2f)
c:/program files (x86)/cypress/psoc creator/4.4/psoc creator/import/gnu/arm/5.4.1/bin/../lib/gcc/arm-none-eabi/5.4.1/../../../../arm-none-eabi/lib/armv6-m\libm.a(lib_a-s_lib_ver.o)
                              c:/program files (x86)/cypress/psoc creator/4.4/psoc creator/import/gnu/arm/5.4.1/bin/../lib/gcc/arm-none-eabi/5.4.1/../../../../arm-none-eabi/lib/armv6-m\libm.a(lib_a-w_sqrt.o) (__fdlib_version)
c:/program files (x86)/cypress/psoc creator/4.4/psoc creator/import/gnu/arm/5.4.1/bin/../lib/gcc/arm-none-eabi/5.4.1/../../../../arm-none-eabi/lib/armv6-m\libm.a(lib_a-s_matherr.o)
                              c:/program files (x86)/cypress/psoc creator/4.4/psoc creator/import/gnu/arm/5.4.1/bin/../lib/gcc/arm-none-eabi/5.4.1/../../../../arm-none-eabi/lib/armv6-m\libm.a(lib_a-w_sqrt.o) (matherr)
c:/program files (x86)/cypress/psoc creator/4.4/psoc creator/import/gnu/arm/5.4.1/bin/../lib/gcc/arm-none-eabi/5.4.1/../../../../arm-none-eabi/lib/armv6-m\libm.a(lib_a-sf_atan.o)
                              c:/program files (x86)/cypress/psoc creator/4.4/psoc creator/import/gnu/arm/5.4.1/bin/../lib/gcc/arm-none-eabi/5.4.1/../../../../arm-none-eabi/lib/armv6-m\libm.a(lib_a-ef_atan2.o) (atanf)
c:/program files (x86)/cypress/psoc creator/4.4/psoc creator/import/gnu/arm/5.4.1/bin/../lib/gcc/arm-none-eabi/5.4.1/../../../../arm-none-eabi/lib/armv6-m\libm.a(lib_a-sf_fabs.o)
                              c:/program files (x86)/cypress/psoc creator/4.4/psoc creator/import/gnu/arm/5.4.1/bin/../lib/gcc/arm-none-eabi/5.4.1/../../../../arm-none-eabi/lib/armv6-m\libm.a(lib_a-ef_atan2.o) (fabsf)
[...]
Memory Configuration

Name             Origin             Length             Attributes
rom              0x00000000         0x00040000         xr
ram              0x20000000         0x00008000         xrw
*default*        0x00000000         0xffffffff

Linker script and memory map

LOAD c:/program files (x86)/cypress/psoc creator/4.4/psoc creator/import/gnu/arm/5.4.1/bin/../lib/gcc/arm-none-eabi/5.4.1/armv6-m/crti.o
LOAD c:/program files (x86)/cypress/psoc creator/4.4/psoc creator/import/gnu/arm/5.4.1/bin/../lib/gcc/arm-none-eabi/5.4.1/armv6-m/crtbegin.o
LOAD c:/program files (x86)/cypress/psoc creator/4.4/psoc creator/import/gnu/arm/5.4.1/bin/../lib/gcc/arm-none-eabi/5.4.1/../../../../arm-none-eabi/lib/armv6-m/crt0.o
START GROUP
LOAD .\CortexM0\ARM_GCC_541\Debug\main.o
LOAD .\CortexM0\ARM_GCC_541\Debug\i2cFunctions.o
LOAD .\CortexM0\ARM_GCC_541\Debug\mpu6050.o
LOAD .\CortexM0\ARM_GCC_541\Debug\cyfitter_cfg.o
LOAD .\CortexM0\ARM_GCC_541\Debug\cymetadata.o
LOAD .\CortexM0\ARM_GCC_541\Debug\Cm0Start.o
LOAD .\CortexM0\ARM_GCC_541\Debug\Read_gyroscope1.1.a
LOAD C:\Program Files (x86)\Cypress\PSoC Creator\4.4\PSoC Creator\psoc\content\CyComponentLibrary\CyComponentLibrary.cylib\BLE_v3_66\Library\gccCyBLEStack_BLE_SOC_CENTRAL.a
LOAD C:\Program Files (x86)\Cypress\PSoC Creator\4.4\PSoC Creator\psoc\content\CyComponentLibrary\CyComponentLibrary.cylib\CapSense_CSD_P4_v2_60\PSoC4\Library\CapsenseP4Library_GCC.a
LOAD c:/program files (x86)/cypress/psoc creator/4.4/psoc creator/import/gnu/arm/5.4.1/bin/../lib/gcc/arm-none-eabi/5.4.1/../../../../arm-none-eabi/lib/armv6-m\libm.a
END GROUP
START GROUP
LOAD c:/program files (x86)/cypress/psoc creator/4.4/psoc creator/import/gnu/arm/5.4.1/bin/../lib/gcc/arm-none-eabi/5.4.1/armv6-m\libgcc.a
LOAD c:/program files (x86)/cypress/psoc creator/4.4/psoc creator/import/gnu/arm/5.4.1/bin/../lib/gcc/arm-none-eabi/5.4.1/../../../../arm-none-eabi/lib/armv6-m\libg_nano.a
LOAD c:/program files (x86)/cypress/psoc creator/4.4/psoc creator/import/gnu/arm/5.4.1/bin/../lib/gcc/arm-none-eabi/5.4.1/../../../../arm-none-eabi/lib/armv6-m\libc_nano.a
END GROUP
START GROUP
LOAD c:/program files (x86)/cypress/psoc creator/4.4/psoc creator/import/gnu/arm/5.4.1/bin/../lib/gcc/arm-none-eabi/5.4.1/armv6-m\libgcc.a
LOAD c:/program files (x86)/cypress/psoc creator/4.4/psoc creator/import/gnu/arm/5.4.1/bin/../lib/gcc/arm-none-eabi/5.4.1/../../../../arm-none-eabi/lib/armv6-m\libc_nano.a
END GROUP
LOAD c:/program files (x86)/cypress/psoc creator/4.4/psoc creator/import/gnu/arm/5.4.1/bin/../lib/gcc/arm-none-eabi/5.4.1/armv6-m/crtend.o
LOAD c:/program files (x86)/cypress/psoc creator/4.4/psoc creator/import/gnu/arm/5.4.1/bin/../lib/gcc/arm-none-eabi/5.4.1/armv6-m/crtn.o
START GROUP
LOAD c:/program files (x86)/cypress/psoc creator/4.4/psoc creator/import/gnu/arm/5.4.1/bin/../lib/gcc/arm-none-eabi/5.4.1/armv6-m\libgcc.a
LOAD c:/program files (x86)/cypress/psoc creator/4.4/psoc creator/import/gnu/arm/5.4.1/bin/../lib/gcc/arm-none-eabi/5.4.1/../../../../arm-none-eabi/lib/armv6-m\libc.a
LOAD c:/program files (x86)/cypress/psoc creator/4.4/psoc creator/import/gnu/arm/5.4.1/bin/../lib/gcc/arm-none-eabi/5.4.1/../../../../arm-none-eabi/lib/armv6-m\libnosys.a
END GROUP
                0x00000000                CY_APPL_ORIGIN = 0x0
                0x00000100                CY_FLASH_ROW_SIZE = 0x100
                0x00000001                CY_APPL_NUM = 0x1
                0x00000001                CY_APPL_MAX = 0x1
                0x00000040                CY_METADATA_SIZE = 0x40
                0x00000000                CY_APPL_LOADABLE = 0x0
                0x00000000                CY_CHECKSUM_EXCLUDE_SIZE = ALIGN (0x0, CY_FLASH_ROW_SIZE)
                0x00000000                CY_APP_FOR_STACK_AND_COPIER = 0x0
                [!provide]                PROVIDE (__cy_heap_start, _end)
                0x00000001                PROVIDE (__cy_region_num, ((__cy_regions_end - __cy_regions) / 0x10))
                0x20008000                PROVIDE (__cy_stack, (ORIGIN (ram) + LENGTH (ram)))
                [!provide]                PROVIDE (__cy_heap_end, (__cy_stack - 0x800))

.cybootloader   0x00000000        0x0
 *(.cybootloader)
                0x00000000                appl1_start = CY_APPL_ORIGIN?CY_APPL_ORIGIN:ALIGN (CY_FLASH_ROW_SIZE)
                0x0001ff00                appl2_start = (appl1_start + ALIGN ((((LENGTH (rom) - appl1_start) - (0x2 * CY_FLASH_ROW_SIZE)) / 0x2), CY_FLASH_ROW_SIZE))
                0x00000000                appl_start = (CY_APPL_NUM == 0x1)?appl1_start:appl2_start
                0x00000001                cy_project_type_bootloader = (appl_start == 0x0)?0x1:0x0
                0x00000000                cy_project_type_app_for_stack_and_copier = (CY_APP_FOR_STACK_AND_COPIER == 0x1)?0x1:0x0

.text           0x00000000     0x7110
 CREATE_OBJECT_SYMBOLS
                0x00000000                PROVIDE (__cy_interrupt_vector, RomVectors)
 *(.romvectors)
 .romvectors    0x00000000       0x10 .\CortexM0\ARM_GCC_541\Debug\Cm0Start.o
                0x00000000                RomVectors
                0x00000001                ASSERT ((. != __cy_interrupt_vector), No interrupt vector)
                0x00000001                ASSERT (CY_APPL_ORIGIN?(SIZEOF (.cybootloader) <= CY_APPL_ORIGIN):0x1, Wrong image location)
                0x00000010                PROVIDE (__cy_reset, Reset)
 *(.text.Reset)
 .text.Reset    0x00000010        0x8 .\CortexM0\ARM_GCC_541\Debug\Cm0Start.o
                0x00000010                Reset
                0x00000001                ASSERT ((. != __cy_reset), No reset code)
 *(.psocinit)
 .psocinit      0x00000018      0x350 .\CortexM0\ARM_GCC_541\Debug\cyfitter_cfg.o
                0x00000198                cyfitter_cfg
                0x00000368                . = MAX (., 0x100)
 *(.text .text.* .gnu.linkonce.t.*)
 .text          0x00000368       0x60 c:/program files (x86)/cypress/psoc creator/4.4/psoc creator/import/gnu/arm/5.4.1/bin/../lib/gcc/arm-none-eabi/5.4.1/armv6-m/crtbegin.o
 .text.test_values
                0x000003c8      0x21c .\CortexM0\ARM_GCC_541\Debug\main.o
                0x000003c8                test_values
 .text.main     0x000005e4      0x310 .\CortexM0\ARM_GCC_541\Debug\main.o
                0x000005e4                main
 .text.I2C_MPU6050_ScbEnableIntr
                0x000008f4        0xc .\CortexM0\ARM_GCC_541\Debug\i2cFunctions.o
 .text.I2C_MPU6050_Init
                0x00000900        0x8 .\CortexM0\ARM_GCC_541\Debug\i2cFunctions.o
                0x00000900                I2C_MPU6050_Init
 .text.I2C_MPU6050_Enable
                0x00000908       0x18 .\CortexM0\ARM_GCC_541\Debug\i2cFunctions.o
                0x00000908                I2C_MPU6050_Enable
 .text.I2C_MPU6050_Start
                0x00000920       0x20 .\CortexM0\ARM_GCC_541\Debug\i2cFunctions.o
                0x00000920                I2C_MPU6050_Start
 .text.I2CReadBytes
                0x00000940       0x48 .\CortexM0\ARM_GCC_541\Debug\i2cFunctions.o
                0x00000940                I2CReadBytes
 .text.I2CReadByte
                0x00000988        0xc .\CortexM0\ARM_GCC_541\Debug\i2cFunctions.o
                0x00000988                I2CReadByte
 .text.I2CReadBits
                0x00000994       0x24 .\CortexM0\ARM_GCC_541\Debug\i2cFunctions.o
                0x00000994                I2CReadBits
 .text.I2CWriteBytes
                0x000009b8       0x34 .\CortexM0\ARM_GCC_541\Debug\i2cFunctions.o
                0x000009b8                I2CWriteBytes
 .text.I2CWriteByte
                0x000009ec       0x14 .\CortexM0\ARM_GCC_541\Debug\i2cFunctions.o
                0x000009ec                I2CWriteByte
 .text.I2CWriteBits
                0x00000a00       0x4c .\CortexM0\ARM_GCC_541\Debug\i2cFunctions.o
                0x00000a00                I2CWriteBits
 .text.I2CWriteBit
                0x00000a4c       0x44 .\CortexM0\ARM_GCC_541\Debug\i2cFunctions.o
                0x00000a4c                I2CWriteBit
 .text.MPU6050_init
                0x00000a90        0xc .\CortexM0\ARM_GCC_541\Debug\mpu6050.o
                0x00000a90                MPU6050_init
 .text.MPU6050_setFullScaleGyroRange
                0x00000a9c       0x20 .\CortexM0\ARM_GCC_541\Debug\mpu6050.o
                0x00000a9c                MPU6050_setFullScaleGyroRange
 .text.MPU6050_setFullScaleAccelRange
                0x00000abc       0x20 .\CortexM0\ARM_GCC_541\Debug\mpu6050.o
                0x00000abc                MPU6050_setFullScaleAccelRange
 .text.MPU6050_getMotion6t
                0x00000adc       0x7c .\CortexM0\ARM_GCC_541\Debug\mpu6050.o
                0x00000adc                MPU6050_getMotion6t
 .text.MPU6050_setSleepEnabled
                0x00000b58       0x18 .\CortexM0\ARM_GCC_541\Debug\mpu6050.o
                0x00000b58                MPU6050_setSleepEnabled
 .text.MPU6050_setClockSource
                0x00000b70       0x20 .\CortexM0\ARM_GCC_541\Debug\mpu6050.o
                0x00000b70                MPU6050_setClockSource
 .text.MPU6050_initialize
                0x00000b90       0x1c .\CortexM0\ARM_GCC_541\Debug\mpu6050.o
                0x00000b90                MPU6050_initialize
 .text.MPU6050_getDeviceID
                0x00000bac       0x24 .\CortexM0\ARM_GCC_541\Debug\mpu6050.o
                0x00000bac                MPU6050_getDeviceID
 .text.MPU6050_testConnection
                0x00000bd0       0x10 .\CortexM0\ARM_GCC_541\Debug\mpu6050.o
                0x00000bd0                MPU6050_testConnection
 .text.cfg_write_bytes32
                0x00000be0       0x34 .\CortexM0\ARM_GCC_541\Debug\cyfitter_cfg.o
 .text.CYMEMZERO
                0x00000c14        0xc .\CortexM0\ARM_GCC_541\Debug\cyfitter_cfg.o
 .text.SetAnalogRoutingPumps
                0x00000c20       0x20 .\CortexM0\ARM_GCC_541\Debug\cyfitter_cfg.o
                0x00000c20                SetAnalogRoutingPumps
 .text.AnalogSetDefault
                0x00000c40       0x7c .\CortexM0\ARM_GCC_541\Debug\cyfitter_cfg.o
 .text.IntDefaultHandler
                0x00000cbc       0x10 .\CortexM0\ARM_GCC_541\Debug\Cm0Start.o
                0x00000cbc                IntDefaultHandler
 .text._sbrk    0x00000ccc       0x34 .\CortexM0\ARM_GCC_541\Debug\Cm0Start.o
                0x00000ccc                _sbrk
 .text.Start_c  0x00000d00       0x48 .\CortexM0\ARM_GCC_541\Debug\Cm0Start.o
                0x00000d00                Start_c
 .text.initialize_psoc
                0x00000d48       0x4c .\CortexM0\ARM_GCC_541\Debug\Cm0Start.o
                0x00000d48                initialize_psoc
 .text.UART_ScbModePostEnable
                0x00000d94        0x8 .\CortexM0\ARM_GCC_541\Debug\Read_gyroscope1.1.a(UART.o)
 .text.UART_Init
                0x00000d9c        0x8 .\CortexM0\ARM_GCC_541\Debug\Read_gyroscope1.1.a(UART.o)
                0x00000d9c                UART_Init
 .text.UART_Enable
                0x00000da4       0x18 .\CortexM0\ARM_GCC_541\Debug\Read_gyroscope1.1.a(UART.o)
                0x00000da4                UART_Enable
 .text.UART_Start
                0x00000dbc       0x20 .\CortexM0\ARM_GCC_541\Debug\Read_gyroscope1.1.a(UART.o)
                0x00000dbc                UART_Start
 .text.UART_UartInit
                0x00000ddc       0xa8 .\CortexM0\ARM_GCC_541\Debug\Read_gyroscope1.1.a(UART_UART.o)
                0x00000ddc                UART_UartInit
 .text.UART_UartPostEnable
                0x00000e84       0x2c .\CortexM0\ARM_GCC_541\Debug\Read_gyroscope1.1.a(UART_UART.o)
                0x00000e84                UART_UartPostEnable
 .text.UART_UartPutString
                0x00000eb0       0x18 .\CortexM0\ARM_GCC_541\Debug\Read_gyroscope1.1.a(UART_UART.o)
                0x00000eb0                UART_UartPutString
 .text.CySysClkEcoReadStatus
                0x00000ec8       0x10 .\CortexM0\ARM_GCC_541\Debug\Read_gyroscope1.1.a(CyLib.o)
                0x00000ec8                CySysClkEcoReadStatus
 .text.CyIntEnable
                0x00000ed8       0x14 .\CortexM0\ARM_GCC_541\Debug\Read_gyroscope1.1.a(CyLib.o)
                0x00000ed8                CyIntEnable
 .text.CyIntDisable
                0x00000eec       0x14 .\CortexM0\ARM_GCC_541\Debug\Read_gyroscope1.1.a(CyLib.o)
                0x00000eec                CyIntDisable
 .text.CyHalt   0x00000f00        0x4 .\CortexM0\ARM_GCC_541\Debug\Read_gyroscope1.1.a(CyLib.o)
                0x00000f00                CyHalt
 .text.CyIntSetVector
                0x00000f04       0x24 .\CortexM0\ARM_GCC_541\Debug\Read_gyroscope1.1.a(CyLib.o)
                0x00000f04                CyIntSetVector
 .text.CyIntSetPriority
                0x00000f28       0x4c .\CortexM0\ARM_GCC_541\Debug\Read_gyroscope1.1.a(CyLib.o)
                0x00000f28                CyIntSetPriority
 .text.CyDelay  0x00000f74       0x30 .\CortexM0\ARM_GCC_541\Debug\Read_gyroscope1.1.a(CyLib.o)
                0x00000f74                CyDelay
 .text.CyDelayUs
                0x00000fa4       0x14 .\CortexM0\ARM_GCC_541\Debug\Read_gyroscope1.1.a(CyLib.o)
                0x00000fa4                CyDelayUs
 .text.CySysClkWriteImoFreq
                0x00000fb8      0x164 .\CortexM0\ARM_GCC_541\Debug\Read_gyroscope1.1.a(CyLib.o)
                0x00000fb8                CySysClkWriteImoFreq
 .text.CySysClkEcoStart
                0x0000111c       0x54 .\CortexM0\ARM_GCC_541\Debug\Read_gyroscope1.1.a(CyLib.o)
                0x0000111c                CySysClkEcoStart
 .text.CySysWdtLocked
                0x00001170       0x14 .\CortexM0\ARM_GCC_541\Debug\Read_gyroscope1.1.a(CyLFClk.o)
 .text.CySysClkWcoStart
                0x00001184       0x40 .\CortexM0\ARM_GCC_541\Debug\Read_gyroscope1.1.a(CyLFClk.o)
                0x00001184                CySysClkWcoStart
 .text.CySysClkWcoSetPowerMode
                0x000011c4       0x80 .\CortexM0\ARM_GCC_541\Debug\Read_gyroscope1.1.a(CyLFClk.o)
                0x000011c4                CySysClkWcoSetPowerMode
 .text.CySysWdtLock
                0x00001244       0x1c .\CortexM0\ARM_GCC_541\Debug\Read_gyroscope1.1.a(CyLFClk.o)
                0x00001244                CySysWdtLock
 .text.CySysWdtUnlock
                0x00001260       0x30 .\CortexM0\ARM_GCC_541\Debug\Read_gyroscope1.1.a(CyLFClk.o)
                0x00001260                CySysWdtUnlock
 .text.CySysWdtClearInterrupt
                0x00001290       0x4c .\CortexM0\ARM_GCC_541\Debug\Read_gyroscope1.1.a(CyLFClk.o)
                0x00001290                CySysWdtClearInterrupt
 .text.CySysWdtIsr
                0x000012dc       0xa4 .\CortexM0\ARM_GCC_541\Debug\Read_gyroscope1.1.a(CyLFClk.o)
                0x000012dc                CySysWdtIsr
 .text.I2C_MPU6050_I2CInit
                0x00001380       0xb8 .\CortexM0\ARM_GCC_541\Debug\Read_gyroscope1.1.a(I2C_MPU6050_I2C.o)
                0x00001380                I2C_MPU6050_I2CInit
 .text.I2C_MPU6050_I2CFwBlockReset
                0x00001438       0x5c .\CortexM0\ARM_GCC_541\Debug\Read_gyroscope1.1.a(I2C_MPU6050_I2C.o)
                0x00001438                I2C_MPU6050_I2CFwBlockReset
 .text.I2C_MPU6050_I2CMasterSendStart
                0x00001494       0xc4 .\CortexM0\ARM_GCC_541\Debug\Read_gyroscope1.1.a(I2C_MPU6050_I2C_MASTER.o)
                0x00001494                I2C_MPU6050_I2CMasterSendStart
 .text.I2C_MPU6050_I2CMasterSendStop
                0x00001558       0x7c .\CortexM0\ARM_GCC_541\Debug\Read_gyroscope1.1.a(I2C_MPU6050_I2C_MASTER.o)
                0x00001558                I2C_MPU6050_I2CMasterSendStop
 .text.I2C_MPU6050_I2CMasterWriteByte
                0x000015d4       0x88 .\CortexM0\ARM_GCC_541\Debug\Read_gyroscope1.1.a(I2C_MPU6050_I2C_MASTER.o)
                0x000015d4                I2C_MPU6050_I2CMasterWriteByte
 .text.I2C_MPU6050_I2CMasterReadByte
                0x0000165c       0x74 .\CortexM0\ARM_GCC_541\Debug\Read_gyroscope1.1.a(I2C_MPU6050_I2C_MASTER.o)
                0x0000165c                I2C_MPU6050_I2CMasterReadByte
 .text.I2C_MPU6050_I2CReStartGeneration
                0x000016d0       0x20 .\CortexM0\ARM_GCC_541\Debug\Read_gyroscope1.1.a(I2C_MPU6050_I2C_MASTER.o)
                0x000016d0                I2C_MPU6050_I2CReStartGeneration
 .text.I2C_MPU6050_I2CMasterSendRestart
                0x000016f0       0xb0 .\CortexM0\ARM_GCC_541\Debug\Read_gyroscope1.1.a(I2C_MPU6050_I2C_MASTER.o)
                0x000016f0                I2C_MPU6050_I2CMasterSendRestart
 .text.Up_Write
                0x000017a0       0x18 .\CortexM0\ARM_GCC_541\Debug\Read_gyroscope1.1.a(Up.o)
                0x000017a0                Up_Write
 .text.Down_Write
                0x000017b8       0x18 .\CortexM0\ARM_GCC_541\Debug\Read_gyroscope1.1.a(Down.o)
                0x000017b8                Down_Write
 .text.Right_Write
                0x000017d0       0x18 .\CortexM0\ARM_GCC_541\Debug\Read_gyroscope1.1.a(Right.o)
                0x000017d0                Right_Write
 .text          0x000017e8       0x20 .\CortexM0\ARM_GCC_541\Debug\Read_gyroscope1.1.a(CyBootAsmGnu.o)
                0x000017e8                CyDelayCycles
                0x000017fa                CyEnterCriticalSection
                0x00001802                CyExitCriticalSection
 .text.UART_SpiUartWriteTxData
                0x00001808       0x1c .\CortexM0\ARM_GCC_541\Debug\Read_gyroscope1.1.a(UART_SPI_UART.o)
                0x00001808                UART_SpiUartWriteTxData
 .text.I2C_MPU6050_I2C_ISR
                0x00001824      0x340 .\CortexM0\ARM_GCC_541\Debug\Read_gyroscope1.1.a(I2C_MPU6050_I2C_INT.o)
                0x00001824                I2C_MPU6050_I2C_ISR
 .text.sqrt     0x00001b64       0xc0 c:/program files (x86)/cypress/psoc creator/4.4/psoc creator/import/gnu/arm/5.4.1/bin/../lib/gcc/arm-none-eabi/5.4.1/../../../../arm-none-eabi/lib/armv6-m\libm.a(lib_a-w_sqrt.o)
                0x00001b64                sqrt
 .text.atan2f   0x00001c24        0x8 c:/program files (x86)/cypress/psoc creator/4.4/psoc creator/import/gnu/arm/5.4.1/bin/../lib/gcc/arm-none-eabi/5.4.1/../../../../arm-none-eabi/lib/armv6-m\libm.a(lib_a-wf_atan2.o)
                0x00001c24                atan2f
 .text.__ieee754_sqrt
                0x00001c2c      0x1ec c:/program files (x86)/cypress/psoc creator/4.4/psoc creator/import/gnu/arm/5.4.1/bin/../lib/gcc/arm-none-eabi/5.4.1/../../../../arm-none-eabi/lib/armv6-m\libm.a(lib_a-e_sqrt.o)
                0x00001c2c                __ieee754_sqrt
 .text.__ieee754_atan2f
                0x00001e18      0x124 c:/program files (x86)/cypress/psoc creator/4.4/psoc creator/import/gnu/arm/5.4.1/bin/../lib/gcc/arm-none-eabi/5.4.1/../../../../arm-none-eabi/lib/armv6-m\libm.a(lib_a-ef_atan2.o)
                0x00001e18                __ieee754_atan2f
 .text.matherr  0x00001f3c        0x4 c:/program files (x86)/cypress/psoc creator/4.4/psoc creator/import/gnu/arm/5.4.1/bin/../lib/gcc/arm-none-eabi/5.4.1/../../../../arm-none-eabi/lib/armv6-m\libm.a(lib_a-s_matherr.o)
                0x00001f3c                matherr
 .text.atanf    0x00001f40      0x238 c:/program files (x86)/cypress/psoc creator/4.4/psoc creator/import/gnu/arm/5.4.1/bin/../lib/gcc/arm-none-eabi/5.4.1/../../../../arm-none-eabi/lib/armv6-m\libm.a(lib_a-sf_atan.o)
                0x00001f40                atanf
 .text.fabsf    0x00002178        0x8 c:/program files (x86)/cypress/psoc creator/4.4/psoc creator/import/gnu/arm/5.4.1/bin/../lib/gcc/arm-none-eabi/5.4.1/../../../../arm-none-eabi/lib/armv6-m\libm.a(lib_a-sf_fabs.o)
                0x00002178                fabsf
 .text          0x00002180      0x114 c:/program files (x86)/cypress/psoc creator/4.4/psoc creator/import/gnu/arm/5.4.1/bin/../lib/gcc/arm-none-eabi/5.4.1/armv6-m\libgcc.a(_udivsi3.o)
                0x00002180                __aeabi_uidiv
                0x00002180                __udivsi3
                0x0000228c                __aeabi_uidivmod
 .text          0x00002294      0x1d4 c:/program files (x86)/cypress/psoc creator/4.4/psoc creator/import/gnu/arm/5.4.1/bin/../lib/gcc/arm-none-eabi/5.4.1/armv6-m\libgcc.a(_divsi3.o)
                0x00002294                __divsi3
                0x00002294                __aeabi_idiv
                0x00002460                __aeabi_idivmod
 .text          0x00002468        0x4 c:/program files (x86)/cypress/psoc creator/4.4/psoc creator/import/gnu/arm/5.4.1/bin/../lib/gcc/arm-none-eabi/5.4.1/armv6-m\libgcc.a(_dvmd_tls.o)
                0x00002468                __aeabi_idiv0
                0x00002468                __aeabi_ldiv0
 .text          0x0000246c       0x7c c:/program files (x86)/cypress/psoc creator/4.4/psoc creator/import/gnu/arm/5.4.1/bin/../lib/gcc/arm-none-eabi/5.4.1/armv6-m\libgcc.a(_arm_cmpdf2.o)
                0x0000246c                __aeabi_cdrcmple
                0x0000247c                __aeabi_cdcmple
                0x0000247c                __aeabi_cdcmpeq
                0x0000248c                __aeabi_dcmpeq
                0x00002498                __aeabi_dcmplt
                0x000024ac                __aeabi_dcmple
                0x000024c0                __aeabi_dcmpgt
                0x000024d4                __aeabi_dcmpge
 .text          0x000024e8       0x74 c:/program files (x86)/cypress/psoc creator/4.4/psoc creator/import/gnu/arm/5.4.1/bin/../lib/gcc/arm-none-eabi/5.4.1/armv6-m\libgcc.a(_arm_cmpsf2.o)
                0x000024e8                __aeabi_cfrcmple
                0x000024f0                __aeabi_cfcmpeq
                0x000024f0                __aeabi_cfcmple
                0x00002500                __aeabi_fcmpeq
                0x0000250c                __aeabi_fcmplt
                0x00002520                __aeabi_fcmple
                0x00002534                __aeabi_fcmpgt
                0x00002548                __aeabi_fcmpge
 .text          0x0000255c      0x2ec c:/program files (x86)/cypress/psoc creator/4.4/psoc creator/import/gnu/arm/5.4.1/bin/../lib/gcc/arm-none-eabi/5.4.1/armv6-m\libgcc.a(addsf3.o)
                0x0000255c                __aeabi_fadd
 .text          0x00002848      0x234 c:/program files (x86)/cypress/psoc creator/4.4/psoc creator/import/gnu/arm/5.4.1/bin/../lib/gcc/arm-none-eabi/5.4.1/armv6-m\libgcc.a(divsf3.o)
                0x00002848                __aeabi_fdiv
 .text          0x00002a7c       0x50 c:/program files (x86)/cypress/psoc creator/4.4/psoc creator/import/gnu/arm/5.4.1/bin/../lib/gcc/arm-none-eabi/5.4.1/armv6-m\libgcc.a(eqsf2.o)
                0x00002a7c                __eqsf2
                0x00002a7c                __nesf2
 .text          0x00002acc       0x88 c:/program files (x86)/cypress/psoc creator/4.4/psoc creator/import/gnu/arm/5.4.1/bin/../lib/gcc/arm-none-eabi/5.4.1/armv6-m\libgcc.a(gesf2.o)
                0x00002acc                __gesf2
                0x00002acc                __gtsf2
 .text          0x00002b54       0x88 c:/program files (x86)/cypress/psoc creator/4.4/psoc creator/import/gnu/arm/5.4.1/bin/../lib/gcc/arm-none-eabi/5.4.1/armv6-m\libgcc.a(lesf2.o)
                0x00002b54                __ltsf2
                0x00002b54                __lesf2
 .text          0x00002bdc      0x228 c:/program files (x86)/cypress/psoc creator/4.4/psoc creator/import/gnu/arm/5.4.1/bin/../lib/gcc/arm-none-eabi/5.4.1/armv6-m\libgcc.a(mulsf3.o)
                0x00002bdc                __aeabi_fmul
 .text          0x00002e04      0x30c c:/program files (x86)/cypress/psoc creator/4.4/psoc creator/import/gnu/arm/5.4.1/bin/../lib/gcc/arm-none-eabi/5.4.1/armv6-m\libgcc.a(subsf3.o)
                0x00002e04                __aeabi_fsub
 .text          0x00003110       0x44 c:/program files (x86)/cypress/psoc creator/4.4/psoc creator/import/gnu/arm/5.4.1/bin/../lib/gcc/arm-none-eabi/5.4.1/armv6-m\libgcc.a(fixsfsi.o)
                0x00003110                __aeabi_f2iz
 .text          0x00003154       0x90 c:/program files (x86)/cypress/psoc creator/4.4/psoc creator/import/gnu/arm/5.4.1/bin/../lib/gcc/arm-none-eabi/5.4.1/armv6-m\libgcc.a(floatsisf.o)
                0x00003154                __aeabi_i2f
 .text          0x000031e4      0x658 c:/program files (x86)/cypress/psoc creator/4.4/psoc creator/import/gnu/arm/5.4.1/bin/../lib/gcc/arm-none-eabi/5.4.1/armv6-m\libgcc.a(adddf3.o)
                0x000031e4                __aeabi_dadd
 .text          0x0000383c      0x62c c:/program files (x86)/cypress/psoc creator/4.4/psoc creator/import/gnu/arm/5.4.1/bin/../lib/gcc/arm-none-eabi/5.4.1/armv6-m\libgcc.a(divdf3.o)
                0x0000383c                __aeabi_ddiv
 .text          0x00003e68       0x80 c:/program files (x86)/cypress/psoc creator/4.4/psoc creator/import/gnu/arm/5.4.1/bin/../lib/gcc/arm-none-eabi/5.4.1/armv6-m\libgcc.a(eqdf2.o)
                0x00003e68                __nedf2
                0x00003e68                __eqdf2
 .text          0x00003ee8       0xc8 c:/program files (x86)/cypress/psoc creator/4.4/psoc creator/import/gnu/arm/5.4.1/bin/../lib/gcc/arm-none-eabi/5.4.1/armv6-m\libgcc.a(gedf2.o)
                0x00003ee8                __gedf2
                0x00003ee8                __gtdf2
 .text          0x00003fb0       0xd4 c:/program files (x86)/cypress/psoc creator/4.4/psoc creator/import/gnu/arm/5.4.1/bin/../lib/gcc/arm-none-eabi/5.4.1/armv6-m\libgcc.a(ledf2.o)
                0x00003fb0                __ledf2
                0x00003fb0                __ltdf2
 .text          0x00004084      0x4f4 c:/program files (x86)/cypress/psoc creator/4.4/psoc creator/import/gnu/arm/5.4.1/bin/../lib/gcc/arm-none-eabi/5.4.1/armv6-m\libgcc.a(muldf3.o)
                0x00004084                __aeabi_dmul
 .text          0x00004578      0x6a8 c:/program files (x86)/cypress/psoc creator/4.4/psoc creator/import/gnu/arm/5.4.1/bin/../lib/gcc/arm-none-eabi/5.4.1/armv6-m\libgcc.a(subdf3.o)
                0x00004578                __aeabi_dsub
 .text          0x00004c20       0x40 c:/program files (x86)/cypress/psoc creator/4.4/psoc creator/import/gnu/arm/5.4.1/bin/../lib/gcc/arm-none-eabi/5.4.1/armv6-m\libgcc.a(unorddf2.o)
                0x00004c20                __aeabi_dcmpun
 .text          0x00004c60       0xa8 c:/program files (x86)/cypress/psoc creator/4.4/psoc creator/import/gnu/arm/5.4.1/bin/../lib/gcc/arm-none-eabi/5.4.1/armv6-m\libgcc.a(extendsfdf2.o)
                0x00004c60                __aeabi_f2d
 .text          0x00004d08      0x118 c:/program files (x86)/cypress/psoc creator/4.4/psoc creator/import/gnu/arm/5.4.1/bin/../lib/gcc/arm-none-eabi/5.4.1/armv6-m\libgcc.a(truncdfsf2.o)
                0x00004d08                __aeabi_d2f
 .text          0x00004e20       0x3c c:/program files (x86)/cypress/psoc creator/4.4/psoc creator/import/gnu/arm/5.4.1/bin/../lib/gcc/arm-none-eabi/5.4.1/armv6-m\libgcc.a(_clzsi2.o)
                0x00004e20                __clzsi2
 .text.__errno  0x00004e5c        0xc c:/program files (x86)/cypress/psoc creator/4.4/psoc creator/import/gnu/arm/5.4.1/bin/../lib/gcc/arm-none-eabi/5.4.1/../../../../arm-none-eabi/lib/armv6-m\libg_nano.a(lib_a-errno.o)
                0x00004e5c                __errno
 .text.__libc_init_array
                0x00004e68       0x4c c:/program files (x86)/cypress/psoc creator/4.4/psoc creator/import/gnu/arm/5.4.1/bin/../lib/gcc/arm-none-eabi/5.4.1/../../../../arm-none-eabi/lib/armv6-m\libg_nano.a(lib_a-init.o)
                0x00004e68                __libc_init_array
 .text.memset   0x00004eb4       0x10 c:/program files (x86)/cypress/psoc creator/4.4/psoc creator/import/gnu/arm/5.4.1/bin/../lib/gcc/arm-none-eabi/5.4.1/../../../../arm-none-eabi/lib/armv6-m\libg_nano.a(lib_a-memset.o)
                0x00004eb4                memset
 .text.__cvt    0x00004ec4       0xca c:/program files (x86)/cypress/psoc creator/4.4/psoc creator/import/gnu/arm/5.4.1/bin/../lib/gcc/arm-none-eabi/5.4.1/../../../../arm-none-eabi/lib/armv6-m\libg_nano.a(lib_a-nano-vfprintf_float.o)
                0x00004ec4                __cvt
 .text.__exponent
                0x00004f8e       0x62 c:/program files (x86)/cypress/psoc creator/4.4/psoc creator/import/gnu/arm/5.4.1/bin/../lib/gcc/arm-none-eabi/5.4.1/../../../../arm-none-eabi/lib/armv6-m\libg_nano.a(lib_a-nano-vfprintf_float.o)
                0x00004f8e                __exponent
 .text._printf_float
                0x00004ff0      0x4a0 c:/program files (x86)/cypress/psoc creator/4.4/psoc creator/import/gnu/arm/5.4.1/bin/../lib/gcc/arm-none-eabi/5.4.1/../../../../arm-none-eabi/lib/armv6-m\libg_nano.a(lib_a-nano-vfprintf_float.o)
                0x00004ff0                _printf_float
 .text._printf_common
                0x00005490       0xdc c:/program files (x86)/cypress/psoc creator/4.4/psoc creator/import/gnu/arm/5.4.1/bin/../lib/gcc/arm-none-eabi/5.4.1/../../../../arm-none-eabi/lib/armv6-m\libg_nano.a(lib_a-nano-vfprintf_i.o)
                0x00005490                _printf_common
 .text._printf_i
                0x0000556c      0x244 c:/program files (x86)/cypress/psoc creator/4.4/psoc creator/import/gnu/arm/5.4.1/bin/../lib/gcc/arm-none-eabi/5.4.1/../../../../arm-none-eabi/lib/armv6-m\libg_nano.a(lib_a-nano-vfprintf_i.o)
                0x0000556c                _printf_i
 .text.sprintf  0x000057b0       0x44 c:/program files (x86)/cypress/psoc creator/4.4/psoc creator/import/gnu/arm/5.4.1/bin/../lib/gcc/arm-none-eabi/5.4.1/../../../../arm-none-eabi/lib/armv6-m\libg_nano.a(lib_a-sprintf.o)
                0x000057b0                siprintf
                0x000057b0                sprintf
 .text          0x000057f4        0xe c:/program files (x86)/cypress/psoc creator/4.4/psoc creator/import/gnu/arm/5.4.1/bin/../lib/gcc/arm-none-eabi/5.4.1/../../../../arm-none-eabi/lib/armv6-m\libg_nano.a(lib_a-strlen.o)
                0x000057f4                strlen
 .text.quorem   0x00005802      0x10c c:/program files (x86)/cypress/psoc creator/4.4/psoc creator/import/gnu/arm/5.4.1/bin/../lib/gcc/arm-none-eabi/5.4.1/../../../../arm-none-eabi/lib/armv6-m\libg_nano.a(lib_a-dtoa.o)
 *fill*         0x0000590e        0x2 
 .text._dtoa_r  0x00005910      0xb8c c:/program files (x86)/cypress/psoc creator/4.4/psoc creator/import/gnu/arm/5.4.1/bin/../lib/gcc/arm-none-eabi/5.4.1/../../../../arm-none-eabi/lib/armv6-m\libg_nano.a(lib_a-dtoa.o)
                0x00005910                _dtoa_r
 .text._localeconv_r
                0x0000649c        0x8 c:/program files (x86)/cypress/psoc creator/4.4/psoc creator/import/gnu/arm/5.4.1/bin/../lib/gcc/arm-none-eabi/5.4.1/../../../../arm-none-eabi/lib/armv6-m\libg_nano.a(lib_a-locale.o)
                0x0000649c                _localeconv_r
 .text.malloc   0x000064a4       0x14 c:/program files (x86)/cypress/psoc creator/4.4/psoc creator/import/gnu/arm/5.4.1/bin/../lib/gcc/arm-none-eabi/5.4.1/../../../../arm-none-eabi/lib/armv6-m\libg_nano.a(lib_a-malloc.o)
                0x000064a4                malloc
 .text.memchr   0x000064b8       0x16 c:/program files (x86)/cypress/psoc creator/4.4/psoc creator/import/gnu/arm/5.4.1/bin/../lib/gcc/arm-none-eabi/5.4.1/../../../../arm-none-eabi/lib/armv6-m\libg_nano.a(lib_a-memchr-stub.o)
                0x000064b8                memchr
 .text.memcpy   0x000064ce       0x12 c:/program files (x86)/cypress/psoc creator/4.4/psoc creator/import/gnu/arm/5.4.1/bin/../lib/gcc/arm-none-eabi/5.4.1/../../../../arm-none-eabi/lib/armv6-m\libg_nano.a(lib_a-memcpy-stub.o)
                0x000064ce                memcpy
 .text._Balloc  0x000064e0       0x70 c:/program files (x86)/cypress/psoc creator/4.4/psoc creator/import/gnu/arm/5.4.1/bin/../lib/gcc/arm-none-eabi/5.4.1/../../../../arm-none-eabi/lib/armv6-m\libg_nano.a(lib_a-mprec.o)
                0x000064e0                _Balloc
 .text._Bfree   0x00006550       0x32 c:/program files (x86)/cypress/psoc creator/4.4/psoc creator/import/gnu/arm/5.4.1/bin/../lib/gcc/arm-none-eabi/5.4.1/../../../../arm-none-eabi/lib/armv6-m\libg_nano.a(lib_a-mprec.o)
                0x00006550                _Bfree
 .text.__multadd
                0x00006582       0x7a c:/program files (x86)/cypress/psoc creator/4.4/psoc creator/import/gnu/arm/5.4.1/bin/../lib/gcc/arm-none-eabi/5.4.1/../../../../arm-none-eabi/lib/armv6-m\libg_nano.a(lib_a-mprec.o)
                0x00006582                __multadd
 .text.__hi0bits
                0x000065fc       0x36 c:/program files (x86)/cypress/psoc creator/4.4/psoc creator/import/gnu/arm/5.4.1/bin/../lib/gcc/arm-none-eabi/5.4.1/../../../../arm-none-eabi/lib/armv6-m\libg_nano.a(lib_a-mprec.o)
                0x000065fc                __hi0bits
 .text.__lo0bits
                0x00006632       0x5e c:/program files (x86)/cypress/psoc creator/4.4/psoc creator/import/gnu/arm/5.4.1/bin/../lib/gcc/arm-none-eabi/5.4.1/../../../../arm-none-eabi/lib/armv6-m\libg_nano.a(lib_a-mprec.o)
                0x00006632                __lo0bits
 .text.__i2b    0x00006690       0x12 c:/program files (x86)/cypress/psoc creator/4.4/psoc creator/import/gnu/arm/5.4.1/bin/../lib/gcc/arm-none-eabi/5.4.1/../../../../arm-none-eabi/lib/armv6-m\libg_nano.a(lib_a-mprec.o)
                0x00006690                __i2b
 .text.__multiply
                0x000066a2      0x112 c:/program files (x86)/cypress/psoc creator/4.4/psoc creator/import/gnu/arm/5.4.1/bin/../lib/gcc/arm-none-eabi/5.4.1/../../../../arm-none-eabi/lib/armv6-m\libg_nano.a(lib_a-mprec.o)
                0x000066a2                __multiply
 .text.__pow5mult
                0x000067b4       0xa8 c:/program files (x86)/cypress/psoc creator/4.4/psoc creator/import/gnu/arm/5.4.1/bin/../lib/gcc/arm-none-eabi/5.4.1/../../../../arm-none-eabi/lib/armv6-m\libg_nano.a(lib_a-mprec.o)
                0x000067b4                __pow5mult
 .text.__lshift
                0x0000685c       0xa4 c:/program files (x86)/cypress/psoc creator/4.4/psoc creator/import/gnu/arm/5.4.1/bin/../lib/gcc/arm-none-eabi/5.4.1/../../../../arm-none-eabi/lib/armv6-m\libg_nano.a(lib_a-mprec.o)
                0x0000685c                __lshift
 .text.__mcmp   0x00006900       0x36 c:/program files (x86)/cypress/psoc creator/4.4/psoc creator/import/gnu/arm/5.4.1/bin/../lib/gcc/arm-none-eabi/5.4.1/../../../../arm-none-eabi/lib/armv6-m\libg_nano.a(lib_a-mprec.o)
                0x00006900                __mcmp
 .text.__mdiff  0x00006936       0xd6 c:/program files (x86)/cypress/psoc creator/4.4/psoc creator/import/gnu/arm/5.4.1/bin/../lib/gcc/arm-none-eabi/5.4.1/../../../../arm-none-eabi/lib/armv6-m\libg_nano.a(lib_a-mprec.o)
                0x00006936                __mdiff
 .text.__d2b    0x00006a0c       0xa8 c:/program files (x86)/cypress/psoc creator/4.4/psoc creator/import/gnu/arm/5.4.1/bin/../lib/gcc/arm-none-eabi/5.4.1/../../../../arm-none-eabi/lib/armv6-m\libg_nano.a(lib_a-mprec.o)
                0x00006a0c                __d2b
 .text._calloc_r
                0x00006ab4       0x1c c:/program files (x86)/cypress/psoc creator/4.4/psoc creator/import/gnu/arm/5.4.1/bin/../lib/gcc/arm-none-eabi/5.4.1/../../../../arm-none-eabi/lib/armv6-m\libg_nano.a(lib_a-nano-callocr.o)
                0x00006ab4                _calloc_r
 .text._free_r  0x00006ad0       0x98 c:/program files (x86)/cypress/psoc creator/4.4/psoc creator/import/gnu/arm/5.4.1/bin/../lib/gcc/arm-none-eabi/5.4.1/../../../../arm-none-eabi/lib/armv6-m\libg_nano.a(lib_a-nano-freer.o)
                0x00006ad0                _free_r
 .text._malloc_r
                0x00006b68       0xc0 c:/program files (x86)/cypress/psoc creator/4.4/psoc creator/import/gnu/arm/5.4.1/bin/../lib/gcc/arm-none-eabi/5.4.1/../../../../arm-none-eabi/lib/armv6-m\libg_nano.a(lib_a-nano-mallocr.o)
                0x00006b68                _malloc_r
 .text.__ssputs_r
                0x00006c28       0xc4 c:/program files (x86)/cypress/psoc creator/4.4/psoc creator/import/gnu/arm/5.4.1/bin/../lib/gcc/arm-none-eabi/5.4.1/../../../../arm-none-eabi/lib/armv6-m\libg_nano.a(lib_a-nano-svfprintf.o)
                0x00006c28                __ssputs_r
 .text._svfprintf_r
                0x00006cec      0x1fc c:/program files (x86)/cypress/psoc creator/4.4/psoc creator/import/gnu/arm/5.4.1/bin/../lib/gcc/arm-none-eabi/5.4.1/../../../../arm-none-eabi/lib/armv6-m\libg_nano.a(lib_a-nano-svfprintf.o)
                0x00006cec                _svfiprintf_r
                0x00006cec                _svfprintf_r
 .text._sbrk_r  0x00006ee8       0x24 c:/program files (x86)/cypress/psoc creator/4.4/psoc creator/import/gnu/arm/5.4.1/bin/../lib/gcc/arm-none-eabi/5.4.1/../../../../arm-none-eabi/lib/armv6-m\libg_nano.a(lib_a-sbrkr.o)
                0x00006ee8                _sbrk_r
 .text.memmove  0x00006f0c       0x2a c:/program files (x86)/cypress/psoc creator/4.4/psoc creator/import/gnu/arm/5.4.1/bin/../lib/gcc/arm-none-eabi/5.4.1/../../../../arm-none-eabi/lib/armv6-m\libg_nano.a(lib_a-memmove.o)
                0x00006f0c                memmove
 .text.__malloc_lock
                0x00006f36        0x2 c:/program files (x86)/cypress/psoc creator/4.4/psoc creator/import/gnu/arm/5.4.1/bin/../lib/gcc/arm-none-eabi/5.4.1/../../../../arm-none-eabi/lib/armv6-m\libg_nano.a(lib_a-mlock.o)
                0x00006f36                __malloc_lock
 .text.__malloc_unlock
                0x00006f38        0x2 c:/program files (x86)/cypress/psoc creator/4.4/psoc creator/import/gnu/arm/5.4.1/bin/../lib/gcc/arm-none-eabi/5.4.1/../../../../arm-none-eabi/lib/armv6-m\libg_nano.a(lib_a-mlock.o)
                0x00006f38                __malloc_unlock
 .text._realloc_r
                0x00006f3a       0x4c c:/program files (x86)/cypress/psoc creator/4.4/psoc creator/import/gnu/arm/5.4.1/bin/../lib/gcc/arm-none-eabi/5.4.1/../../../../arm-none-eabi/lib/armv6-m\libg_nano.a(lib_a-nano-reallocr.o)
                0x00006f3a                _realloc_r
 .text._malloc_usable_size_r
                0x00006f86       0x16 c:/program files (x86)/cypress/psoc creator/4.4/psoc creator/import/gnu/arm/5.4.1/bin/../lib/gcc/arm-none-eabi/5.4.1/../../../../arm-none-eabi/lib/armv6-m\libg_nano.a(lib_a-nano-msizer.o)
                0x00006f86                _malloc_usable_size_r
 .text          0x00006f9c       0x14 c:/program files (x86)/cypress/psoc creator/4.4/psoc creator/import/gnu/arm/5.4.1/bin/../lib/gcc/arm-none-eabi/5.4.1/armv6-m\libgcc.a(_thumb1_case_uqi.o)
                0x00006f9c                __gnu_thumb1_case_uqi
 .text          0x00006fb0       0x6c c:/program files (x86)/cypress/psoc creator/4.4/psoc creator/import/gnu/arm/5.4.1/bin/../lib/gcc/arm-none-eabi/5.4.1/armv6-m\libgcc.a(fixdfsi.o)
                0x00006fb0                __aeabi_d2iz
 .text          0x0000701c       0x84 c:/program files (x86)/cypress/psoc creator/4.4/psoc creator/import/gnu/arm/5.4.1/bin/../lib/gcc/arm-none-eabi/5.4.1/armv6-m\libgcc.a(floatsidf.o)
                0x0000701c                __aeabi_i2d
 .text          0x000070a0       0x70 c:/program files (x86)/cypress/psoc creator/4.4/psoc creator/import/gnu/arm/5.4.1/bin/../lib/gcc/arm-none-eabi/5.4.1/armv6-m\libgcc.a(floatunsidf.o)
                0x000070a0                __aeabi_ui2d
 *(.plt)
 *(.gnu.warning)
 *(.glue_7t)
 .glue_7t       0x00007110        0x0 linker stubs
 *(.glue_7)
 .glue_7        0x00007110        0x0 linker stubs
 *(.vfp11_veneer)
 .vfp11_veneer  0x00007110        0x0 linker stubs
 *(.bootloader)
 *(.ARM.extab* .gnu.linkonce.armextab.*)
 *(.gcc_except_table)

.v4_bx          0x00007110        0x0
 .v4_bx         0x00007110        0x0 linker stubs

.iplt           0x00007110        0x0
 .iplt          0x00007110        0x0 c:/program files (x86)/cypress/psoc creator/4.4/psoc creator/import/gnu/arm/5.4.1/bin/../lib/gcc/arm-none-eabi/5.4.1/armv6-m/crtbegin.o

.eh_frame_hdr
 *(.eh_frame_hdr)

.eh_frame       0x00007110        0x4
 *(.eh_frame)
 .eh_frame      0x00007110        0x0 c:/program files (x86)/cypress/psoc creator/4.4/psoc creator/import/gnu/arm/5.4.1/bin/../lib/gcc/arm-none-eabi/5.4.1/armv6-m/crtbegin.o
 .eh_frame      0x00007110        0x4 c:/program files (x86)/cypress/psoc creator/4.4/psoc creator/import/gnu/arm/5.4.1/bin/../lib/gcc/arm-none-eabi/5.4.1/armv6-m/crtend.o
                [!provide]                PROVIDE (__exidx_start, .)

.ARM.exidx
 *(.ARM.exidx* .gnu.linkonce.armexidx.*)
                0x00007114                __exidx_end = .

.rodata         0x00007118      0x4f0
 *(.rodata .rodata.* .gnu.linkonce.r.*)
 .rodata.str1.4
                0x00007118      0x151 .\CortexM0\ARM_GCC_541\Debug\main.o
                                0x155 (size before relaxing)
 *fill*         0x00007269        0x3 
 .rodata        0x0000726c       0x70 .\CortexM0\ARM_GCC_541\Debug\cyfitter_cfg.o
 .rodata        0x000072dc       0x2e .\CortexM0\ARM_GCC_541\Debug\Read_gyroscope1.1.a(CyLib.o)
                0x000072dc                cyImoFreqMhz2Reg
 *fill*         0x0000730a        0x2 
 .rodata.str1.4
                0x0000730c        0x8 c:/program files (x86)/cypress/psoc creator/4.4/psoc creator/import/gnu/arm/5.4.1/bin/../lib/gcc/arm-none-eabi/5.4.1/../../../../arm-none-eabi/lib/armv6-m\libm.a(lib_a-w_sqrt.o)
                                  0x5 (size before relaxing)
 .rodata.atanlo
                0x00007314       0x10 c:/program files (x86)/cypress/psoc creator/4.4/psoc creator/import/gnu/arm/5.4.1/bin/../lib/gcc/arm-none-eabi/5.4.1/../../../../arm-none-eabi/lib/armv6-m\libm.a(lib_a-sf_atan.o)
 .rodata.atanhi
                0x00007324       0x10 c:/program files (x86)/cypress/psoc creator/4.4/psoc creator/import/gnu/arm/5.4.1/bin/../lib/gcc/arm-none-eabi/5.4.1/../../../../arm-none-eabi/lib/armv6-m\libm.a(lib_a-sf_atan.o)
 .rodata        0x00007334       0x80 c:/program files (x86)/cypress/psoc creator/4.4/psoc creator/import/gnu/arm/5.4.1/bin/../lib/gcc/arm-none-eabi/5.4.1/armv6-m\libgcc.a(divsf3.o)
 .rodata        0x000073b4       0x40 c:/program files (x86)/cypress/psoc creator/4.4/psoc creator/import/gnu/arm/5.4.1/bin/../lib/gcc/arm-none-eabi/5.4.1/armv6-m\libgcc.a(mulsf3.o)
 .rodata        0x000073f4       0x40 c:/program files (x86)/cypress/psoc creator/4.4/psoc creator/import/gnu/arm/5.4.1/bin/../lib/gcc/arm-none-eabi/5.4.1/armv6-m\libgcc.a(divdf3.o)
 .rodata        0x00007434       0x40 c:/program files (x86)/cypress/psoc creator/4.4/psoc creator/import/gnu/arm/5.4.1/bin/../lib/gcc/arm-none-eabi/5.4.1/armv6-m\libgcc.a(muldf3.o)
 .rodata.str1.1
                0x00007474        0x2 c:/program files (x86)/cypress/psoc creator/4.4/psoc creator/import/gnu/arm/5.4.1/bin/../lib/gcc/arm-none-eabi/5.4.1/../../../../arm-none-eabi/lib/armv6-m\libg_nano.a(lib_a-impure.o)
 .rodata.str1.1
                0x00007476       0x12 c:/program files (x86)/cypress/psoc creator/4.4/psoc creator/import/gnu/arm/5.4.1/bin/../lib/gcc/arm-none-eabi/5.4.1/../../../../arm-none-eabi/lib/armv6-m\libg_nano.a(lib_a-nano-vfprintf_float.o)
 .rodata.str1.1
                0x00007488       0x22 c:/program files (x86)/cypress/psoc creator/4.4/psoc creator/import/gnu/arm/5.4.1/bin/../lib/gcc/arm-none-eabi/5.4.1/../../../../arm-none-eabi/lib/armv6-m\libg_nano.a(lib_a-nano-vfprintf_i.o)
 .rodata.str1.1
                0x000074aa        0xd c:/program files (x86)/cypress/psoc creator/4.4/psoc creator/import/gnu/arm/5.4.1/bin/../lib/gcc/arm-none-eabi/5.4.1/../../../../arm-none-eabi/lib/armv6-m\libg_nano.a(lib_a-dtoa.o)
                                  0xf (size before relaxing)
 .rodata.str1.1
                0x000074b7        0x8 c:/program files (x86)/cypress/psoc creator/4.4/psoc creator/import/gnu/arm/5.4.1/bin/../lib/gcc/arm-none-eabi/5.4.1/../../../../arm-none-eabi/lib/armv6-m\libg_nano.a(lib_a-locale.o)
                                  0xb (size before relaxing)
 *fill*         0x000074bf        0x1 
 .rodata.__mprec_tens
                0x000074c0       0xc8 c:/program files (x86)/cypress/psoc creator/4.4/psoc creator/import/gnu/arm/5.4.1/bin/../lib/gcc/arm-none-eabi/5.4.1/../../../../arm-none-eabi/lib/armv6-m\libg_nano.a(lib_a-mprec.o)
                0x000074c0                __mprec_tens
 .rodata.p05.5408
                0x00007588        0xc c:/program files (x86)/cypress/psoc creator/4.4/psoc creator/import/gnu/arm/5.4.1/bin/../lib/gcc/arm-none-eabi/5.4.1/../../../../arm-none-eabi/lib/armv6-m\libg_nano.a(lib_a-mprec.o)
 *fill*         0x00007594        0x4 
 .rodata.__mprec_bigtens
                0x00007598       0x28 c:/program files (x86)/cypress/psoc creator/4.4/psoc creator/import/gnu/arm/5.4.1/bin/../lib/gcc/arm-none-eabi/5.4.1/../../../../arm-none-eabi/lib/armv6-m\libg_nano.a(lib_a-mprec.o)
                0x00007598                __mprec_bigtens
 .rodata.str1.1
                0x000075c0       0x11 c:/program files (x86)/cypress/psoc creator/4.4/psoc creator/import/gnu/arm/5.4.1/bin/../lib/gcc/arm-none-eabi/5.4.1/../../../../arm-none-eabi/lib/armv6-m\libg_nano.a(lib_a-nano-svfprintf.o)
                0x000075d4                . = ALIGN (0x4)
 *fill*         0x000075d1        0x3 
 *(.init)
 .init          0x000075d4        0x4 c:/program files (x86)/cypress/psoc creator/4.4/psoc creator/import/gnu/arm/5.4.1/bin/../lib/gcc/arm-none-eabi/5.4.1/armv6-m/crti.o
                0x000075d4                _init
 .init          0x000075d8        0x8 c:/program files (x86)/cypress/psoc creator/4.4/psoc creator/import/gnu/arm/5.4.1/bin/../lib/gcc/arm-none-eabi/5.4.1/armv6-m/crtn.o
                0x000075e0                . = ALIGN (0x4)
                0x000075e0                __preinit_array_start = .
 *(.preinit_array)
                0x000075e0                __preinit_array_end = .
                0x000075e0                . = ALIGN (0x4)
                0x000075e0                __init_array_start = .
 *(SORT(.init_array.*))
 *(.init_array)
 .init_array    0x000075e0        0x4 c:/program files (x86)/cypress/psoc creator/4.4/psoc creator/import/gnu/arm/5.4.1/bin/../lib/gcc/arm-none-eabi/5.4.1/armv6-m/crtbegin.o
 .init_array    0x000075e4        0x4 .\CortexM0\ARM_GCC_541\Debug\Cm0Start.o
                0x000075e8                __init_array_end = .
                0x000075e8                . = ALIGN (0x4)
 *(.fini)
 .fini          0x000075e8        0x4 c:/program files (x86)/cypress/psoc creator/4.4/psoc creator/import/gnu/arm/5.4.1/bin/../lib/gcc/arm-none-eabi/5.4.1/armv6-m/crti.o
                0x000075e8                _fini
 .fini          0x000075ec        0x8 c:/program files (x86)/cypress/psoc creator/4.4/psoc creator/import/gnu/arm/5.4.1/bin/../lib/gcc/arm-none-eabi/5.4.1/armv6-m/crtn.o
                0x000075f4                . = ALIGN (0x4)
                0x000075f4                __fini_array_start = .
 *(.fini_array)
 .fini_array    0x000075f4        0x4 c:/program files (x86)/cypress/psoc creator/4.4/psoc creator/import/gnu/arm/5.4.1/bin/../lib/gcc/arm-none-eabi/5.4.1/armv6-m/crtbegin.o
 *(SORT(.fini_array.*))
                0x000075f8                __fini_array_end = .
                0x000075f8                . = ALIGN (0x4)
 *crtbegin.o(.ctors)
 *(EXCLUDE_FILE(*crtend.o) .ctors)
 *(SORT(.ctors.*))
 *crtend.o(.ctors)
                0x000075f8                . = ALIGN (0x4)
 *crtbegin.o(.dtors)
 *(EXCLUDE_FILE(*crtend.o) .dtors)
 *(SORT(.dtors.*))
 *crtend.o(.dtors)
                0x000075f8                . = ALIGN (0x4)
                0x000075f8                __cy_regions = .
                0x000075f8        0x4 LONG 0x7608 __cy_region_init_ram
                0x000075fc        0x4 LONG 0x200000c0 __cy_region_start_data
                0x00007600        0x4 LONG 0xc8 __cy_region_init_size_ram
                0x00007604        0x4 LONG 0x3b8 __cy_region_zero_size_ram
                0x00007608                __cy_regions_end = .
                0x00007608                . = ALIGN (0x8)
                0x00007608                _etext = .

.cy_checksum_exclude
                0x00007608        0x0
 *(.cy_checksum_exclude)

.ramvectors     0x20000000       0xc0
                0x20000000                __cy_region_start_ram = .
 *(.ramvectors)
 .ramvectors    0x20000000       0xc0 .\CortexM0\ARM_GCC_541\Debug\Cm0Start.o
                0x20000000                CyRamVectors

.noinit
 *(.noinit)

.data           0x200000c0       0xc8 load address 0x00007608
                0x200000c0                __cy_region_start_data = .
 *(.jcr)
 .jcr           0x200000c0        0x0 c:/program files (x86)/cypress/psoc creator/4.4/psoc creator/import/gnu/arm/5.4.1/bin/../lib/gcc/arm-none-eabi/5.4.1/armv6-m/crtbegin.o
 .jcr           0x200000c0        0x4 c:/program files (x86)/cypress/psoc creator/4.4/psoc creator/import/gnu/arm/5.4.1/bin/../lib/gcc/arm-none-eabi/5.4.1/armv6-m/crtend.o
 *(.got.plt)
 *(.got)
 *(.shdata)
 *(.data .data.* .gnu.linkonce.d.*)
 .data          0x200000c4        0x4 .\CortexM0\ARM_GCC_541\Debug\Cm0Start.o
 .data          0x200000c8       0x14 .\CortexM0\ARM_GCC_541\Debug\Read_gyroscope1.1.a(CyLib.o)
                0x200000c8                CySysClkPumpConfig
                0x200000cc                cydelay32kMs
                0x200000d0                cydelayFreqKhz
                0x200000d4                cydelayFreqMhz
                0x200000d8                cydelayFreqHz
 .data          0x200000dc        0x8 .\CortexM0\ARM_GCC_541\Debug\Read_gyroscope1.1.a(CyLFClk.o)
 .data.__fdlib_version
                0x200000e4        0x1 c:/program files (x86)/cypress/psoc creator/4.4/psoc creator/import/gnu/arm/5.4.1/bin/../lib/gcc/arm-none-eabi/5.4.1/../../../../arm-none-eabi/lib/armv6-m\libm.a(lib_a-s_lib_ver.o)
                0x200000e4                __fdlib_version
 *fill*         0x200000e5        0x3 
 .data.impure_data
                0x200000e8       0x60 c:/program files (x86)/cypress/psoc creator/4.4/psoc creator/import/gnu/arm/5.4.1/bin/../lib/gcc/arm-none-eabi/5.4.1/../../../../arm-none-eabi/lib/armv6-m\libg_nano.a(lib_a-impure.o)
 .data._impure_ptr
                0x20000148        0x4 c:/program files (x86)/cypress/psoc creator/4.4/psoc creator/import/gnu/arm/5.4.1/bin/../lib/gcc/arm-none-eabi/5.4.1/../../../../arm-none-eabi/lib/armv6-m\libg_nano.a(lib_a-impure.o)
                0x20000148                _impure_ptr
 .data.lconv    0x2000014c       0x38 c:/program files (x86)/cypress/psoc creator/4.4/psoc creator/import/gnu/arm/5.4.1/bin/../lib/gcc/arm-none-eabi/5.4.1/../../../../arm-none-eabi/lib/armv6-m\libg_nano.a(lib_a-locale.o)
                0x20000188                . = ALIGN (0x8)
 *fill*         0x20000184        0x4 
 *(.ram)
                0x20000188                _edata = .

.igot.plt       0x20000188        0x0 load address 0x000076d0
 .igot.plt      0x20000188        0x0 c:/program files (x86)/cypress/psoc creator/4.4/psoc creator/import/gnu/arm/5.4.1/bin/../lib/gcc/arm-none-eabi/5.4.1/armv6-m/crtbegin.o

.bss            0x20000188      0x3b8 load address 0x000076d0
                0x20000188                PROVIDE (__bss_start__, .)
 *(.shbss)
 *(.bss .bss.* .gnu.linkonce.b.*)
 .bss           0x20000188       0x1c c:/program files (x86)/cypress/psoc creator/4.4/psoc creator/import/gnu/arm/5.4.1/bin/../lib/gcc/arm-none-eabi/5.4.1/armv6-m/crtbegin.o
 .bss           0x200001a4        0x5 .\CortexM0\ARM_GCC_541\Debug\main.o
                0x200001a4                i
                0x200001a8                flag
 *fill*         0x200001a9        0x3 
 .bss           0x200001ac        0x8 .\CortexM0\ARM_GCC_541\Debug\i2cFunctions.o
                0x200001ac                I2C_MPU6050_initVar
                0x200001b0                I2C_MPU6050_customIntrHandler
 .bss           0x200001b4        0x4 .\CortexM0\ARM_GCC_541\Debug\Read_gyroscope1.1.a(UART.o)
                0x200001b4                UART_initVar
                0x200001b6                UART_IntrTxMask
 .bss           0x200001b8       0x28 .\CortexM0\ARM_GCC_541\Debug\Read_gyroscope1.1.a(CyLFClk.o)
 .bss.__malloc_sbrk_start
                0x200001e0        0x4 c:/program files (x86)/cypress/psoc creator/4.4/psoc creator/import/gnu/arm/5.4.1/bin/../lib/gcc/arm-none-eabi/5.4.1/../../../../arm-none-eabi/lib/armv6-m\libg_nano.a(lib_a-nano-mallocr.o)
                0x200001e0                __malloc_sbrk_start
 .bss.__malloc_free_list
                0x200001e4        0x4 c:/program files (x86)/cypress/psoc creator/4.4/psoc creator/import/gnu/arm/5.4.1/bin/../lib/gcc/arm-none-eabi/5.4.1/../../../../arm-none-eabi/lib/armv6-m\libg_nano.a(lib_a-nano-mallocr.o)
                0x200001e4                __malloc_free_list
 *(COMMON)
 COMMON         0x200001e8      0x32e .\CortexM0\ARM_GCC_541\Debug\main.o
                0x200001e8                Yaw
                0x200001ec                CAY
                0x200001f0                AZoff
                0x200001f4                CGZ
                0x200001f8                GY
                0x200001fc                AY
                0x20000200                Abuf
                0x200002c8                CAX
                0x200002cc                Roll
                0x200002d0                GXoff
                0x200002d4                GZ
                0x200002d8                CGX
                0x200002dc                buffer
                0x200002f4                AYoff
                0x200002f8                CT
                0x200002fc                AZ
                0x20000300                GYoff
                0x20000304                CGY
                0x20000308                buf
                0x200004fc                AXoff
                0x20000500                devAddr
                0x20000504                GX
                0x20000508                AX
                0x2000050c                Pitch
                0x20000510                GZoff
                0x20000514                CAZ
 COMMON         0x20000516        0x1 .\CortexM0\ARM_GCC_541\Debug\Read_gyroscope1.1.a(I2C_MPU6050_I2C.o)
                0x20000516                I2C_MPU6050_state
 *fill*         0x20000517        0x1 
 COMMON         0x20000518       0x24 .\CortexM0\ARM_GCC_541\Debug\Read_gyroscope1.1.a(I2C_MPU6050_I2C_MASTER.o)
                0x20000518                I2C_MPU6050_mstrWrBufIndexTmp
                0x2000051c                I2C_MPU6050_mstrRdBufIndex
                0x20000520                I2C_MPU6050_mstrWrBufSize
                0x20000524                I2C_MPU6050_mstrControl
                0x20000528                I2C_MPU6050_mstrWrBufIndex
                0x2000052c                I2C_MPU6050_mstrWrBufPtr
                0x20000530                I2C_MPU6050_mstrRdBufSize
                0x20000534                I2C_MPU6050_mstrStatus
                0x20000538                I2C_MPU6050_mstrRdBufPtr
 COMMON         0x2000053c        0x4 c:/program files (x86)/cypress/psoc creator/4.4/psoc creator/import/gnu/arm/5.4.1/bin/../lib/gcc/arm-none-eabi/5.4.1/../../../../arm-none-eabi/lib/armv6-m\libg_nano.a(lib_a-reent.o)
                0x2000053c                errno
                0x20000540                . = ALIGN (0x8)
 *(.ram.b)
                0x20000540                _end = .
                0x20000540                __end = .
                0x20000540                PROVIDE (end, .)
                0x20000540                PROVIDE (__bss_end__, .)
                0x00007608                __cy_region_init_ram = LOADADDR (.data)
                0x000000c8                __cy_region_init_size_ram = (_edata - ADDR (.data))
                0x000003b8                __cy_region_zero_size_ram = (_end - _edata)

.heap           0x20000540      0x200 load address 0x000076d0
                0x20000540                . = _end
                0x20000740                . = (. + 0x200)
 *fill*         0x20000540      0x200 
                0x20000740                __cy_heap_limit = .

.stack          0x20007800      0x800
                0x20007800                __cy_stack_limit = .
                0x20008000                . = (. + 0x800)
 *fill*         0x20007800      0x800 
                0x00000001                ASSERT ((__cy_stack_limit >= __cy_heap_limit), region RAM overflowed with stack)
                0x00000000                cy_checksum_exclude_size = (CY_APPL_LOADABLE == 0x1)?SIZEOF (.cy_checksum_exclude):0x0
                0x00000001                ASSERT ((cy_checksum_exclude_size <= CY_CHECKSUM_EXCLUDE_SIZE), CY_BOOT: Section .cy_checksum_exclude size exceedes specified limit.)
                0x0003ffc0                cyloadermeta_start = (cy_project_type_bootloader || cy_project_type_app_for_stack_and_copier)?(LENGTH (rom) - CY_METADATA_SIZE):0xf0000000

.cyloadermeta
 *(.cyloadermeta)
                0x0003ffc0                cyloadablemeta_start = cy_project_type_app_for_stack_and_copier?((LENGTH (rom) - CY_FLASH_ROW_SIZE) - CY_METADATA_SIZE):((LENGTH (rom) - (CY_FLASH_ROW_SIZE * (CY_APPL_NUM - 0x1))) - CY_METADATA_SIZE)

.cyloadablemeta
 *(.cyloadablemeta)

.cyflashprotect
                0x90400000       0x80
 *(.cyflashprotect)
 .cyflashprotect
                0x90400000       0x80 .\CortexM0\ARM_GCC_541\Debug\cymetadata.o
                0x90400000                cy_meta_flashprotect

.cymeta         0x90500000        0xc
 *(.cymeta)
 .cymeta        0x90500000        0xc .\CortexM0\ARM_GCC_541\Debug\cymetadata.o
                0x90500000                cy_metadata

.cychipprotect  0x90600000        0x1
 *(.cychipprotect)
 .cychipprotect
                0x90600000        0x1 .\CortexM0\ARM_GCC_541\Debug\cymetadata.o
                0x90600000                cy_meta_chipprotect

.rel.dyn        0x000076d0        0x0 load address 0x90600004
 .rel.iplt      0x000076d0        0x0 c:/program files (x86)/cypress/psoc creator/4.4/psoc creator/import/gnu/arm/5.4.1/bin/../lib/gcc/arm-none-eabi/5.4.1/armv6-m/crtbegin.o

.stab
 *(.stab)

.stabstr
 *(.stabstr)

.debug
 *(.debug)

.line
 *(.line)

.debug_srcinfo
 *(.debug_srcinfo)

.debug_sfnames
 *(.debug_sfnames)

.debug_aranges  0x00000000     0x1028
 *(.debug_aranges)
 .debug_aranges
                0x00000000       0x28 .\CortexM0\ARM_GCC_541\Debug\main.o
 .debug_aranges
                0x00000028       0xb0 .\CortexM0\ARM_GCC_541\Debug\i2cFunctions.o
 .debug_aranges
                0x000000d8      0x838 .\CortexM0\ARM_GCC_541\Debug\mpu6050.o
 .debug_aranges
                0x00000910       0x48 .\CortexM0\ARM_GCC_541\Debug\cyfitter_cfg.o
 .debug_aranges
                0x00000958       0x18 .\CortexM0\ARM_GCC_541\Debug\cymetadata.o
 .debug_aranges
                0x00000970       0x48 .\CortexM0\ARM_GCC_541\Debug\Cm0Start.o
 .debug_aranges
                0x000009b8       0x58 .\CortexM0\ARM_GCC_541\Debug\Read_gyroscope1.1.a(UART.o)
 .debug_aranges
                0x00000a10       0x90 .\CortexM0\ARM_GCC_541\Debug\Read_gyroscope1.1.a(UART_UART.o)
 .debug_aranges
                0x00000aa0      0x1d0 .\CortexM0\ARM_GCC_541\Debug\Read_gyroscope1.1.a(CyLib.o)
 .debug_aranges
                0x00000c70      0x188 .\CortexM0\ARM_GCC_541\Debug\Read_gyroscope1.1.a(CyLFClk.o)
 .debug_aranges
                0x00000df8       0x30 .\CortexM0\ARM_GCC_541\Debug\Read_gyroscope1.1.a(I2C_MPU6050_I2C.o)
 .debug_aranges
                0x00000e28       0x88 .\CortexM0\ARM_GCC_541\Debug\Read_gyroscope1.1.a(I2C_MPU6050_I2C_MASTER.o)
 .debug_aranges
                0x00000eb0       0x48 .\CortexM0\ARM_GCC_541\Debug\Read_gyroscope1.1.a(Up.o)
 .debug_aranges
                0x00000ef8       0x48 .\CortexM0\ARM_GCC_541\Debug\Read_gyroscope1.1.a(Down.o)
 .debug_aranges
                0x00000f40       0x48 .\CortexM0\ARM_GCC_541\Debug\Read_gyroscope1.1.a(Right.o)
 .debug_aranges
                0x00000f88       0x20 .\CortexM0\ARM_GCC_541\Debug\Read_gyroscope1.1.a(CyBootAsmGnu.o)
 .debug_aranges
                0x00000fa8       0x60 .\CortexM0\ARM_GCC_541\Debug\Read_gyroscope1.1.a(UART_SPI_UART.o)
 .debug_aranges
                0x00001008       0x20 .\CortexM0\ARM_GCC_541\Debug\Read_gyroscope1.1.a(I2C_MPU6050_I2C_INT.o)

.debug_pubnames
 *(.debug_pubnames)

.debug_info     0x00000000     0x905b
 *(.debug_info .gnu.linkonce.wi.*)
 .debug_info    0x00000000      0x9a4 .\CortexM0\ARM_GCC_541\Debug\main.o
 .debug_info    0x000009a4      0xa95 .\CortexM0\ARM_GCC_541\Debug\i2cFunctions.o
 .debug_info    0x00001439     0x3f5c .\CortexM0\ARM_GCC_541\Debug\mpu6050.o
 .debug_info    0x00005395      0x499 .\CortexM0\ARM_GCC_541\Debug\cyfitter_cfg.o
 .debug_info    0x0000582e       0xf8 .\CortexM0\ARM_GCC_541\Debug\cymetadata.o
 .debug_info    0x00005926      0x3a2 .\CortexM0\ARM_GCC_541\Debug\Cm0Start.o
 .debug_info    0x00005cc8      0x23a .\CortexM0\ARM_GCC_541\Debug\Read_gyroscope1.1.a(UART.o)
 .debug_info    0x00005f02      0x3b5 .\CortexM0\ARM_GCC_541\Debug\Read_gyroscope1.1.a(UART_UART.o)
 .debug_info    0x000062b7      0xd2c .\CortexM0\ARM_GCC_541\Debug\Read_gyroscope1.1.a(CyLib.o)
 .debug_info    0x00006fe3     0x1071 .\CortexM0\ARM_GCC_541\Debug\Read_gyroscope1.1.a(CyLFClk.o)
 .debug_info    0x00008054      0x195 .\CortexM0\ARM_GCC_541\Debug\Read_gyroscope1.1.a(I2C_MPU6050_I2C.o)
 .debug_info    0x000081e9      0x548 .\CortexM0\ARM_GCC_541\Debug\Read_gyroscope1.1.a(I2C_MPU6050_I2C_MASTER.o)
 .debug_info    0x00008731      0x19d .\CortexM0\ARM_GCC_541\Debug\Read_gyroscope1.1.a(Up.o)
 .debug_info    0x000088ce      0x19d .\CortexM0\ARM_GCC_541\Debug\Read_gyroscope1.1.a(Down.o)
 .debug_info    0x00008a6b      0x19d .\CortexM0\ARM_GCC_541\Debug\Read_gyroscope1.1.a(Right.o)
 .debug_info    0x00008c08       0x8b .\CortexM0\ARM_GCC_541\Debug\Read_gyroscope1.1.a(CyBootAsmGnu.o)
 .debug_info    0x00008c93      0x220 .\CortexM0\ARM_GCC_541\Debug\Read_gyroscope1.1.a(UART_SPI_UART.o)
 .debug_info    0x00008eb3      0x1a8 .\CortexM0\ARM_GCC_541\Debug\Read_gyroscope1.1.a(I2C_MPU6050_I2C_INT.o)

.debug_abbrev   0x00000000     0x15fc
 *(.debug_abbrev)
 .debug_abbrev  0x00000000      0x173 .\CortexM0\ARM_GCC_541\Debug\main.o
 .debug_abbrev  0x00000173      0x1d2 .\CortexM0\ARM_GCC_541\Debug\i2cFunctions.o
 .debug_abbrev  0x00000345      0x1d6 .\CortexM0\ARM_GCC_541\Debug\mpu6050.o
 .debug_abbrev  0x0000051b      0x1cf .\CortexM0\ARM_GCC_541\Debug\cyfitter_cfg.o
 .debug_abbrev  0x000006ea       0x5d .\CortexM0\ARM_GCC_541\Debug\cymetadata.o
 .debug_abbrev  0x00000747      0x1d7 .\CortexM0\ARM_GCC_541\Debug\Cm0Start.o
 .debug_abbrev  0x0000091e       0xd5 .\CortexM0\ARM_GCC_541\Debug\Read_gyroscope1.1.a(UART.o)
 .debug_abbrev  0x000009f3      0x132 .\CortexM0\ARM_GCC_541\Debug\Read_gyroscope1.1.a(UART_UART.o)
 .debug_abbrev  0x00000b25      0x1d3 .\CortexM0\ARM_GCC_541\Debug\Read_gyroscope1.1.a(CyLib.o)
 .debug_abbrev  0x00000cf8      0x248 .\CortexM0\ARM_GCC_541\Debug\Read_gyroscope1.1.a(CyLFClk.o)
 .debug_abbrev  0x00000f40       0xc7 .\CortexM0\ARM_GCC_541\Debug\Read_gyroscope1.1.a(I2C_MPU6050_I2C.o)
 .debug_abbrev  0x00001007      0x196 .\CortexM0\ARM_GCC_541\Debug\Read_gyroscope1.1.a(I2C_MPU6050_I2C_MASTER.o)
 .debug_abbrev  0x0000119d       0xc8 .\CortexM0\ARM_GCC_541\Debug\Read_gyroscope1.1.a(Up.o)
 .debug_abbrev  0x00001265       0xc8 .\CortexM0\ARM_GCC_541\Debug\Read_gyroscope1.1.a(Down.o)
 .debug_abbrev  0x0000132d       0xc8 .\CortexM0\ARM_GCC_541\Debug\Read_gyroscope1.1.a(Right.o)
 .debug_abbrev  0x000013f5       0x14 .\CortexM0\ARM_GCC_541\Debug\Read_gyroscope1.1.a(CyBootAsmGnu.o)
 .debug_abbrev  0x00001409      0x14f .\CortexM0\ARM_GCC_541\Debug\Read_gyroscope1.1.a(UART_SPI_UART.o)
 .debug_abbrev  0x00001558       0xa4 .\CortexM0\ARM_GCC_541\Debug\Read_gyroscope1.1.a(I2C_MPU6050_I2C_INT.o)

.debug_line     0x00000000     0x36ff
 *(.debug_line)
 .debug_line    0x00000000      0x309 .\CortexM0\ARM_GCC_541\Debug\main.o
 .debug_line    0x00000309      0x37b .\CortexM0\ARM_GCC_541\Debug\i2cFunctions.o
 .debug_line    0x00000684     0x1486 .\CortexM0\ARM_GCC_541\Debug\mpu6050.o
 .debug_line    0x00001b0a      0x1d5 .\CortexM0\ARM_GCC_541\Debug\cyfitter_cfg.o
 .debug_line    0x00001cdf      0x141 .\CortexM0\ARM_GCC_541\Debug\cymetadata.o
 .debug_line    0x00001e20      0x236 .\CortexM0\ARM_GCC_541\Debug\Cm0Start.o
 .debug_line    0x00002056      0x108 .\CortexM0\ARM_GCC_541\Debug\Read_gyroscope1.1.a(UART.o)
 .debug_line    0x0000215e      0x1cf .\CortexM0\ARM_GCC_541\Debug\Read_gyroscope1.1.a(UART_UART.o)
 .debug_line    0x0000232d      0x553 .\CortexM0\ARM_GCC_541\Debug\Read_gyroscope1.1.a(CyLib.o)
 .debug_line    0x00002880      0x5db .\CortexM0\ARM_GCC_541\Debug\Read_gyroscope1.1.a(CyLFClk.o)
 .debug_line    0x00002e5b       0xd2 .\CortexM0\ARM_GCC_541\Debug\Read_gyroscope1.1.a(I2C_MPU6050_I2C.o)
 .debug_line    0x00002f2d      0x2a9 .\CortexM0\ARM_GCC_541\Debug\Read_gyroscope1.1.a(I2C_MPU6050_I2C_MASTER.o)
 .debug_line    0x000031d6       0xba .\CortexM0\ARM_GCC_541\Debug\Read_gyroscope1.1.a(Up.o)
 .debug_line    0x00003290       0xbc .\CortexM0\ARM_GCC_541\Debug\Read_gyroscope1.1.a(Down.o)
 .debug_line    0x0000334c       0xbd .\CortexM0\ARM_GCC_541\Debug\Read_gyroscope1.1.a(Right.o)
 .debug_line    0x00003409       0x68 .\CortexM0\ARM_GCC_541\Debug\Read_gyroscope1.1.a(CyBootAsmGnu.o)
 .debug_line    0x00003471      0x11a .\CortexM0\ARM_GCC_541\Debug\Read_gyroscope1.1.a(UART_SPI_UART.o)
 .debug_line    0x0000358b      0x174 .\CortexM0\ARM_GCC_541\Debug\Read_gyroscope1.1.a(I2C_MPU6050_I2C_INT.o)

.debug_frame    0x00000000     0x3da0
 *(.debug_frame)
 .debug_frame   0x00000000       0x74 .\CortexM0\ARM_GCC_541\Debug\main.o
 .debug_frame   0x00000074      0x248 .\CortexM0\ARM_GCC_541\Debug\i2cFunctions.o
 .debug_frame   0x000002bc     0x1cc0 .\CortexM0\ARM_GCC_541\Debug\mpu6050.o
 .debug_frame   0x00001f7c       0xb8 .\CortexM0\ARM_GCC_541\Debug\cyfitter_cfg.o
 .debug_frame   0x00002034       0xbc .\CortexM0\ARM_GCC_541\Debug\Cm0Start.o
 .debug_frame   0x000020f0       0xd8 .\CortexM0\ARM_GCC_541\Debug\Read_gyroscope1.1.a(UART.o)
 .debug_frame   0x000021c8      0x144 .\CortexM0\ARM_GCC_541\Debug\Read_gyroscope1.1.a(UART_UART.o)
 .debug_frame   0x0000230c      0x4a4 .\CortexM0\ARM_GCC_541\Debug\Read_gyroscope1.1.a(CyLib.o)
 .debug_frame   0x000027b0      0x4a8 .\CortexM0\ARM_GCC_541\Debug\Read_gyroscope1.1.a(CyLFClk.o)
 .debug_frame   0x00002c58       0x58 .\CortexM0\ARM_GCC_541\Debug\Read_gyroscope1.1.a(I2C_MPU6050_I2C.o)
 .debug_frame   0x00002cb0      0x160 .\CortexM0\ARM_GCC_541\Debug\Read_gyroscope1.1.a(I2C_MPU6050_I2C_MASTER.o)
 .debug_frame   0x00002e10       0x70 .\CortexM0\ARM_GCC_541\Debug\Read_gyroscope1.1.a(Up.o)
 .debug_frame   0x00002e80       0x70 .\CortexM0\ARM_GCC_541\Debug\Read_gyroscope1.1.a(Down.o)
 .debug_frame   0x00002ef0       0x70 .\CortexM0\ARM_GCC_541\Debug\Read_gyroscope1.1.a(Right.o)
 .debug_frame   0x00002f60       0xb0 .\CortexM0\ARM_GCC_541\Debug\Read_gyroscope1.1.a(UART_SPI_UART.o)
 .debug_frame   0x00003010       0x2c .\CortexM0\ARM_GCC_541\Debug\Read_gyroscope1.1.a(I2C_MPU6050_I2C_INT.o)
 .debug_frame   0x0000303c       0x38 c:/program files (x86)/cypress/psoc creator/4.4/psoc creator/import/gnu/arm/5.4.1/bin/../lib/gcc/arm-none-eabi/5.4.1/../../../../arm-none-eabi/lib/armv6-m\libm.a(lib_a-w_sqrt.o)
 .debug_frame   0x00003074       0x28 c:/program files (x86)/cypress/psoc creator/4.4/psoc creator/import/gnu/arm/5.4.1/bin/../lib/gcc/arm-none-eabi/5.4.1/../../../../arm-none-eabi/lib/armv6-m\libm.a(lib_a-wf_atan2.o)
 .debug_frame   0x0000309c       0x3c c:/program files (x86)/cypress/psoc creator/4.4/psoc creator/import/gnu/arm/5.4.1/bin/../lib/gcc/arm-none-eabi/5.4.1/../../../../arm-none-eabi/lib/armv6-m\libm.a(lib_a-e_sqrt.o)
 .debug_frame   0x000030d8       0x34 c:/program files (x86)/cypress/psoc creator/4.4/psoc creator/import/gnu/arm/5.4.1/bin/../lib/gcc/arm-none-eabi/5.4.1/../../../../arm-none-eabi/lib/armv6-m\libm.a(lib_a-ef_atan2.o)
 .debug_frame   0x0000310c       0x20 c:/program files (x86)/cypress/psoc creator/4.4/psoc creator/import/gnu/arm/5.4.1/bin/../lib/gcc/arm-none-eabi/5.4.1/../../../../arm-none-eabi/lib/armv6-m\libm.a(lib_a-s_matherr.o)
 .debug_frame   0x0000312c       0x34 c:/program files (x86)/cypress/psoc creator/4.4/psoc creator/import/gnu/arm/5.4.1/bin/../lib/gcc/arm-none-eabi/5.4.1/../../../../arm-none-eabi/lib/armv6-m\libm.a(lib_a-sf_atan.o)
 .debug_frame   0x00003160       0x20 c:/program files (x86)/cypress/psoc creator/4.4/psoc creator/import/gnu/arm/5.4.1/bin/../lib/gcc/arm-none-eabi/5.4.1/../../../../arm-none-eabi/lib/armv6-m\libm.a(lib_a-sf_fabs.o)
 .debug_frame   0x00003180       0x20 c:/program files (x86)/cypress/psoc creator/4.4/psoc creator/import/gnu/arm/5.4.1/bin/../lib/gcc/arm-none-eabi/5.4.1/armv6-m\libgcc.a(_udivsi3.o)
 .debug_frame   0x000031a0       0x20 c:/program files (x86)/cypress/psoc creator/4.4/psoc creator/import/gnu/arm/5.4.1/bin/../lib/gcc/arm-none-eabi/5.4.1/armv6-m\libgcc.a(_divsi3.o)
 .debug_frame   0x000031c0       0x30 c:/program files (x86)/cypress/psoc creator/4.4/psoc creator/import/gnu/arm/5.4.1/bin/../lib/gcc/arm-none-eabi/5.4.1/armv6-m\libgcc.a(addsf3.o)
 .debug_frame   0x000031f0       0x3c c:/program files (x86)/cypress/psoc creator/4.4/psoc creator/import/gnu/arm/5.4.1/bin/../lib/gcc/arm-none-eabi/5.4.1/armv6-m\libgcc.a(divsf3.o)
 .debug_frame   0x0000322c       0x2c c:/program files (x86)/cypress/psoc creator/4.4/psoc creator/import/gnu/arm/5.4.1/bin/../lib/gcc/arm-none-eabi/5.4.1/armv6-m\libgcc.a(eqsf2.o)
 .debug_frame   0x00003258       0x30 c:/program files (x86)/cypress/psoc creator/4.4/psoc creator/import/gnu/arm/5.4.1/bin/../lib/gcc/arm-none-eabi/5.4.1/armv6-m\libgcc.a(gesf2.o)
 .debug_frame   0x00003288       0x30 c:/program files (x86)/cypress/psoc creator/4.4/psoc creator/import/gnu/arm/5.4.1/bin/../lib/gcc/arm-none-eabi/5.4.1/armv6-m\libgcc.a(lesf2.o)
 .debug_frame   0x000032b8       0x38 c:/program files (x86)/cypress/psoc creator/4.4/psoc creator/import/gnu/arm/5.4.1/bin/../lib/gcc/arm-none-eabi/5.4.1/armv6-m\libgcc.a(mulsf3.o)
 .debug_frame   0x000032f0       0x30 c:/program files (x86)/cypress/psoc creator/4.4/psoc creator/import/gnu/arm/5.4.1/bin/../lib/gcc/arm-none-eabi/5.4.1/armv6-m\libgcc.a(subsf3.o)
 .debug_frame   0x00003320       0x20 c:/program files (x86)/cypress/psoc creator/4.4/psoc creator/import/gnu/arm/5.4.1/bin/../lib/gcc/arm-none-eabi/5.4.1/armv6-m\libgcc.a(fixsfsi.o)
 .debug_frame   0x00003340       0x2c c:/program files (x86)/cypress/psoc creator/4.4/psoc creator/import/gnu/arm/5.4.1/bin/../lib/gcc/arm-none-eabi/5.4.1/armv6-m\libgcc.a(floatsisf.o)
 .debug_frame   0x0000336c       0x3c c:/program files (x86)/cypress/psoc creator/4.4/psoc creator/import/gnu/arm/5.4.1/bin/../lib/gcc/arm-none-eabi/5.4.1/armv6-m\libgcc.a(adddf3.o)
 .debug_frame   0x000033a8       0x3c c:/program files (x86)/cypress/psoc creator/4.4/psoc creator/import/gnu/arm/5.4.1/bin/../lib/gcc/arm-none-eabi/5.4.1/armv6-m\libgcc.a(divdf3.o)
 .debug_frame   0x000033e4       0x38 c:/program files (x86)/cypress/psoc creator/4.4/psoc creator/import/gnu/arm/5.4.1/bin/../lib/gcc/arm-none-eabi/5.4.1/armv6-m\libgcc.a(eqdf2.o)
 .debug_frame   0x0000341c       0x38 c:/program files (x86)/cypress/psoc creator/4.4/psoc creator/import/gnu/arm/5.4.1/bin/../lib/gcc/arm-none-eabi/5.4.1/armv6-m\libgcc.a(gedf2.o)
 .debug_frame   0x00003454       0x38 c:/program files (x86)/cypress/psoc creator/4.4/psoc creator/import/gnu/arm/5.4.1/bin/../lib/gcc/arm-none-eabi/5.4.1/armv6-m\libgcc.a(ledf2.o)
 .debug_frame   0x0000348c       0x3c c:/program files (x86)/cypress/psoc creator/4.4/psoc creator/import/gnu/arm/5.4.1/bin/../lib/gcc/arm-none-eabi/5.4.1/armv6-m\libgcc.a(muldf3.o)
 .debug_frame   0x000034c8       0x38 c:/program files (x86)/cypress/psoc creator/4.4/psoc creator/import/gnu/arm/5.4.1/bin/../lib/gcc/arm-none-eabi/5.4.1/armv6-m\libgcc.a(subdf3.o)
 .debug_frame   0x00003500       0x2c c:/program files (x86)/cypress/psoc creator/4.4/psoc creator/import/gnu/arm/5.4.1/bin/../lib/gcc/arm-none-eabi/5.4.1/armv6-m\libgcc.a(unorddf2.o)
 .debug_frame   0x0000352c       0x2c c:/program files (x86)/cypress/psoc creator/4.4/psoc creator/import/gnu/arm/5.4.1/bin/../lib/gcc/arm-none-eabi/5.4.1/armv6-m\libgcc.a(extendsfdf2.o)
 .debug_frame   0x00003558       0x2c c:/program files (x86)/cypress/psoc creator/4.4/psoc creator/import/gnu/arm/5.4.1/bin/../lib/gcc/arm-none-eabi/5.4.1/armv6-m\libgcc.a(truncdfsf2.o)
 .debug_frame   0x00003584       0x20 c:/program files (x86)/cypress/psoc creator/4.4/psoc creator/import/gnu/arm/5.4.1/bin/../lib/gcc/arm-none-eabi/5.4.1/../../../../arm-none-eabi/lib/armv6-m\libg_nano.a(lib_a-errno.o)
 .debug_frame   0x000035a4       0x28 c:/program files (x86)/cypress/psoc creator/4.4/psoc creator/import/gnu/arm/5.4.1/bin/../lib/gcc/arm-none-eabi/5.4.1/../../../../arm-none-eabi/lib/armv6-m\libg_nano.a(lib_a-exit.o)
 .debug_frame   0x000035cc       0x2c c:/program files (x86)/cypress/psoc creator/4.4/psoc creator/import/gnu/arm/5.4.1/bin/../lib/gcc/arm-none-eabi/5.4.1/../../../../arm-none-eabi/lib/armv6-m\libg_nano.a(lib_a-init.o)
 .debug_frame   0x000035f8       0x20 c:/program files (x86)/cypress/psoc creator/4.4/psoc creator/import/gnu/arm/5.4.1/bin/../lib/gcc/arm-none-eabi/5.4.1/../../../../arm-none-eabi/lib/armv6-m\libg_nano.a(lib_a-memset.o)
 .debug_frame   0x00003618       0x74 c:/program files (x86)/cypress/psoc creator/4.4/psoc creator/import/gnu/arm/5.4.1/bin/../lib/gcc/arm-none-eabi/5.4.1/../../../../arm-none-eabi/lib/armv6-m\libg_nano.a(lib_a-nano-vfprintf_float.o)
 .debug_frame   0x0000368c       0x54 c:/program files (x86)/cypress/psoc creator/4.4/psoc creator/import/gnu/arm/5.4.1/bin/../lib/gcc/arm-none-eabi/5.4.1/../../../../arm-none-eabi/lib/armv6-m\libg_nano.a(lib_a-nano-vfprintf_i.o)
 .debug_frame   0x000036e0       0x50 c:/program files (x86)/cypress/psoc creator/4.4/psoc creator/import/gnu/arm/5.4.1/bin/../lib/gcc/arm-none-eabi/5.4.1/../../../../arm-none-eabi/lib/armv6-m\libg_nano.a(lib_a-sprintf.o)
 .debug_frame   0x00003730       0x54 c:/program files (x86)/cypress/psoc creator/4.4/psoc creator/import/gnu/arm/5.4.1/bin/../lib/gcc/arm-none-eabi/5.4.1/../../../../arm-none-eabi/lib/armv6-m\libg_nano.a(lib_a-dtoa.o)
 .debug_frame   0x00003784       0xa4 c:/program files (x86)/cypress/psoc creator/4.4/psoc creator/import/gnu/arm/5.4.1/bin/../lib/gcc/arm-none-eabi/5.4.1/../../../../arm-none-eabi/lib/armv6-m\libg_nano.a(lib_a-locale.o)
 .debug_frame   0x00003828       0x40 c:/program files (x86)/cypress/psoc creator/4.4/psoc creator/import/gnu/arm/5.4.1/bin/../lib/gcc/arm-none-eabi/5.4.1/../../../../arm-none-eabi/lib/armv6-m\libg_nano.a(lib_a-malloc.o)
 .debug_frame   0x00003868       0x20 c:/program files (x86)/cypress/psoc creator/4.4/psoc creator/import/gnu/arm/5.4.1/bin/../lib/gcc/arm-none-eabi/5.4.1/../../../../arm-none-eabi/lib/armv6-m\libg_nano.a(lib_a-memchr-stub.o)
 .debug_frame   0x00003888       0x28 c:/program files (x86)/cypress/psoc creator/4.4/psoc creator/import/gnu/arm/5.4.1/bin/../lib/gcc/arm-none-eabi/5.4.1/../../../../arm-none-eabi/lib/armv6-m\libg_nano.a(lib_a-memcpy-stub.o)
 .debug_frame   0x000038b0      0x238 c:/program files (x86)/cypress/psoc creator/4.4/psoc creator/import/gnu/arm/5.4.1/bin/../lib/gcc/arm-none-eabi/5.4.1/../../../../arm-none-eabi/lib/armv6-m\libg_nano.a(lib_a-mprec.o)
 .debug_frame   0x00003ae8       0x2c c:/program files (x86)/cypress/psoc creator/4.4/psoc creator/import/gnu/arm/5.4.1/bin/../lib/gcc/arm-none-eabi/5.4.1/../../../../arm-none-eabi/lib/armv6-m\libg_nano.a(lib_a-nano-callocr.o)
 .debug_frame   0x00003b14       0x2c c:/program files (x86)/cypress/psoc creator/4.4/psoc creator/import/gnu/arm/5.4.1/bin/../lib/gcc/arm-none-eabi/5.4.1/../../../../arm-none-eabi/lib/armv6-m\libg_nano.a(lib_a-nano-freer.o)
 .debug_frame   0x00003b40       0x2c c:/program files (x86)/cypress/psoc creator/4.4/psoc creator/import/gnu/arm/5.4.1/bin/../lib/gcc/arm-none-eabi/5.4.1/../../../../arm-none-eabi/lib/armv6-m\libg_nano.a(lib_a-nano-mallocr.o)
 .debug_frame   0x00003b6c       0x74 c:/program files (x86)/cypress/psoc creator/4.4/psoc creator/import/gnu/arm/5.4.1/bin/../lib/gcc/arm-none-eabi/5.4.1/../../../../arm-none-eabi/lib/armv6-m\libg_nano.a(lib_a-nano-svfprintf.o)
 .debug_frame   0x00003be0       0x2c c:/program files (x86)/cypress/psoc creator/4.4/psoc creator/import/gnu/arm/5.4.1/bin/../lib/gcc/arm-none-eabi/5.4.1/../../../../arm-none-eabi/lib/armv6-m\libg_nano.a(lib_a-sbrkr.o)
 .debug_frame   0x00003c0c       0x20 c:/program files (x86)/cypress/psoc creator/4.4/psoc creator/import/gnu/arm/5.4.1/bin/../lib/gcc/arm-none-eabi/5.4.1/../../../../arm-none-eabi/lib/armv6-m\libg_nano.a(lib_a-strcmp.o)
 .debug_frame   0x00003c2c       0x28 c:/program files (x86)/cypress/psoc creator/4.4/psoc creator/import/gnu/arm/5.4.1/bin/../lib/gcc/arm-none-eabi/5.4.1/../../../../arm-none-eabi/lib/armv6-m\libg_nano.a(lib_a-memmove.o)
 .debug_frame   0x00003c54       0x30 c:/program files (x86)/cypress/psoc creator/4.4/psoc creator/import/gnu/arm/5.4.1/bin/../lib/gcc/arm-none-eabi/5.4.1/../../../../arm-none-eabi/lib/armv6-m\libg_nano.a(lib_a-mlock.o)
 .debug_frame   0x00003c84       0x30 c:/program files (x86)/cypress/psoc creator/4.4/psoc creator/import/gnu/arm/5.4.1/bin/../lib/gcc/arm-none-eabi/5.4.1/../../../../arm-none-eabi/lib/armv6-m\libg_nano.a(lib_a-nano-reallocr.o)
 .debug_frame   0x00003cb4       0x48 c:/program files (x86)/cypress/psoc creator/4.4/psoc creator/import/gnu/arm/5.4.1/bin/../lib/gcc/arm-none-eabi/5.4.1/../../../../arm-none-eabi/lib/armv6-m\libg_nano.a(lib_a-reent.o)
 .debug_frame   0x00003cfc       0x20 c:/program files (x86)/cypress/psoc creator/4.4/psoc creator/import/gnu/arm/5.4.1/bin/../lib/gcc/arm-none-eabi/5.4.1/../../../../arm-none-eabi/lib/armv6-m\libg_nano.a(lib_a-nano-msizer.o)
 .debug_frame   0x00003d1c       0x2c c:/program files (x86)/cypress/psoc creator/4.4/psoc creator/import/gnu/arm/5.4.1/bin/../lib/gcc/arm-none-eabi/5.4.1/armv6-m\libgcc.a(fixdfsi.o)
 .debug_frame   0x00003d48       0x2c c:/program files (x86)/cypress/psoc creator/4.4/psoc creator/import/gnu/arm/5.4.1/bin/../lib/gcc/arm-none-eabi/5.4.1/armv6-m\libgcc.a(floatsidf.o)
 .debug_frame   0x00003d74       0x2c c:/program files (x86)/cypress/psoc creator/4.4/psoc creator/import/gnu/arm/5.4.1/bin/../lib/gcc/arm-none-eabi/5.4.1/armv6-m\libgcc.a(floatunsidf.o)

.debug_str      0x00000000     0x436e
 *(.debug_str)
 .debug_str     0x00000000      0xc2e .\CortexM0\ARM_GCC_541\Debug\main.o
                                0xc7e (size before relaxing)
 .debug_str     0x00000c2e      0x2d4 .\CortexM0\ARM_GCC_541\Debug\i2cFunctions.o
                                0xe40 (size before relaxing)
 .debug_str     0x00000f02     0x1cba .\CortexM0\ARM_GCC_541\Debug\mpu6050.o
                               0x1ef4 (size before relaxing)
 .debug_str     0x00002bbc      0x176 .\CortexM0\ARM_GCC_541\Debug\cyfitter_cfg.o
                                0x34a (size before relaxing)
 .debug_str     0x00002d32       0x59 .\CortexM0\ARM_GCC_541\Debug\cymetadata.o
                                0x1c3 (size before relaxing)
 .debug_str     0x00002d8b      0x135 .\CortexM0\ARM_GCC_541\Debug\Cm0Start.o
                                0x2fc (size before relaxing)
 .debug_str     0x00002ec0       0xdb .\CortexM0\ARM_GCC_541\Debug\Read_gyroscope1.1.a(UART.o)
                                0x292 (size before relaxing)
 .debug_str     0x00002f9b      0x1d8 .\CortexM0\ARM_GCC_541\Debug\Read_gyroscope1.1.a(UART_UART.o)
                                0x3c3 (size before relaxing)
 .debug_str     0x00003173      0x59a .\CortexM0\ARM_GCC_541\Debug\Read_gyroscope1.1.a(CyLib.o)
                                0x7f3 (size before relaxing)
 .debug_str     0x0000370d      0x6d8 .\CortexM0\ARM_GCC_541\Debug\Read_gyroscope1.1.a(CyLFClk.o)
                                0x933 (size before relaxing)
 .debug_str     0x00003de5       0xa4 .\CortexM0\ARM_GCC_541\Debug\Read_gyroscope1.1.a(I2C_MPU6050_I2C.o)
                                0x27d (size before relaxing)
 .debug_str     0x00003e89      0x237 .\CortexM0\ARM_GCC_541\Debug\Read_gyroscope1.1.a(I2C_MPU6050_I2C_MASTER.o)
                                0x4f6 (size before relaxing)
 .debug_str     0x000040c0       0x84 .\CortexM0\ARM_GCC_541\Debug\Read_gyroscope1.1.a(Up.o)
                                0x21c (size before relaxing)
 .debug_str     0x00004144       0x75 .\CortexM0\ARM_GCC_541\Debug\Read_gyroscope1.1.a(Down.o)
                                0x22a (size before relaxing)
 .debug_str     0x000041b9       0x7b .\CortexM0\ARM_GCC_541\Debug\Read_gyroscope1.1.a(Right.o)
                                0x231 (size before relaxing)
 .debug_str     0x00004234       0xe3 .\CortexM0\ARM_GCC_541\Debug\Read_gyroscope1.1.a(UART_SPI_UART.o)
                                0x2c9 (size before relaxing)
 .debug_str     0x00004317       0x57 .\CortexM0\ARM_GCC_541\Debug\Read_gyroscope1.1.a(I2C_MPU6050_I2C_INT.o)
                                0x31d (size before relaxing)

.debug_loc      0x00000000     0x4472
 *(.debug_loc)
 .debug_loc     0x00000000      0x6cd .\CortexM0\ARM_GCC_541\Debug\i2cFunctions.o
 .debug_loc     0x000006cd     0x1678 .\CortexM0\ARM_GCC_541\Debug\mpu6050.o
 .debug_loc     0x00001d45      0x136 .\CortexM0\ARM_GCC_541\Debug\cyfitter_cfg.o
 .debug_loc     0x00001e7b      0x14f .\CortexM0\ARM_GCC_541\Debug\Cm0Start.o
 .debug_loc     0x00001fca       0x7e .\CortexM0\ARM_GCC_541\Debug\Read_gyroscope1.1.a(UART.o)
 .debug_loc     0x00002048      0x223 .\CortexM0\ARM_GCC_541\Debug\Read_gyroscope1.1.a(UART_UART.o)
 .debug_loc     0x0000226b      0x818 .\CortexM0\ARM_GCC_541\Debug\Read_gyroscope1.1.a(CyLib.o)
 .debug_loc     0x00002a83      0xdaa .\CortexM0\ARM_GCC_541\Debug\Read_gyroscope1.1.a(CyLFClk.o)
 .debug_loc     0x0000382d      0x8bd .\CortexM0\ARM_GCC_541\Debug\Read_gyroscope1.1.a(I2C_MPU6050_I2C_MASTER.o)
 .debug_loc     0x000040ea       0xa2 .\CortexM0\ARM_GCC_541\Debug\Read_gyroscope1.1.a(Up.o)
 .debug_loc     0x0000418c       0xa2 .\CortexM0\ARM_GCC_541\Debug\Read_gyroscope1.1.a(Down.o)
 .debug_loc     0x0000422e       0xa2 .\CortexM0\ARM_GCC_541\Debug\Read_gyroscope1.1.a(Right.o)
 .debug_loc     0x000042d0       0x96 .\CortexM0\ARM_GCC_541\Debug\Read_gyroscope1.1.a(UART_SPI_UART.o)
 .debug_loc     0x00004366      0x10c .\CortexM0\ARM_GCC_541\Debug\Read_gyroscope1.1.a(I2C_MPU6050_I2C_INT.o)

.debug_macinfo
 *(.debug_macinfo)

.debug_ranges   0x00000000      0xef0
 *(.debug_ranges)
 .debug_ranges  0x00000000       0x18 .\CortexM0\ARM_GCC_541\Debug\main.o
 .debug_ranges  0x00000018       0xa0 .\CortexM0\ARM_GCC_541\Debug\i2cFunctions.o
 .debug_ranges  0x000000b8      0x828 .\CortexM0\ARM_GCC_541\Debug\mpu6050.o
 .debug_ranges  0x000008e0       0x38 .\CortexM0\ARM_GCC_541\Debug\cyfitter_cfg.o
 .debug_ranges  0x00000918       0x38 .\CortexM0\ARM_GCC_541\Debug\Cm0Start.o
 .debug_ranges  0x00000950       0x48 .\CortexM0\ARM_GCC_541\Debug\Read_gyroscope1.1.a(UART.o)
 .debug_ranges  0x00000998       0x80 .\CortexM0\ARM_GCC_541\Debug\Read_gyroscope1.1.a(UART_UART.o)
 .debug_ranges  0x00000a18      0x1c0 .\CortexM0\ARM_GCC_541\Debug\Read_gyroscope1.1.a(CyLib.o)
 .debug_ranges  0x00000bd8      0x178 .\CortexM0\ARM_GCC_541\Debug\Read_gyroscope1.1.a(CyLFClk.o)
 .debug_ranges  0x00000d50       0x20 .\CortexM0\ARM_GCC_541\Debug\Read_gyroscope1.1.a(I2C_MPU6050_I2C.o)
 .debug_ranges  0x00000d70       0x78 .\CortexM0\ARM_GCC_541\Debug\Read_gyroscope1.1.a(I2C_MPU6050_I2C_MASTER.o)
 .debug_ranges  0x00000de8       0x38 .\CortexM0\ARM_GCC_541\Debug\Read_gyroscope1.1.a(Up.o)
 .debug_ranges  0x00000e20       0x38 .\CortexM0\ARM_GCC_541\Debug\Read_gyroscope1.1.a(Down.o)
 .debug_ranges  0x00000e58       0x38 .\CortexM0\ARM_GCC_541\Debug\Read_gyroscope1.1.a(Right.o)
 .debug_ranges  0x00000e90       0x50 .\CortexM0\ARM_GCC_541\Debug\Read_gyroscope1.1.a(UART_SPI_UART.o)
 .debug_ranges  0x00000ee0       0x10 .\CortexM0\ARM_GCC_541\Debug\Read_gyroscope1.1.a(I2C_MPU6050_I2C_INT.o)

.comment        0x00000000       0x6e
 .comment       0x00000000       0x6e .\CortexM0\ARM_GCC_541\Debug\main.o
                                 0x6f (size before relaxing)
 .comment       0x0000006e       0x6f .\CortexM0\ARM_GCC_541\Debug\i2cFunctions.o
 .comment       0x0000006e       0x6f .\CortexM0\ARM_GCC_541\Debug\mpu6050.o
 .comment       0x0000006e       0x6f .\CortexM0\ARM_GCC_541\Debug\cyfitter_cfg.o
 .comment       0x0000006e       0x6f .\CortexM0\ARM_GCC_541\Debug\cymetadata.o
 .comment       0x0000006e       0x6f .\CortexM0\ARM_GCC_541\Debug\Cm0Start.o
 .comment       0x0000006e       0x6f .\CortexM0\ARM_GCC_541\Debug\Read_gyroscope1.1.a(UART.o)
 .comment       0x0000006e       0x6f .\CortexM0\ARM_GCC_541\Debug\Read_gyroscope1.1.a(UART_UART.o)
 .comment       0x0000006e       0x6f .\CortexM0\ARM_GCC_541\Debug\Read_gyroscope1.1.a(CyLib.o)
 .comment       0x0000006e       0x6f .\CortexM0\ARM_GCC_541\Debug\Read_gyroscope1.1.a(CyLFClk.o)
 .comment       0x0000006e       0x6f .\CortexM0\ARM_GCC_541\Debug\Read_gyroscope1.1.a(I2C_MPU6050_I2C.o)
 .comment       0x0000006e       0x6f .\CortexM0\ARM_GCC_541\Debug\Read_gyroscope1.1.a(I2C_MPU6050_I2C_MASTER.o)
 .comment       0x0000006e       0x6f .\CortexM0\ARM_GCC_541\Debug\Read_gyroscope1.1.a(Up.o)
 .comment       0x0000006e       0x6f .\CortexM0\ARM_GCC_541\Debug\Read_gyroscope1.1.a(Down.o)
 .comment       0x0000006e       0x6f .\CortexM0\ARM_GCC_541\Debug\Read_gyroscope1.1.a(Right.o)
 .comment       0x0000006e       0x6f .\CortexM0\ARM_GCC_541\Debug\Read_gyroscope1.1.a(UART_SPI_UART.o)
 .comment       0x0000006e       0x6f .\CortexM0\ARM_GCC_541\Debug\Read_gyroscope1.1.a(I2C_MPU6050_I2C_INT.o)

.debug_weaknames
 *(.debug_weaknames)

.debug_funcnames
 *(.debug_funcnames)

.debug_typenames
 *(.debug_typenames)

.debug_varnames
 *(.debug_varnames)

.note.gnu.arm.ident
 *(.note.gnu.arm.ident)

.ARM.attributes
                0x00000000       0x28
 *(.ARM.attributes)
 .ARM.attributes
                0x00000000       0x1e c:/program files (x86)/cypress/psoc creator/4.4/psoc creator/import/gnu/arm/5.4.1/bin/../lib/gcc/arm-none-eabi/5.4.1/armv6-m/crti.o
 .ARM.attributes
                0x0000001e       0x2c c:/program files (x86)/cypress/psoc creator/4.4/psoc creator/import/gnu/arm/5.4.1/bin/../lib/gcc/arm-none-eabi/5.4.1/armv6-m/crtbegin.o
 .ARM.attributes
                0x0000004a       0x1b c:/program files (x86)/cypress/psoc creator/4.4/psoc creator/import/gnu/arm/5.4.1/bin/../lib/gcc/arm-none-eabi/5.4.1/../../../../arm-none-eabi/lib/armv6-m/crt0.o
 .ARM.attributes
                0x00000065       0x31 .\CortexM0\ARM_GCC_541\Debug\main.o
 .ARM.attributes
                0x00000096       0x31 .\CortexM0\ARM_GCC_541\Debug\i2cFunctions.o
 .ARM.attributes
                0x000000c7       0x31 .\CortexM0\ARM_GCC_541\Debug\mpu6050.o
 .ARM.attributes
                0x000000f8       0x31 .\CortexM0\ARM_GCC_541\Debug\cyfitter_cfg.o
 .ARM.attributes
                0x00000129       0x31 .\CortexM0\ARM_GCC_541\Debug\cymetadata.o
 .ARM.attributes
                0x0000015a       0x31 .\CortexM0\ARM_GCC_541\Debug\Cm0Start.o
 .ARM.attributes
                0x0000018b       0x31 .\CortexM0\ARM_GCC_541\Debug\Read_gyroscope1.1.a(UART.o)
 .ARM.attributes
                0x000001bc       0x31 .\CortexM0\ARM_GCC_541\Debug\Read_gyroscope1.1.a(UART_UART.o)
 .ARM.attributes
                0x000001ed       0x31 .\CortexM0\ARM_GCC_541\Debug\Read_gyroscope1.1.a(CyLib.o)
 .ARM.attributes
                0x0000021e       0x31 .\CortexM0\ARM_GCC_541\Debug\Read_gyroscope1.1.a(CyLFClk.o)
 .ARM.attributes
                0x0000024f       0x31 .\CortexM0\ARM_GCC_541\Debug\Read_gyroscope1.1.a(I2C_MPU6050_I2C.o)
 .ARM.attributes
                0x00000280       0x31 .\CortexM0\ARM_GCC_541\Debug\Read_gyroscope1.1.a(I2C_MPU6050_I2C_MASTER.o)
 .ARM.attributes
                0x000002b1       0x31 .\CortexM0\ARM_GCC_541\Debug\Read_gyroscope1.1.a(Up.o)
 .ARM.attributes
                0x000002e2       0x31 .\CortexM0\ARM_GCC_541\Debug\Read_gyroscope1.1.a(Down.o)
 .ARM.attributes
                0x00000313       0x31 .\CortexM0\ARM_GCC_541\Debug\Read_gyroscope1.1.a(Right.o)
 .ARM.attributes
                0x00000344       0x21 .\CortexM0\ARM_GCC_541\Debug\Read_gyroscope1.1.a(CyBootAsmGnu.o)
 .ARM.attributes
                0x00000365       0x31 .\CortexM0\ARM_GCC_541\Debug\Read_gyroscope1.1.a(UART_SPI_UART.o)
 .ARM.attributes
                0x00000396       0x31 .\CortexM0\ARM_GCC_541\Debug\Read_gyroscope1.1.a(I2C_MPU6050_I2C_INT.o)
 .ARM.attributes
                0x000003c7       0x2c c:/program files (x86)/cypress/psoc creator/4.4/psoc creator/import/gnu/arm/5.4.1/bin/../lib/gcc/arm-none-eabi/5.4.1/../../../../arm-none-eabi/lib/armv6-m\libm.a(lib_a-w_sqrt.o)
 .ARM.attributes
                0x000003f3       0x2c c:/program files (x86)/cypress/psoc creator/4.4/psoc creator/import/gnu/arm/5.4.1/bin/../lib/gcc/arm-none-eabi/5.4.1/../../../../arm-none-eabi/lib/armv6-m\libm.a(lib_a-wf_atan2.o)
 .ARM.attributes
                0x0000041f       0x2c c:/program files (x86)/cypress/psoc creator/4.4/psoc creator/import/gnu/arm/5.4.1/bin/../lib/gcc/arm-none-eabi/5.4.1/../../../../arm-none-eabi/lib/armv6-m\libm.a(lib_a-e_sqrt.o)
 .ARM.attributes
                0x0000044b       0x2c c:/program files (x86)/cypress/psoc creator/4.4/psoc creator/import/gnu/arm/5.4.1/bin/../lib/gcc/arm-none-eabi/5.4.1/../../../../arm-none-eabi/lib/armv6-m\libm.a(lib_a-ef_atan2.o)
 .ARM.attributes
                0x00000477       0x2c c:/program files (x86)/cypress/psoc creator/4.4/psoc creator/import/gnu/arm/5.4.1/bin/../lib/gcc/arm-none-eabi/5.4.1/../../../../arm-none-eabi/lib/armv6-m\libm.a(lib_a-s_lib_ver.o)
 .ARM.attributes
                0x000004a3       0x2c c:/program files (x86)/cypress/psoc creator/4.4/psoc creator/import/gnu/arm/5.4.1/bin/../lib/gcc/arm-none-eabi/5.4.1/../../../../arm-none-eabi/lib/armv6-m\libm.a(lib_a-s_matherr.o)
 .ARM.attributes
                0x000004cf       0x2c c:/program files (x86)/cypress/psoc creator/4.4/psoc creator/import/gnu/arm/5.4.1/bin/../lib/gcc/arm-none-eabi/5.4.1/../../../../arm-none-eabi/lib/armv6-m\libm.a(lib_a-sf_atan.o)
 .ARM.attributes
                0x000004fb       0x2c c:/program files (x86)/cypress/psoc creator/4.4/psoc creator/import/gnu/arm/5.4.1/bin/../lib/gcc/arm-none-eabi/5.4.1/../../../../arm-none-eabi/lib/armv6-m\libm.a(lib_a-sf_fabs.o)
 .ARM.attributes
                0x00000527       0x1e c:/program files (x86)/cypress/psoc creator/4.4/psoc creator/import/gnu/arm/5.4.1/bin/../lib/gcc/arm-none-eabi/5.4.1/armv6-m\libgcc.a(_udivsi3.o)
 .ARM.attributes
                0x00000545       0x1e c:/program files (x86)/cypress/psoc creator/4.4/psoc creator/import/gnu/arm/5.4.1/bin/../lib/gcc/arm-none-eabi/5.4.1/armv6-m\libgcc.a(_divsi3.o)
 .ARM.attributes
                0x00000563       0x1e c:/program files (x86)/cypress/psoc creator/4.4/psoc creator/import/gnu/arm/5.4.1/bin/../lib/gcc/arm-none-eabi/5.4.1/armv6-m\libgcc.a(_dvmd_tls.o)
 .ARM.attributes
                0x00000581       0x1e c:/program files (x86)/cypress/psoc creator/4.4/psoc creator/import/gnu/arm/5.4.1/bin/../lib/gcc/arm-none-eabi/5.4.1/armv6-m\libgcc.a(_arm_cmpdf2.o)
 .ARM.attributes
                0x0000059f       0x1e c:/program files (x86)/cypress/psoc creator/4.4/psoc creator/import/gnu/arm/5.4.1/bin/../lib/gcc/arm-none-eabi/5.4.1/armv6-m\libgcc.a(_arm_cmpsf2.o)
 .ARM.attributes
                0x000005bd       0x2c c:/program files (x86)/cypress/psoc creator/4.4/psoc creator/import/gnu/arm/5.4.1/bin/../lib/gcc/arm-none-eabi/5.4.1/armv6-m\libgcc.a(addsf3.o)
 .ARM.attributes
                0x000005e9       0x2c c:/program files (x86)/cypress/psoc creator/4.4/psoc creator/import/gnu/arm/5.4.1/bin/../lib/gcc/arm-none-eabi/5.4.1/armv6-m\libgcc.a(divsf3.o)
 .ARM.attributes
                0x00000615       0x2c c:/program files (x86)/cypress/psoc creator/4.4/psoc creator/import/gnu/arm/5.4.1/bin/../lib/gcc/arm-none-eabi/5.4.1/armv6-m\libgcc.a(eqsf2.o)
 .ARM.attributes
                0x00000641       0x2c c:/program files (x86)/cypress/psoc creator/4.4/psoc creator/import/gnu/arm/5.4.1/bin/../lib/gcc/arm-none-eabi/5.4.1/armv6-m\libgcc.a(gesf2.o)
 .ARM.attributes
                0x0000066d       0x2c c:/program files (x86)/cypress/psoc creator/4.4/psoc creator/import/gnu/arm/5.4.1/bin/../lib/gcc/arm-none-eabi/5.4.1/armv6-m\libgcc.a(lesf2.o)
 .ARM.attributes
                0x00000699       0x2c c:/program files (x86)/cypress/psoc creator/4.4/psoc creator/import/gnu/arm/5.4.1/bin/../lib/gcc/arm-none-eabi/5.4.1/armv6-m\libgcc.a(mulsf3.o)
 .ARM.attributes
                0x000006c5       0x2c c:/program files (x86)/cypress/psoc creator/4.4/psoc creator/import/gnu/arm/5.4.1/bin/../lib/gcc/arm-none-eabi/5.4.1/armv6-m\libgcc.a(subsf3.o)
 .ARM.attributes
                0x000006f1       0x2c c:/program files (x86)/cypress/psoc creator/4.4/psoc creator/import/gnu/arm/5.4.1/bin/../lib/gcc/arm-none-eabi/5.4.1/armv6-m\libgcc.a(fixsfsi.o)
 .ARM.attributes
                0x0000071d       0x2c c:/program files (x86)/cypress/psoc creator/4.4/psoc creator/import/gnu/arm/5.4.1/bin/../lib/gcc/arm-none-eabi/5.4.1/armv6-m\libgcc.a(floatsisf.o)
 .ARM.attributes
                0x00000749       0x2c c:/program files (x86)/cypress/psoc creator/4.4/psoc creator/import/gnu/arm/5.4.1/bin/../lib/gcc/arm-none-eabi/5.4.1/armv6-m\libgcc.a(adddf3.o)
 .ARM.attributes
                0x00000775       0x2c c:/program files (x86)/cypress/psoc creator/4.4/psoc creator/import/gnu/arm/5.4.1/bin/../lib/gcc/arm-none-eabi/5.4.1/armv6-m\libgcc.a(divdf3.o)
 .ARM.attributes
                0x000007a1       0x2c c:/program files (x86)/cypress/psoc creator/4.4/psoc creator/import/gnu/arm/5.4.1/bin/../lib/gcc/arm-none-eabi/5.4.1/armv6-m\libgcc.a(eqdf2.o)
 .ARM.attributes
                0x000007cd       0x2c c:/program files (x86)/cypress/psoc creator/4.4/psoc creator/import/gnu/arm/5.4.1/bin/../lib/gcc/arm-none-eabi/5.4.1/armv6-m\libgcc.a(gedf2.o)
 .ARM.attributes
                0x000007f9       0x2c c:/program files (x86)/cypress/psoc creator/4.4/psoc creator/import/gnu/arm/5.4.1/bin/../lib/gcc/arm-none-eabi/5.4.1/armv6-m\libgcc.a(ledf2.o)
 .ARM.attributes
                0x00000825       0x2c c:/program files (x86)/cypress/psoc creator/4.4/psoc creator/import/gnu/arm/5.4.1/bin/../lib/gcc/arm-none-eabi/5.4.1/armv6-m\libgcc.a(muldf3.o)
 .ARM.attributes
                0x00000851       0x2c c:/program files (x86)/cypress/psoc creator/4.4/psoc creator/import/gnu/arm/5.4.1/bin/../lib/gcc/arm-none-eabi/5.4.1/armv6-m\libgcc.a(subdf3.o)
 .ARM.attributes
                0x0000087d       0x2c c:/program files (x86)/cypress/psoc creator/4.4/psoc creator/import/gnu/arm/5.4.1/bin/../lib/gcc/arm-none-eabi/5.4.1/armv6-m\libgcc.a(unorddf2.o)
 .ARM.attributes
                0x000008a9       0x2c c:/program files (x86)/cypress/psoc creator/4.4/psoc creator/import/gnu/arm/5.4.1/bin/../lib/gcc/arm-none-eabi/5.4.1/armv6-m\libgcc.a(extendsfdf2.o)
 .ARM.attributes
                0x000008d5       0x2c c:/program files (x86)/cypress/psoc creator/4.4/psoc creator/import/gnu/arm/5.4.1/bin/../lib/gcc/arm-none-eabi/5.4.1/armv6-m\libgcc.a(truncdfsf2.o)
 .ARM.attributes