Archive member included to satisfy reference by file (symbol)

.\CortexM0\ARM_GCC_541\Debug\Read_gyroscope1.1.a(UART.o)
                              .\CortexM0\ARM_GCC_541\Debug\main.o (UART_Start)
.\CortexM0\ARM_GCC_541\Debug\Read_gyroscope1.1.a(UART_UART.o)
                              .\CortexM0\ARM_GCC_541\Debug\Read_gyroscope1.1.a(UART.o) (UART_UartInit)
.\CortexM0\ARM_GCC_541\Debug\Read_gyroscope1.1.a(CyLib.o)
                              .\CortexM0\ARM_GCC_541\Debug\i2cFunctions.o (CyIntEnable)
.\CortexM0\ARM_GCC_541\Debug\Read_gyroscope1.1.a(CyLFClk.o)
                              .\CortexM0\ARM_GCC_541\Debug\cyfitter_cfg.o (CySysClkWcoStart)
.\CortexM0\ARM_GCC_541\Debug\Read_gyroscope1.1.a(I2C_MPU6050_I2C.o)
                              .\CortexM0\ARM_GCC_541\Debug\i2cFunctions.o (I2C_MPU6050_I2CInit)
.\CortexM0\ARM_GCC_541\Debug\Read_gyroscope1.1.a(I2C_MPU6050_I2C_MASTER.o)
                              .\CortexM0\ARM_GCC_541\Debug\i2cFunctions.o (I2C_MPU6050_I2CMasterSendStart)
.\CortexM0\ARM_GCC_541\Debug\Read_gyroscope1.1.a(CyBootAsmGnu.o)
                              .\CortexM0\ARM_GCC_541\Debug\cyfitter_cfg.o (CyDelayCycles)
.\CortexM0\ARM_GCC_541\Debug\Read_gyroscope1.1.a(UART_SPI_UART.o)
                              .\CortexM0\ARM_GCC_541\Debug\Read_gyroscope1.1.a(UART_UART.o) (UART_SpiUartReadRxData)
.\CortexM0\ARM_GCC_541\Debug\Read_gyroscope1.1.a(I2C_MPU6050_I2C_INT.o)
                              .\CortexM0\ARM_GCC_541\Debug\Read_gyroscope1.1.a(I2C_MPU6050_I2C.o) (I2C_MPU6050_I2C_ISR)
c:/program files (x86)/cypress/psoc creator/4.4/psoc creator/import/gnu/arm/5.4.1/bin/../lib/gcc/arm-none-eabi/5.4.1/armv6-m\libgcc.a(_udivsi3.o)
                              .\CortexM0\ARM_GCC_541\Debug\Read_gyroscope1.1.a(CyLib.o) (__aeabi_uidiv)
c:/program files (x86)/cypress/psoc creator/4.4/psoc creator/import/gnu/arm/5.4.1/bin/../lib/gcc/arm-none-eabi/5.4.1/armv6-m\libgcc.a(_divsi3.o)
                              .\CortexM0\ARM_GCC_541\Debug\Read_gyroscope1.1.a(CyLFClk.o) (__aeabi_idiv)
c:/program files (x86)/cypress/psoc creator/4.4/psoc creator/import/gnu/arm/5.4.1/bin/../lib/gcc/arm-none-eabi/5.4.1/armv6-m\libgcc.a(_dvmd_tls.o)
                              c:/program files (x86)/cypress/psoc creator/4.4/psoc creator/import/gnu/arm/5.4.1/bin/../lib/gcc/arm-none-eabi/5.4.1/armv6-m\libgcc.a(_udivsi3.o) (__aeabi_idiv0)
c:/program files (x86)/cypress/psoc creator/4.4/psoc creator/import/gnu/arm/5.4.1/bin/../lib/gcc/arm-none-eabi/5.4.1/../../../../arm-none-eabi/lib/armv6-m\libg_nano.a(lib_a-errno.o)
                              .\CortexM0\ARM_GCC_541\Debug\Cm0Start.o (__errno)
c:/program files (x86)/cypress/psoc creator/4.4/psoc creator/import/gnu/arm/5.4.1/bin/../lib/gcc/arm-none-eabi/5.4.1/../../../../arm-none-eabi/lib/armv6-m\libg_nano.a(lib_a-exit.o)
                              c:/program files (x86)/cypress/psoc creator/4.4/psoc creator/import/gnu/arm/5.4.1/bin/../lib/gcc/arm-none-eabi/5.4.1/../../../../arm-none-eabi/lib/armv6-m/crt0.o (exit)
c:/program files (x86)/cypress/psoc creator/4.4/psoc creator/import/gnu/arm/5.4.1/bin/../lib/gcc/arm-none-eabi/5.4.1/../../../../arm-none-eabi/lib/armv6-m\libg_nano.a(lib_a-impure.o)
                              c:/program files (x86)/cypress/psoc creator/4.4/psoc creator/import/gnu/arm/5.4.1/bin/../lib/gcc/arm-none-eabi/5.4.1/../../../../arm-none-eabi/lib/armv6-m\libg_nano.a(lib_a-exit.o) (_global_impure_ptr)
c:/program files (x86)/cypress/psoc creator/4.4/psoc creator/import/gnu/arm/5.4.1/bin/../lib/gcc/arm-none-eabi/5.4.1/../../../../arm-none-eabi/lib/armv6-m\libg_nano.a(lib_a-init.o)
                              c:/program files (x86)/cypress/psoc creator/4.4/psoc creator/import/gnu/arm/5.4.1/bin/../lib/gcc/arm-none-eabi/5.4.1/../../../../arm-none-eabi/lib/armv6-m/crt0.o (__libc_init_array)
c:/program files (x86)/cypress/psoc creator/4.4/psoc creator/import/gnu/arm/5.4.1/bin/../lib/gcc/arm-none-eabi/5.4.1/../../../../arm-none-eabi/lib/armv6-m\libg_nano.a(lib_a-memset.o)
                              c:/program files (x86)/cypress/psoc creator/4.4/psoc creator/import/gnu/arm/5.4.1/bin/../lib/gcc/arm-none-eabi/5.4.1/../../../../arm-none-eabi/lib/armv6-m/crt0.o (memset)
c:/program files (x86)/cypress/psoc creator/4.4/psoc creator/import/gnu/arm/5.4.1/bin/../lib/gcc/arm-none-eabi/5.4.1/../../../../arm-none-eabi/lib/armv6-m\libg_nano.a(lib_a-sprintf.o)
                              .\CortexM0\ARM_GCC_541\Debug\main.o (sprintf)
c:/program files (x86)/cypress/psoc creator/4.4/psoc creator/import/gnu/arm/5.4.1/bin/../lib/gcc/arm-none-eabi/5.4.1/../../../../arm-none-eabi/lib/armv6-m\libg_nano.a(lib_a-nano-svfprintf.o)
                              c:/program files (x86)/cypress/psoc creator/4.4/psoc creator/import/gnu/arm/5.4.1/bin/../lib/gcc/arm-none-eabi/5.4.1/../../../../arm-none-eabi/lib/armv6-m\libg_nano.a(lib_a-sprintf.o) (_svfprintf_r)
[...]
Memory Configuration

Name             Origin             Length             Attributes
rom              0x00000000         0x00040000         xr
ram              0x20000000         0x00008000         xrw
*default*        0x00000000         0xffffffff

Linker script and memory map

LOAD c:/program files (x86)/cypress/psoc creator/4.4/psoc creator/import/gnu/arm/5.4.1/bin/../lib/gcc/arm-none-eabi/5.4.1/armv6-m/crti.o
LOAD c:/program files (x86)/cypress/psoc creator/4.4/psoc creator/import/gnu/arm/5.4.1/bin/../lib/gcc/arm-none-eabi/5.4.1/armv6-m/crtbegin.o
LOAD c:/program files (x86)/cypress/psoc creator/4.4/psoc creator/import/gnu/arm/5.4.1/bin/../lib/gcc/arm-none-eabi/5.4.1/../../../../arm-none-eabi/lib/armv6-m/crt0.o
START GROUP
LOAD .\CortexM0\ARM_GCC_541\Debug\main.o
LOAD .\CortexM0\ARM_GCC_541\Debug\i2cFunctions.o
LOAD .\CortexM0\ARM_GCC_541\Debug\mpu6050.o
LOAD .\CortexM0\ARM_GCC_541\Debug\cyfitter_cfg.o
LOAD .\CortexM0\ARM_GCC_541\Debug\cymetadata.o
LOAD .\CortexM0\ARM_GCC_541\Debug\Cm0Start.o
LOAD .\CortexM0\ARM_GCC_541\Debug\Read_gyroscope1.1.a
LOAD C:\Program Files (x86)\Cypress\PSoC Creator\4.4\PSoC Creator\psoc\content\CyComponentLibrary\CyComponentLibrary.cylib\BLE_v3_66\Library\gccCyBLEStack_BLE_SOC_CENTRAL.a
LOAD C:\Program Files (x86)\Cypress\PSoC Creator\4.4\PSoC Creator\psoc\content\CyComponentLibrary\CyComponentLibrary.cylib\CapSense_CSD_P4_v2_60\PSoC4\Library\CapsenseP4Library_GCC.a
END GROUP
START GROUP
LOAD c:/program files (x86)/cypress/psoc creator/4.4/psoc creator/import/gnu/arm/5.4.1/bin/../lib/gcc/arm-none-eabi/5.4.1/armv6-m\libgcc.a
LOAD c:/program files (x86)/cypress/psoc creator/4.4/psoc creator/import/gnu/arm/5.4.1/bin/../lib/gcc/arm-none-eabi/5.4.1/../../../../arm-none-eabi/lib/armv6-m\libg_nano.a
LOAD c:/program files (x86)/cypress/psoc creator/4.4/psoc creator/import/gnu/arm/5.4.1/bin/../lib/gcc/arm-none-eabi/5.4.1/../../../../arm-none-eabi/lib/armv6-m\libc_nano.a
END GROUP
START GROUP
LOAD c:/program files (x86)/cypress/psoc creator/4.4/psoc creator/import/gnu/arm/5.4.1/bin/../lib/gcc/arm-none-eabi/5.4.1/armv6-m\libgcc.a
LOAD c:/program files (x86)/cypress/psoc creator/4.4/psoc creator/import/gnu/arm/5.4.1/bin/../lib/gcc/arm-none-eabi/5.4.1/../../../../arm-none-eabi/lib/armv6-m\libc_nano.a
END GROUP
LOAD c:/program files (x86)/cypress/psoc creator/4.4/psoc creator/import/gnu/arm/5.4.1/bin/../lib/gcc/arm-none-eabi/5.4.1/armv6-m/crtend.o
LOAD c:/program files (x86)/cypress/psoc creator/4.4/psoc creator/import/gnu/arm/5.4.1/bin/../lib/gcc/arm-none-eabi/5.4.1/armv6-m/crtn.o
START GROUP
LOAD c:/program files (x86)/cypress/psoc creator/4.4/psoc creator/import/gnu/arm/5.4.1/bin/../lib/gcc/arm-none-eabi/5.4.1/armv6-m\libgcc.a
LOAD c:/program files (x86)/cypress/psoc creator/4.4/psoc creator/import/gnu/arm/5.4.1/bin/../lib/gcc/arm-none-eabi/5.4.1/../../../../arm-none-eabi/lib/armv6-m\libc.a
LOAD c:/program files (x86)/cypress/psoc creator/4.4/psoc creator/import/gnu/arm/5.4.1/bin/../lib/gcc/arm-none-eabi/5.4.1/../../../../arm-none-eabi/lib/armv6-m\libnosys.a
END GROUP
                0x00000000                CY_APPL_ORIGIN = 0x0
                0x00000100                CY_FLASH_ROW_SIZE = 0x100
                0x00000001                CY_APPL_NUM = 0x1
                0x00000001                CY_APPL_MAX = 0x1
                0x00000040                CY_METADATA_SIZE = 0x40
                0x00000000                CY_APPL_LOADABLE = 0x0
                0x00000000                CY_CHECKSUM_EXCLUDE_SIZE = ALIGN (0x0, CY_FLASH_ROW_SIZE)
                0x00000000                CY_APP_FOR_STACK_AND_COPIER = 0x0
                [!provide]                PROVIDE (__cy_heap_start, _end)
                0x00000001                PROVIDE (__cy_region_num, ((__cy_regions_end - __cy_regions) / 0x10))
                0x20008000                PROVIDE (__cy_stack, (ORIGIN (ram) + LENGTH (ram)))
                [!provide]                PROVIDE (__cy_heap_end, (__cy_stack - 0x800))

.cybootloader   0x00000000        0x0
 *(.cybootloader)
                0x00000000                appl1_start = CY_APPL_ORIGIN?CY_APPL_ORIGIN:ALIGN (CY_FLASH_ROW_SIZE)
                0x0001ff00                appl2_start = (appl1_start + ALIGN ((((LENGTH (rom) - appl1_start) - (0x2 * CY_FLASH_ROW_SIZE)) / 0x2), CY_FLASH_ROW_SIZE))
                0x00000000                appl_start = (CY_APPL_NUM == 0x1)?appl1_start:appl2_start
                0x00000001                cy_project_type_bootloader = (appl_start == 0x0)?0x1:0x0
                0x00000000                cy_project_type_app_for_stack_and_copier = (CY_APP_FOR_STACK_AND_COPIER == 0x1)?0x1:0x0

.text           0x00000000     0x2066
 CREATE_OBJECT_SYMBOLS
                0x00000000                PROVIDE (__cy_interrupt_vector, RomVectors)
 *(.romvectors)
 .romvectors    0x00000000       0x10 .\CortexM0\ARM_GCC_541\Debug\Cm0Start.o
                0x00000000                RomVectors
                0x00000001                ASSERT ((. != __cy_interrupt_vector), No interrupt vector)
                0x00000001                ASSERT (CY_APPL_ORIGIN?(SIZEOF (.cybootloader) <= CY_APPL_ORIGIN):0x1, Wrong image location)
                0x00000010                PROVIDE (__cy_reset, Reset)
 *(.text.Reset)
 .text.Reset    0x00000010        0x8 .\CortexM0\ARM_GCC_541\Debug\Cm0Start.o
                0x00000010                Reset
                0x00000001                ASSERT ((. != __cy_reset), No reset code)
 *(.psocinit)
 .psocinit      0x00000018      0x348 .\CortexM0\ARM_GCC_541\Debug\cyfitter_cfg.o
                0x00000198                cyfitter_cfg
                0x00000360                . = MAX (., 0x100)
 *(.text .text.* .gnu.linkonce.t.*)
 .text          0x00000360       0x60 c:/program files (x86)/cypress/psoc creator/4.4/psoc creator/import/gnu/arm/5.4.1/bin/../lib/gcc/arm-none-eabi/5.4.1/armv6-m/crtbegin.o
 .text.main     0x000003c0       0xb4 .\CortexM0\ARM_GCC_541\Debug\main.o
                0x000003c0                main
 .text.I2C_MPU6050_ScbEnableIntr
                0x00000474        0xc .\CortexM0\ARM_GCC_541\Debug\i2cFunctions.o
 .text.I2C_MPU6050_Init
                0x00000480        0x8 .\CortexM0\ARM_GCC_541\Debug\i2cFunctions.o
                0x00000480                I2C_MPU6050_Init
 .text.I2C_MPU6050_Enable
                0x00000488       0x18 .\CortexM0\ARM_GCC_541\Debug\i2cFunctions.o
                0x00000488                I2C_MPU6050_Enable
 .text.I2C_MPU6050_Start
                0x000004a0       0x20 .\CortexM0\ARM_GCC_541\Debug\i2cFunctions.o
                0x000004a0                I2C_MPU6050_Start
 .text.I2CReadBytes
                0x000004c0       0x48 .\CortexM0\ARM_GCC_541\Debug\i2cFunctions.o
                0x000004c0                I2CReadBytes
 .text.I2CReadByte
                0x00000508        0xc .\CortexM0\ARM_GCC_541\Debug\i2cFunctions.o
                0x00000508                I2CReadByte
 .text.I2CReadBits
                0x00000514       0x24 .\CortexM0\ARM_GCC_541\Debug\i2cFunctions.o
                0x00000514                I2CReadBits
 .text.I2CWriteBytes
                0x00000538       0x34 .\CortexM0\ARM_GCC_541\Debug\i2cFunctions.o
                0x00000538                I2CWriteBytes
 .text.I2CWriteByte
                0x0000056c       0x14 .\CortexM0\ARM_GCC_541\Debug\i2cFunctions.o
                0x0000056c                I2CWriteByte
 .text.I2CWriteBits
                0x00000580       0x4c .\CortexM0\ARM_GCC_541\Debug\i2cFunctions.o
                0x00000580                I2CWriteBits
 .text.I2CWriteBit
                0x000005cc       0x44 .\CortexM0\ARM_GCC_541\Debug\i2cFunctions.o
                0x000005cc                I2CWriteBit
 .text.MPU6050_init
                0x00000610        0xc .\CortexM0\ARM_GCC_541\Debug\mpu6050.o
                0x00000610                MPU6050_init
 .text.MPU6050_setFullScaleGyroRange
                0x0000061c       0x20 .\CortexM0\ARM_GCC_541\Debug\mpu6050.o
                0x0000061c                MPU6050_setFullScaleGyroRange
 .text.MPU6050_setFullScaleAccelRange
                0x0000063c       0x20 .\CortexM0\ARM_GCC_541\Debug\mpu6050.o
                0x0000063c                MPU6050_setFullScaleAccelRange
 .text.MPU6050_getMotion6
                0x0000065c       0x70 .\CortexM0\ARM_GCC_541\Debug\mpu6050.o
                0x0000065c                MPU6050_getMotion6
 .text.MPU6050_setSleepEnabled
                0x000006cc       0x18 .\CortexM0\ARM_GCC_541\Debug\mpu6050.o
                0x000006cc                MPU6050_setSleepEnabled
 .text.MPU6050_setClockSource
                0x000006e4       0x20 .\CortexM0\ARM_GCC_541\Debug\mpu6050.o
                0x000006e4                MPU6050_setClockSource
 .text.MPU6050_initialize
                0x00000704       0x1c .\CortexM0\ARM_GCC_541\Debug\mpu6050.o
                0x00000704                MPU6050_initialize
 .text.MPU6050_getDeviceID
                0x00000720       0x24 .\CortexM0\ARM_GCC_541\Debug\mpu6050.o
                0x00000720                MPU6050_getDeviceID
 .text.MPU6050_testConnection
                0x00000744       0x10 .\CortexM0\ARM_GCC_541\Debug\mpu6050.o
                0x00000744                MPU6050_testConnection
 .text.cfg_write_bytes32
                0x00000754       0x34 .\CortexM0\ARM_GCC_541\Debug\cyfitter_cfg.o
 .text.CYMEMZERO
                0x00000788        0xc .\CortexM0\ARM_GCC_541\Debug\cyfitter_cfg.o
 .text.SetAnalogRoutingPumps
                0x00000794       0x20 .\CortexM0\ARM_GCC_541\Debug\cyfitter_cfg.o
                0x00000794                SetAnalogRoutingPumps
 .text.AnalogSetDefault
                0x000007b4       0x7c .\CortexM0\ARM_GCC_541\Debug\cyfitter_cfg.o
 .text.IntDefaultHandler
                0x00000830       0x10 .\CortexM0\ARM_GCC_541\Debug\Cm0Start.o
                0x00000830                IntDefaultHandler
 .text._sbrk    0x00000840       0x30 .\CortexM0\ARM_GCC_541\Debug\Cm0Start.o
                0x00000840                _sbrk
 .text.Start_c  0x00000870       0x48 .\CortexM0\ARM_GCC_541\Debug\Cm0Start.o
                0x00000870                Start_c
 .text.initialize_psoc
                0x000008b8       0x4c .\CortexM0\ARM_GCC_541\Debug\Cm0Start.o
                0x000008b8                initialize_psoc
 .text.UART_ScbModePostEnable
                0x00000904        0x8 .\CortexM0\ARM_GCC_541\Debug\Read_gyroscope1.1.a(UART.o)
 .text.UART_Init
                0x0000090c        0x8 .\CortexM0\ARM_GCC_541\Debug\Read_gyroscope1.1.a(UART.o)
                0x0000090c                UART_Init
 .text.UART_Enable
                0x00000914       0x18 .\CortexM0\ARM_GCC_541\Debug\Read_gyroscope1.1.a(UART.o)
                0x00000914                UART_Enable
 .text.UART_Start
                0x0000092c       0x20 .\CortexM0\ARM_GCC_541\Debug\Read_gyroscope1.1.a(UART.o)
                0x0000092c                UART_Start
 .text.UART_UartInit
                0x0000094c       0xa8 .\CortexM0\ARM_GCC_541\Debug\Read_gyroscope1.1.a(UART_UART.o)
                0x0000094c                UART_UartInit
 .text.UART_UartPostEnable
                0x000009f4       0x2c .\CortexM0\ARM_GCC_541\Debug\Read_gyroscope1.1.a(UART_UART.o)
                0x000009f4                UART_UartPostEnable
 .text.UART_UartPutString
                0x00000a20       0x18 .\CortexM0\ARM_GCC_541\Debug\Read_gyroscope1.1.a(UART_UART.o)
                0x00000a20                UART_UartPutString
 .text.CySysClkEcoReadStatus
                0x00000a38       0x10 .\CortexM0\ARM_GCC_541\Debug\Read_gyroscope1.1.a(CyLib.o)
                0x00000a38                CySysClkEcoReadStatus
 .text.CyIntEnable
                0x00000a48       0x14 .\CortexM0\ARM_GCC_541\Debug\Read_gyroscope1.1.a(CyLib.o)
                0x00000a48                CyIntEnable
 .text.CyIntDisable
                0x00000a5c       0x14 .\CortexM0\ARM_GCC_541\Debug\Read_gyroscope1.1.a(CyLib.o)
                0x00000a5c                CyIntDisable
 .text.CyHalt   0x00000a70        0x4 .\CortexM0\ARM_GCC_541\Debug\Read_gyroscope1.1.a(CyLib.o)
                0x00000a70                CyHalt
 .text.CyIntSetVector
                0x00000a74       0x24 .\CortexM0\ARM_GCC_541\Debug\Read_gyroscope1.1.a(CyLib.o)
                0x00000a74                CyIntSetVector
 .text.CyIntSetPriority
                0x00000a98       0x4c .\CortexM0\ARM_GCC_541\Debug\Read_gyroscope1.1.a(CyLib.o)
                0x00000a98                CyIntSetPriority
 .text.CyDelay  0x00000ae4       0x30 .\CortexM0\ARM_GCC_541\Debug\Read_gyroscope1.1.a(CyLib.o)
                0x00000ae4                CyDelay
 .text.CyDelayUs
                0x00000b14       0x14 .\CortexM0\ARM_GCC_541\Debug\Read_gyroscope1.1.a(CyLib.o)
                0x00000b14                CyDelayUs
 .text.CySysClkWriteImoFreq
                0x00000b28      0x164 .\CortexM0\ARM_GCC_541\Debug\Read_gyroscope1.1.a(CyLib.o)
                0x00000b28                CySysClkWriteImoFreq
 .text.CySysClkEcoStart
                0x00000c8c       0x54 .\CortexM0\ARM_GCC_541\Debug\Read_gyroscope1.1.a(CyLib.o)
                0x00000c8c                CySysClkEcoStart
 .text.CySysWdtLocked
                0x00000ce0       0x14 .\CortexM0\ARM_GCC_541\Debug\Read_gyroscope1.1.a(CyLFClk.o)
 .text.CySysClkWcoStart
                0x00000cf4       0x40 .\CortexM0\ARM_GCC_541\Debug\Read_gyroscope1.1.a(CyLFClk.o)
                0x00000cf4                CySysClkWcoStart
 .text.CySysClkWcoSetPowerMode
                0x00000d34       0x80 .\CortexM0\ARM_GCC_541\Debug\Read_gyroscope1.1.a(CyLFClk.o)
                0x00000d34                CySysClkWcoSetPowerMode
 .text.CySysWdtLock
                0x00000db4       0x1c .\CortexM0\ARM_GCC_541\Debug\Read_gyroscope1.1.a(CyLFClk.o)
                0x00000db4                CySysWdtLock
 .text.CySysWdtUnlock
                0x00000dd0       0x30 .\CortexM0\ARM_GCC_541\Debug\Read_gyroscope1.1.a(CyLFClk.o)
                0x00000dd0                CySysWdtUnlock
 .text.CySysWdtClearInterrupt
                0x00000e00       0x4c .\CortexM0\ARM_GCC_541\Debug\Read_gyroscope1.1.a(CyLFClk.o)
                0x00000e00                CySysWdtClearInterrupt
 .text.CySysWdtIsr
                0x00000e4c       0xa4 .\CortexM0\ARM_GCC_541\Debug\Read_gyroscope1.1.a(CyLFClk.o)
                0x00000e4c                CySysWdtIsr
 .text.I2C_MPU6050_I2CInit
                0x00000ef0       0xb8 .\CortexM0\ARM_GCC_541\Debug\Read_gyroscope1.1.a(I2C_MPU6050_I2C.o)
                0x00000ef0                I2C_MPU6050_I2CInit
 .text.I2C_MPU6050_I2CFwBlockReset
                0x00000fa8       0x5c .\CortexM0\ARM_GCC_541\Debug\Read_gyroscope1.1.a(I2C_MPU6050_I2C.o)
                0x00000fa8                I2C_MPU6050_I2CFwBlockReset
 .text.I2C_MPU6050_I2CMasterSendStart
                0x00001004       0xc4 .\CortexM0\ARM_GCC_541\Debug\Read_gyroscope1.1.a(I2C_MPU6050_I2C_MASTER.o)
                0x00001004                I2C_MPU6050_I2CMasterSendStart
 .text.I2C_MPU6050_I2CMasterSendStop
                0x000010c8       0x7c .\CortexM0\ARM_GCC_541\Debug\Read_gyroscope1.1.a(I2C_MPU6050_I2C_MASTER.o)
                0x000010c8                I2C_MPU6050_I2CMasterSendStop
 .text.I2C_MPU6050_I2CMasterWriteByte
                0x00001144       0x88 .\CortexM0\ARM_GCC_541\Debug\Read_gyroscope1.1.a(I2C_MPU6050_I2C_MASTER.o)
                0x00001144                I2C_MPU6050_I2CMasterWriteByte
 .text.I2C_MPU6050_I2CMasterReadByte
                0x000011cc       0x74 .\CortexM0\ARM_GCC_541\Debug\Read_gyroscope1.1.a(I2C_MPU6050_I2C_MASTER.o)
                0x000011cc                I2C_MPU6050_I2CMasterReadByte
 .text.I2C_MPU6050_I2CReStartGeneration
                0x00001240       0x20 .\CortexM0\ARM_GCC_541\Debug\Read_gyroscope1.1.a(I2C_MPU6050_I2C_MASTER.o)
                0x00001240                I2C_MPU6050_I2CReStartGeneration
 .text.I2C_MPU6050_I2CMasterSendRestart
                0x00001260       0xb0 .\CortexM0\ARM_GCC_541\Debug\Read_gyroscope1.1.a(I2C_MPU6050_I2C_MASTER.o)
                0x00001260                I2C_MPU6050_I2CMasterSendRestart
 .text          0x00001310       0x20 .\CortexM0\ARM_GCC_541\Debug\Read_gyroscope1.1.a(CyBootAsmGnu.o)
                0x00001310                CyDelayCycles
                0x00001322                CyEnterCriticalSection
                0x0000132a                CyExitCriticalSection
 .text.UART_SpiUartWriteTxData
                0x00001330       0x1c .\CortexM0\ARM_GCC_541\Debug\Read_gyroscope1.1.a(UART_SPI_UART.o)
                0x00001330                UART_SpiUartWriteTxData
 .text.I2C_MPU6050_I2C_ISR
                0x0000134c      0x340 .\CortexM0\ARM_GCC_541\Debug\Read_gyroscope1.1.a(I2C_MPU6050_I2C_INT.o)
                0x0000134c                I2C_MPU6050_I2C_ISR
 .text          0x0000168c      0x114 c:/program files (x86)/cypress/psoc creator/4.4/psoc creator/import/gnu/arm/5.4.1/bin/../lib/gcc/arm-none-eabi/5.4.1/armv6-m\libgcc.a(_udivsi3.o)
                0x0000168c                __aeabi_uidiv
                0x0000168c                __udivsi3
                0x00001798                __aeabi_uidivmod
 .text          0x000017a0        0x4 c:/program files (x86)/cypress/psoc creator/4.4/psoc creator/import/gnu/arm/5.4.1/bin/../lib/gcc/arm-none-eabi/5.4.1/armv6-m\libgcc.a(_dvmd_tls.o)
                0x000017a0                __aeabi_idiv0
                0x000017a0                __aeabi_ldiv0
 .text.__errno  0x000017a4        0xc c:/program files (x86)/cypress/psoc creator/4.4/psoc creator/import/gnu/arm/5.4.1/bin/../lib/gcc/arm-none-eabi/5.4.1/../../../../arm-none-eabi/lib/armv6-m\libg_nano.a(lib_a-errno.o)
                0x000017a4                __errno
 .text.__libc_init_array
                0x000017b0       0x4c c:/program files (x86)/cypress/psoc creator/4.4/psoc creator/import/gnu/arm/5.4.1/bin/../lib/gcc/arm-none-eabi/5.4.1/../../../../arm-none-eabi/lib/armv6-m\libg_nano.a(lib_a-init.o)
                0x000017b0                __libc_init_array
 .text.memset   0x000017fc       0x10 c:/program files (x86)/cypress/psoc creator/4.4/psoc creator/import/gnu/arm/5.4.1/bin/../lib/gcc/arm-none-eabi/5.4.1/../../../../arm-none-eabi/lib/armv6-m\libg_nano.a(lib_a-memset.o)
                0x000017fc                memset
 .text.sprintf  0x0000180c       0x44 c:/program files (x86)/cypress/psoc creator/4.4/psoc creator/import/gnu/arm/5.4.1/bin/../lib/gcc/arm-none-eabi/5.4.1/../../../../arm-none-eabi/lib/armv6-m\libg_nano.a(lib_a-sprintf.o)
                0x0000180c                siprintf
                0x0000180c                sprintf
 .text.__ssputs_r
                0x00001850       0xc4 c:/program files (x86)/cypress/psoc creator/4.4/psoc creator/import/gnu/arm/5.4.1/bin/../lib/gcc/arm-none-eabi/5.4.1/../../../../arm-none-eabi/lib/armv6-m\libg_nano.a(lib_a-nano-svfprintf.o)
                0x00001850                __ssputs_r
 .text._svfprintf_r
                0x00001914      0x1fc c:/program files (x86)/cypress/psoc creator/4.4/psoc creator/import/gnu/arm/5.4.1/bin/../lib/gcc/arm-none-eabi/5.4.1/../../../../arm-none-eabi/lib/armv6-m\libg_nano.a(lib_a-nano-svfprintf.o)
                0x00001914                _svfiprintf_r
                0x00001914                _svfprintf_r
 .text._printf_common
                0x00001b10       0xdc c:/program files (x86)/cypress/psoc creator/4.4/psoc creator/import/gnu/arm/5.4.1/bin/../lib/gcc/arm-none-eabi/5.4.1/../../../../arm-none-eabi/lib/armv6-m\libg_nano.a(lib_a-nano-vfprintf_i.o)
                0x00001b10                _printf_common
 .text._printf_i
                0x00001bec      0x244 c:/program files (x86)/cypress/psoc creator/4.4/psoc creator/import/gnu/arm/5.4.1/bin/../lib/gcc/arm-none-eabi/5.4.1/../../../../arm-none-eabi/lib/armv6-m\libg_nano.a(lib_a-nano-vfprintf_i.o)
                0x00001bec                _printf_i
 .text.memchr   0x00001e30       0x16 c:/program files (x86)/cypress/psoc creator/4.4/psoc creator/import/gnu/arm/5.4.1/bin/../lib/gcc/arm-none-eabi/5.4.1/../../../../arm-none-eabi/lib/armv6-m\libg_nano.a(lib_a-memchr-stub.o)
                0x00001e30                memchr
 .text.memcpy   0x00001e46       0x12 c:/program files (x86)/cypress/psoc creator/4.4/psoc creator/import/gnu/arm/5.4.1/bin/../lib/gcc/arm-none-eabi/5.4.1/../../../../arm-none-eabi/lib/armv6-m\libg_nano.a(lib_a-memcpy-stub.o)
                0x00001e46                memcpy
 .text.memmove  0x00001e58       0x2a c:/program files (x86)/cypress/psoc creator/4.4/psoc creator/import/gnu/arm/5.4.1/bin/../lib/gcc/arm-none-eabi/5.4.1/../../../../arm-none-eabi/lib/armv6-m\libg_nano.a(lib_a-memmove.o)
                0x00001e58                memmove
 *fill*         0x00001e82        0x2 
 .text._free_r  0x00001e84       0x98 c:/program files (x86)/cypress/psoc creator/4.4/psoc creator/import/gnu/arm/5.4.1/bin/../lib/gcc/arm-none-eabi/5.4.1/../../../../arm-none-eabi/lib/armv6-m\libg_nano.a(lib_a-nano-freer.o)
                0x00001e84                _free_r
 .text._malloc_r
                0x00001f1c       0xc0 c:/program files (x86)/cypress/psoc creator/4.4/psoc creator/import/gnu/arm/5.4.1/bin/../lib/gcc/arm-none-eabi/5.4.1/../../../../arm-none-eabi/lib/armv6-m\libg_nano.a(lib_a-nano-mallocr.o)
                0x00001f1c                _malloc_r
 .text._realloc_r
                0x00001fdc       0x4c c:/program files (x86)/cypress/psoc creator/4.4/psoc creator/import/gnu/arm/5.4.1/bin/../lib/gcc/arm-none-eabi/5.4.1/../../../../arm-none-eabi/lib/armv6-m\libg_nano.a(lib_a-nano-reallocr.o)
                0x00001fdc                _realloc_r
 .text._sbrk_r  0x00002028       0x24 c:/program files (x86)/cypress/psoc creator/4.4/psoc creator/import/gnu/arm/5.4.1/bin/../lib/gcc/arm-none-eabi/5.4.1/../../../../arm-none-eabi/lib/armv6-m\libg_nano.a(lib_a-sbrkr.o)
                0x00002028                _sbrk_r
 .text.__malloc_lock
                0x0000204c        0x2 c:/program files (x86)/cypress/psoc creator/4.4/psoc creator/import/gnu/arm/5.4.1/bin/../lib/gcc/arm-none-eabi/5.4.1/../../../../arm-none-eabi/lib/armv6-m\libg_nano.a(lib_a-mlock.o)
                0x0000204c                __malloc_lock
 .text.__malloc_unlock
                0x0000204e        0x2 c:/program files (x86)/cypress/psoc creator/4.4/psoc creator/import/gnu/arm/5.4.1/bin/../lib/gcc/arm-none-eabi/5.4.1/../../../../arm-none-eabi/lib/armv6-m\libg_nano.a(lib_a-mlock.o)
                0x0000204e                __malloc_unlock
 .text._malloc_usable_size_r
                0x00002050       0x16 c:/program files (x86)/cypress/psoc creator/4.4/psoc creator/import/gnu/arm/5.4.1/bin/../lib/gcc/arm-none-eabi/5.4.1/../../../../arm-none-eabi/lib/armv6-m\libg_nano.a(lib_a-nano-msizer.o)
                0x00002050                _malloc_usable_size_r
 *(.plt)
 *(.gnu.warning)
 *(.glue_7t)
 .glue_7t       0x00002066        0x0 linker stubs
 *(.glue_7)
 .glue_7        0x00002066        0x0 linker stubs
 *(.vfp11_veneer)
 .vfp11_veneer  0x00002066        0x0 linker stubs
 *(.bootloader)
 *(.ARM.extab* .gnu.linkonce.armextab.*)
 *(.gcc_except_table)

.v4_bx          0x00002068        0x0
 .v4_bx         0x00002068        0x0 linker stubs

.iplt           0x00002068        0x0
 .iplt          0x00002068        0x0 c:/program files (x86)/cypress/psoc creator/4.4/psoc creator/import/gnu/arm/5.4.1/bin/../lib/gcc/arm-none-eabi/5.4.1/armv6-m/crtbegin.o

.eh_frame_hdr
 *(.eh_frame_hdr)

.eh_frame       0x00002068        0x4
 *(.eh_frame)
 .eh_frame      0x00002068        0x0 c:/program files (x86)/cypress/psoc creator/4.4/psoc creator/import/gnu/arm/5.4.1/bin/../lib/gcc/arm-none-eabi/5.4.1/armv6-m/crtbegin.o
 .eh_frame      0x00002068        0x4 c:/program files (x86)/cypress/psoc creator/4.4/psoc creator/import/gnu/arm/5.4.1/bin/../lib/gcc/arm-none-eabi/5.4.1/armv6-m/crtend.o
                [!provide]                PROVIDE (__exidx_start, .)

.ARM.exidx
 *(.ARM.exidx* .gnu.linkonce.armexidx.*)
                0x0000206c                __exidx_end = .

.rodata         0x0000206c      0x19c
 *(.rodata .rodata.* .gnu.linkonce.r.*)
 .rodata.str1.4
                0x0000206c       0x94 .\CortexM0\ARM_GCC_541\Debug\main.o
                                 0x93 (size before relaxing)
 .rodata        0x00002100       0x70 .\CortexM0\ARM_GCC_541\Debug\cyfitter_cfg.o
 .rodata        0x00002170       0x2e .\CortexM0\ARM_GCC_541\Debug\Read_gyroscope1.1.a(CyLib.o)
                0x00002170                cyImoFreqMhz2Reg
 .rodata.str1.1
                0x0000219e        0x2 c:/program files (x86)/cypress/psoc creator/4.4/psoc creator/import/gnu/arm/5.4.1/bin/../lib/gcc/arm-none-eabi/5.4.1/../../../../arm-none-eabi/lib/armv6-m\libg_nano.a(lib_a-impure.o)
 .rodata.str1.1
                0x000021a0       0x11 c:/program files (x86)/cypress/psoc creator/4.4/psoc creator/import/gnu/arm/5.4.1/bin/../lib/gcc/arm-none-eabi/5.4.1/../../../../arm-none-eabi/lib/armv6-m\libg_nano.a(lib_a-nano-svfprintf.o)
 .rodata.str1.1
                0x000021b1       0x22 c:/program files (x86)/cypress/psoc creator/4.4/psoc creator/import/gnu/arm/5.4.1/bin/../lib/gcc/arm-none-eabi/5.4.1/../../../../arm-none-eabi/lib/armv6-m\libg_nano.a(lib_a-nano-vfprintf_i.o)
                0x000021d4                . = ALIGN (0x4)
 *fill*         0x000021d3        0x1 
 *(.init)
 .init          0x000021d4        0x4 c:/program files (x86)/cypress/psoc creator/4.4/psoc creator/import/gnu/arm/5.4.1/bin/../lib/gcc/arm-none-eabi/5.4.1/armv6-m/crti.o
                0x000021d4                _init
 .init          0x000021d8        0x8 c:/program files (x86)/cypress/psoc creator/4.4/psoc creator/import/gnu/arm/5.4.1/bin/../lib/gcc/arm-none-eabi/5.4.1/armv6-m/crtn.o
                0x000021e0                . = ALIGN (0x4)
                0x000021e0                __preinit_array_start = .
 *(.preinit_array)
                0x000021e0                __preinit_array_end = .
                0x000021e0                . = ALIGN (0x4)
                0x000021e0                __init_array_start = .
 *(SORT(.init_array.*))
 *(.init_array)
 .init_array    0x000021e0        0x4 c:/program files (x86)/cypress/psoc creator/4.4/psoc creator/import/gnu/arm/5.4.1/bin/../lib/gcc/arm-none-eabi/5.4.1/armv6-m/crtbegin.o
 .init_array    0x000021e4        0x4 .\CortexM0\ARM_GCC_541\Debug\Cm0Start.o
                0x000021e8                __init_array_end = .
                0x000021e8                . = ALIGN (0x4)
 *(.fini)
 .fini          0x000021e8        0x4 c:/program files (x86)/cypress/psoc creator/4.4/psoc creator/import/gnu/arm/5.4.1/bin/../lib/gcc/arm-none-eabi/5.4.1/armv6-m/crti.o
                0x000021e8                _fini
 .fini          0x000021ec        0x8 c:/program files (x86)/cypress/psoc creator/4.4/psoc creator/import/gnu/arm/5.4.1/bin/../lib/gcc/arm-none-eabi/5.4.1/armv6-m/crtn.o
                0x000021f4                . = ALIGN (0x4)
                0x000021f4                __fini_array_start = .
 *(.fini_array)
 .fini_array    0x000021f4        0x4 c:/program files (x86)/cypress/psoc creator/4.4/psoc creator/import/gnu/arm/5.4.1/bin/../lib/gcc/arm-none-eabi/5.4.1/armv6-m/crtbegin.o
 *(SORT(.fini_array.*))
                0x000021f8                __fini_array_end = .
                0x000021f8                . = ALIGN (0x4)
 *crtbegin.o(.ctors)
 *(EXCLUDE_FILE(*crtend.o) .ctors)
 *(SORT(.ctors.*))
 *crtend.o(.ctors)
                0x000021f8                . = ALIGN (0x4)
 *crtbegin.o(.dtors)
 *(EXCLUDE_FILE(*crtend.o) .dtors)
 *(SORT(.dtors.*))
 *crtend.o(.dtors)
                0x000021f8                . = ALIGN (0x4)
                0x000021f8                __cy_regions = .
                0x000021f8        0x4 LONG 0x2208 __cy_region_init_ram
                0x000021fc        0x4 LONG 0x200000c0 __cy_region_start_data
                0x00002200        0x4 LONG 0x88 __cy_region_init_size_ram
                0x00002204        0x4 LONG 0x98 __cy_region_zero_size_ram
                0x00002208                __cy_regions_end = .
                0x00002208                . = ALIGN (0x8)
                0x00002208                _etext = .

.cy_checksum_exclude
                0x00002208        0x0
 *(.cy_checksum_exclude)

.ramvectors     0x20000000       0xc0
                0x20000000                __cy_region_start_ram = .
 *(.ramvectors)
 .ramvectors    0x20000000       0xc0 .\CortexM0\ARM_GCC_541\Debug\Cm0Start.o
                0x20000000                CyRamVectors

.noinit
 *(.noinit)

.data           0x200000c0       0x88 load address 0x00002208
                0x200000c0                __cy_region_start_data = .
 *(.jcr)
 .jcr           0x200000c0        0x0 c:/program files (x86)/cypress/psoc creator/4.4/psoc creator/import/gnu/arm/5.4.1/bin/../lib/gcc/arm-none-eabi/5.4.1/armv6-m/crtbegin.o
 .jcr           0x200000c0        0x4 c:/program files (x86)/cypress/psoc creator/4.4/psoc creator/import/gnu/arm/5.4.1/bin/../lib/gcc/arm-none-eabi/5.4.1/armv6-m/crtend.o
 *(.got.plt)
 *(.got)
 *(.shdata)
 *(.data .data.* .gnu.linkonce.d.*)
 .data          0x200000c4        0x4 .\CortexM0\ARM_GCC_541\Debug\Cm0Start.o
 .data          0x200000c8       0x14 .\CortexM0\ARM_GCC_541\Debug\Read_gyroscope1.1.a(CyLib.o)
                0x200000c8                CySysClkPumpConfig
                0x200000cc                cydelay32kMs
                0x200000d0                cydelayFreqKhz
                0x200000d4                cydelayFreqMhz
                0x200000d8                cydelayFreqHz
 .data          0x200000dc        0x8 .\CortexM0\ARM_GCC_541\Debug\Read_gyroscope1.1.a(CyLFClk.o)
 .data.impure_data
                0x200000e4       0x60 c:/program files (x86)/cypress/psoc creator/4.4/psoc creator/import/gnu/arm/5.4.1/bin/../lib/gcc/arm-none-eabi/5.4.1/../../../../arm-none-eabi/lib/armv6-m\libg_nano.a(lib_a-impure.o)
 .data._impure_ptr
                0x20000144        0x4 c:/program files (x86)/cypress/psoc creator/4.4/psoc creator/import/gnu/arm/5.4.1/bin/../lib/gcc/arm-none-eabi/5.4.1/../../../../arm-none-eabi/lib/armv6-m\libg_nano.a(lib_a-impure.o)
                0x20000144                _impure_ptr
                0x20000148                . = ALIGN (0x8)
 *(.ram)
                0x20000148                _edata = .

.igot.plt       0x20000148        0x0 load address 0x00002290
 .igot.plt      0x20000148        0x0 c:/program files (x86)/cypress/psoc creator/4.4/psoc creator/import/gnu/arm/5.4.1/bin/../lib/gcc/arm-none-eabi/5.4.1/armv6-m/crtbegin.o

.bss            0x20000148       0x98 load address 0x00002290
                0x20000148                PROVIDE (__bss_start__, .)
 *(.shbss)
 *(.bss .bss.* .gnu.linkonce.b.*)
 .bss           0x20000148       0x1c c:/program files (x86)/cypress/psoc creator/4.4/psoc creator/import/gnu/arm/5.4.1/bin/../lib/gcc/arm-none-eabi/5.4.1/armv6-m/crtbegin.o
 .bss           0x20000164        0x8 .\CortexM0\ARM_GCC_541\Debug\i2cFunctions.o
                0x20000164                I2C_MPU6050_initVar
                0x20000168                I2C_MPU6050_customIntrHandler
 .bss           0x2000016c        0x4 .\CortexM0\ARM_GCC_541\Debug\Read_gyroscope1.1.a(UART.o)
                0x2000016c                UART_initVar
                0x2000016e                UART_IntrTxMask
 .bss           0x20000170       0x28 .\CortexM0\ARM_GCC_541\Debug\Read_gyroscope1.1.a(CyLFClk.o)
 .bss.__malloc_sbrk_start
                0x20000198        0x4 c:/program files (x86)/cypress/psoc creator/4.4/psoc creator/import/gnu/arm/5.4.1/bin/../lib/gcc/arm-none-eabi/5.4.1/../../../../arm-none-eabi/lib/armv6-m\libg_nano.a(lib_a-nano-mallocr.o)
                0x20000198                __malloc_sbrk_start
 .bss.__malloc_free_list
                0x2000019c        0x4 c:/program files (x86)/cypress/psoc creator/4.4/psoc creator/import/gnu/arm/5.4.1/bin/../lib/gcc/arm-none-eabi/5.4.1/../../../../arm-none-eabi/lib/armv6-m\libg_nano.a(lib_a-nano-mallocr.o)
                0x2000019c                __malloc_free_list
 *(COMMON)
 COMMON         0x200001a0       0x17 .\CortexM0\ARM_GCC_541\Debug\main.o
                0x200001a0                buffer
                0x200001b6                devAddr
 COMMON         0x200001b7        0x1 .\CortexM0\ARM_GCC_541\Debug\Read_gyroscope1.1.a(I2C_MPU6050_I2C.o)
                0x200001b7                I2C_MPU6050_state
 COMMON         0x200001b8       0x24 .\CortexM0\ARM_GCC_541\Debug\Read_gyroscope1.1.a(I2C_MPU6050_I2C_MASTER.o)
                0x200001b8                I2C_MPU6050_mstrWrBufIndexTmp
                0x200001bc                I2C_MPU6050_mstrRdBufIndex
                0x200001c0                I2C_MPU6050_mstrWrBufSize
                0x200001c4                I2C_MPU6050_mstrControl
                0x200001c8                I2C_MPU6050_mstrWrBufIndex
                0x200001cc                I2C_MPU6050_mstrWrBufPtr
                0x200001d0                I2C_MPU6050_mstrRdBufSize
                0x200001d4                I2C_MPU6050_mstrStatus
                0x200001d8                I2C_MPU6050_mstrRdBufPtr
 COMMON         0x200001dc        0x4 c:/program files (x86)/cypress/psoc creator/4.4/psoc creator/import/gnu/arm/5.4.1/bin/../lib/gcc/arm-none-eabi/5.4.1/../../../../arm-none-eabi/lib/armv6-m\libg_nano.a(lib_a-reent.o)
                0x200001dc                errno
                0x200001e0                . = ALIGN (0x8)
 *(.ram.b)
                0x200001e0                _end = .
                0x200001e0                __end = .
                0x200001e0                PROVIDE (end, .)
                0x200001e0                PROVIDE (__bss_end__, .)
                0x00002208                __cy_region_init_ram = LOADADDR (.data)
                0x00000088                __cy_region_init_size_ram = (_edata - ADDR (.data))
                0x00000098                __cy_region_zero_size_ram = (_end - _edata)

.heap           0x200001e0       0x80 load address 0x00002290
                0x200001e0                . = _end
                0x20000260                . = (. + 0x80)
 *fill*         0x200001e0       0x80 
                0x20000260                __cy_heap_limit = .

.stack          0x20007800      0x800
                0x20007800                __cy_stack_limit = .
                0x20008000                . = (. + 0x800)
 *fill*         0x20007800      0x800 
                0x00000001                ASSERT ((__cy_stack_limit >= __cy_heap_limit), region RAM overflowed with stack)
                0x00000000                cy_checksum_exclude_size = (CY_APPL_LOADABLE == 0x1)?SIZEOF (.cy_checksum_exclude):0x0
                0x00000001                ASSERT ((cy_checksum_exclude_size <= CY_CHECKSUM_EXCLUDE_SIZE), CY_BOOT: Section .cy_checksum_exclude size exceedes specified limit.)
                0x0003ffc0                cyloadermeta_start = (cy_project_type_bootloader || cy_project_type_app_for_stack_and_copier)?(LENGTH (rom) - CY_METADATA_SIZE):0xf0000000

.cyloadermeta
 *(.cyloadermeta)
                0x0003ffc0                cyloadablemeta_start = cy_project_type_app_for_stack_and_copier?((LENGTH (rom) - CY_FLASH_ROW_SIZE) - CY_METADATA_SIZE):((LENGTH (rom) - (CY_FLASH_ROW_SIZE * (CY_APPL_NUM - 0x1))) - CY_METADATA_SIZE)

.cyloadablemeta
 *(.cyloadablemeta)

.cyflashprotect
                0x90400000       0x80
 *(.cyflashprotect)
 .cyflashprotect
                0x90400000       0x80 .\CortexM0\ARM_GCC_541\Debug\cymetadata.o
                0x90400000                cy_meta_flashprotect

.cymeta         0x90500000        0xc
 *(.cymeta)
 .cymeta        0x90500000        0xc .\CortexM0\ARM_GCC_541\Debug\cymetadata.o
                0x90500000                cy_metadata

.cychipprotect  0x90600000        0x1
 *(.cychipprotect)
 .cychipprotect
                0x90600000        0x1 .\CortexM0\ARM_GCC_541\Debug\cymetadata.o
                0x90600000                cy_meta_chipprotect

.rel.dyn        0x00002290        0x0 load address 0x90600004
 .rel.iplt      0x00002290        0x0 c:/program files (x86)/cypress/psoc creator/4.4/psoc creator/import/gnu/arm/5.4.1/bin/../lib/gcc/arm-none-eabi/5.4.1/armv6-m/crtbegin.o

.stab
 *(.stab)

.stabstr
 *(.stabstr)

.debug
 *(.debug)

.line
 *(.line)

.debug_srcinfo
 *(.debug_srcinfo)

.debug_sfnames
 *(.debug_sfnames)

.debug_aranges  0x00000000      0xf50
 *(.debug_aranges)
 .debug_aranges
                0x00000000       0x28 .\CortexM0\ARM_GCC_541\Debug\main.o
 .debug_aranges
                0x00000028       0xb0 .\CortexM0\ARM_GCC_541\Debug\i2cFunctions.o
 .debug_aranges
                0x000000d8      0x838 .\CortexM0\ARM_GCC_541\Debug\mpu6050.o
 .debug_aranges
                0x00000910       0x48 .\CortexM0\ARM_GCC_541\Debug\cyfitter_cfg.o
 .debug_aranges
                0x00000958       0x18 .\CortexM0\ARM_GCC_541\Debug\cymetadata.o
 .debug_aranges
                0x00000970       0x48 .\CortexM0\ARM_GCC_541\Debug\Cm0Start.o
 .debug_aranges
                0x000009b8       0x58 .\CortexM0\ARM_GCC_541\Debug\Read_gyroscope1.1.a(UART.o)
 .debug_aranges
                0x00000a10       0x90 .\CortexM0\ARM_GCC_541\Debug\Read_gyroscope1.1.a(UART_UART.o)
 .debug_aranges
                0x00000aa0      0x1d0 .\CortexM0\ARM_GCC_541\Debug\Read_gyroscope1.1.a(CyLib.o)
 .debug_aranges
                0x00000c70      0x188 .\CortexM0\ARM_GCC_541\Debug\Read_gyroscope1.1.a(CyLFClk.o)
 .debug_aranges
                0x00000df8       0x30 .\CortexM0\ARM_GCC_541\Debug\Read_gyroscope1.1.a(I2C_MPU6050_I2C.o)
 .debug_aranges
                0x00000e28       0x88 .\CortexM0\ARM_GCC_541\Debug\Read_gyroscope1.1.a(I2C_MPU6050_I2C_MASTER.o)
 .debug_aranges
                0x00000eb0       0x20 .\CortexM0\ARM_GCC_541\Debug\Read_gyroscope1.1.a(CyBootAsmGnu.o)
 .debug_aranges
                0x00000ed0       0x60 .\CortexM0\ARM_GCC_541\Debug\Read_gyroscope1.1.a(UART_SPI_UART.o)
 .debug_aranges
                0x00000f30       0x20 .\CortexM0\ARM_GCC_541\Debug\Read_gyroscope1.1.a(I2C_MPU6050_I2C_INT.o)

.debug_pubnames
 *(.debug_pubnames)

.debug_info     0x00000000     0x8f83
 *(.debug_info .gnu.linkonce.wi.*)
 .debug_info    0x00000000      0xda3 .\CortexM0\ARM_GCC_541\Debug\main.o
 .debug_info    0x00000da3      0xa95 .\CortexM0\ARM_GCC_541\Debug\i2cFunctions.o
 .debug_info    0x00001838     0x3f5c .\CortexM0\ARM_GCC_541\Debug\mpu6050.o
 .debug_info    0x00005794      0x499 .\CortexM0\ARM_GCC_541\Debug\cyfitter_cfg.o
 .debug_info    0x00005c2d       0xf8 .\CortexM0\ARM_GCC_541\Debug\cymetadata.o
 .debug_info    0x00005d25      0x3a2 .\CortexM0\ARM_GCC_541\Debug\Cm0Start.o
 .debug_info    0x000060c7      0x23a .\CortexM0\ARM_GCC_541\Debug\Read_gyroscope1.1.a(UART.o)
 .debug_info    0x00006301      0x3b5 .\CortexM0\ARM_GCC_541\Debug\Read_gyroscope1.1.a(UART_UART.o)
 .debug_info    0x000066b6      0xd2c .\CortexM0\ARM_GCC_541\Debug\Read_gyroscope1.1.a(CyLib.o)
 .debug_info    0x000073e2     0x1071 .\CortexM0\ARM_GCC_541\Debug\Read_gyroscope1.1.a(CyLFClk.o)
 .debug_info    0x00008453      0x195 .\CortexM0\ARM_GCC_541\Debug\Read_gyroscope1.1.a(I2C_MPU6050_I2C.o)
 .debug_info    0x000085e8      0x548 .\CortexM0\ARM_GCC_541\Debug\Read_gyroscope1.1.a(I2C_MPU6050_I2C_MASTER.o)
 .debug_info    0x00008b30       0x8b .\CortexM0\ARM_GCC_541\Debug\Read_gyroscope1.1.a(CyBootAsmGnu.o)
 .debug_info    0x00008bbb      0x220 .\CortexM0\ARM_GCC_541\Debug\Read_gyroscope1.1.a(UART_SPI_UART.o)
 .debug_info    0x00008ddb      0x1a8 .\CortexM0\ARM_GCC_541\Debug\Read_gyroscope1.1.a(I2C_MPU6050_I2C_INT.o)

.debug_abbrev   0x00000000     0x138f
 *(.debug_abbrev)
 .debug_abbrev  0x00000000      0x15e .\CortexM0\ARM_GCC_541\Debug\main.o
 .debug_abbrev  0x0000015e      0x1d2 .\CortexM0\ARM_GCC_541\Debug\i2cFunctions.o
 .debug_abbrev  0x00000330      0x1d6 .\CortexM0\ARM_GCC_541\Debug\mpu6050.o
 .debug_abbrev  0x00000506      0x1cf .\CortexM0\ARM_GCC_541\Debug\cyfitter_cfg.o
 .debug_abbrev  0x000006d5       0x5d .\CortexM0\ARM_GCC_541\Debug\cymetadata.o
 .debug_abbrev  0x00000732      0x1d7 .\CortexM0\ARM_GCC_541\Debug\Cm0Start.o
 .debug_abbrev  0x00000909       0xd5 .\CortexM0\ARM_GCC_541\Debug\Read_gyroscope1.1.a(UART.o)
 .debug_abbrev  0x000009de      0x132 .\CortexM0\ARM_GCC_541\Debug\Read_gyroscope1.1.a(UART_UART.o)
 .debug_abbrev  0x00000b10      0x1d3 .\CortexM0\ARM_GCC_541\Debug\Read_gyroscope1.1.a(CyLib.o)
 .debug_abbrev  0x00000ce3      0x248 .\CortexM0\ARM_GCC_541\Debug\Read_gyroscope1.1.a(CyLFClk.o)
 .debug_abbrev  0x00000f2b       0xc7 .\CortexM0\ARM_GCC_541\Debug\Read_gyroscope1.1.a(I2C_MPU6050_I2C.o)
 .debug_abbrev  0x00000ff2      0x196 .\CortexM0\ARM_GCC_541\Debug\Read_gyroscope1.1.a(I2C_MPU6050_I2C_MASTER.o)
 .debug_abbrev  0x00001188       0x14 .\CortexM0\ARM_GCC_541\Debug\Read_gyroscope1.1.a(CyBootAsmGnu.o)
 .debug_abbrev  0x0000119c      0x14f .\CortexM0\ARM_GCC_541\Debug\Read_gyroscope1.1.a(UART_SPI_UART.o)
 .debug_abbrev  0x000012eb       0xa4 .\CortexM0\ARM_GCC_541\Debug\Read_gyroscope1.1.a(I2C_MPU6050_I2C_INT.o)

.debug_line     0x00000000     0x3458
 *(.debug_line)
 .debug_line    0x00000000      0x291 .\CortexM0\ARM_GCC_541\Debug\main.o
 .debug_line    0x00000291      0x37e .\CortexM0\ARM_GCC_541\Debug\i2cFunctions.o
 .debug_line    0x0000060f     0x1487 .\CortexM0\ARM_GCC_541\Debug\mpu6050.o
 .debug_line    0x00001a96      0x1d5 .\CortexM0\ARM_GCC_541\Debug\cyfitter_cfg.o
 .debug_line    0x00001c6b      0x141 .\CortexM0\ARM_GCC_541\Debug\cymetadata.o
 .debug_line    0x00001dac      0x236 .\CortexM0\ARM_GCC_541\Debug\Cm0Start.o
 .debug_line    0x00001fe2      0x108 .\CortexM0\ARM_GCC_541\Debug\Read_gyroscope1.1.a(UART.o)
 .debug_line    0x000020ea      0x1cf .\CortexM0\ARM_GCC_541\Debug\Read_gyroscope1.1.a(UART_UART.o)
 .debug_line    0x000022b9      0x553 .\CortexM0\ARM_GCC_541\Debug\Read_gyroscope1.1.a(CyLib.o)
 .debug_line    0x0000280c      0x5db .\CortexM0\ARM_GCC_541\Debug\Read_gyroscope1.1.a(CyLFClk.o)
 .debug_line    0x00002de7       0xd2 .\CortexM0\ARM_GCC_541\Debug\Read_gyroscope1.1.a(I2C_MPU6050_I2C.o)
 .debug_line    0x00002eb9      0x2a9 .\CortexM0\ARM_GCC_541\Debug\Read_gyroscope1.1.a(I2C_MPU6050_I2C_MASTER.o)
 .debug_line    0x00003162       0x68 .\CortexM0\ARM_GCC_541\Debug\Read_gyroscope1.1.a(CyBootAsmGnu.o)
 .debug_line    0x000031ca      0x11a .\CortexM0\ARM_GCC_541\Debug\Read_gyroscope1.1.a(UART_SPI_UART.o)
 .debug_line    0x000032e4      0x174 .\CortexM0\ARM_GCC_541\Debug\Read_gyroscope1.1.a(I2C_MPU6050_I2C_INT.o)

.debug_frame    0x00000000     0x3270
 *(.debug_frame)
 .debug_frame   0x00000000       0x50 .\CortexM0\ARM_GCC_541\Debug\main.o
 .debug_frame   0x00000050      0x248 .\CortexM0\ARM_GCC_541\Debug\i2cFunctions.o
 .debug_frame   0x00000298     0x1cc0 .\CortexM0\ARM_GCC_541\Debug\mpu6050.o
 .debug_frame   0x00001f58       0xb8 .\CortexM0\ARM_GCC_541\Debug\cyfitter_cfg.o
 .debug_frame   0x00002010       0xbc .\CortexM0\ARM_GCC_541\Debug\Cm0Start.o
 .debug_frame   0x000020cc       0xd8 .\CortexM0\ARM_GCC_541\Debug\Read_gyroscope1.1.a(UART.o)
 .debug_frame   0x000021a4      0x144 .\CortexM0\ARM_GCC_541\Debug\Read_gyroscope1.1.a(UART_UART.o)
 .debug_frame   0x000022e8      0x4a4 .\CortexM0\ARM_GCC_541\Debug\Read_gyroscope1.1.a(CyLib.o)
 .debug_frame   0x0000278c      0x4a8 .\CortexM0\ARM_GCC_541\Debug\Read_gyroscope1.1.a(CyLFClk.o)
 .debug_frame   0x00002c34       0x58 .\CortexM0\ARM_GCC_541\Debug\Read_gyroscope1.1.a(I2C_MPU6050_I2C.o)
 .debug_frame   0x00002c8c      0x160 .\CortexM0\ARM_GCC_541\Debug\Read_gyroscope1.1.a(I2C_MPU6050_I2C_MASTER.o)
 .debug_frame   0x00002dec       0xb0 .\CortexM0\ARM_GCC_541\Debug\Read_gyroscope1.1.a(UART_SPI_UART.o)
 .debug_frame   0x00002e9c       0x2c .\CortexM0\ARM_GCC_541\Debug\Read_gyroscope1.1.a(I2C_MPU6050_I2C_INT.o)
 .debug_frame   0x00002ec8       0x20 c:/program files (x86)/cypress/psoc creator/4.4/psoc creator/import/gnu/arm/5.4.1/bin/../lib/gcc/arm-none-eabi/5.4.1/armv6-m\libgcc.a(_udivsi3.o)
 .debug_frame   0x00002ee8       0x20 c:/program files (x86)/cypress/psoc creator/4.4/psoc creator/import/gnu/arm/5.4.1/bin/../lib/gcc/arm-none-eabi/5.4.1/armv6-m\libgcc.a(_divsi3.o)
 .debug_frame   0x00002f08       0x20 c:/program files (x86)/cypress/psoc creator/4.4/psoc creator/import/gnu/arm/5.4.1/bin/../lib/gcc/arm-none-eabi/5.4.1/../../../../arm-none-eabi/lib/armv6-m\libg_nano.a(lib_a-errno.o)
 .debug_frame   0x00002f28       0x28 c:/program files (x86)/cypress/psoc creator/4.4/psoc creator/import/gnu/arm/5.4.1/bin/../lib/gcc/arm-none-eabi/5.4.1/../../../../arm-none-eabi/lib/armv6-m\libg_nano.a(lib_a-exit.o)
 .debug_frame   0x00002f50       0x2c c:/program files (x86)/cypress/psoc creator/4.4/psoc creator/import/gnu/arm/5.4.1/bin/../lib/gcc/arm-none-eabi/5.4.1/../../../../arm-none-eabi/lib/armv6-m\libg_nano.a(lib_a-init.o)
 .debug_frame   0x00002f7c       0x20 c:/program files (x86)/cypress/psoc creator/4.4/psoc creator/import/gnu/arm/5.4.1/bin/../lib/gcc/arm-none-eabi/5.4.1/../../../../arm-none-eabi/lib/armv6-m\libg_nano.a(lib_a-memset.o)
 .debug_frame   0x00002f9c       0x50 c:/program files (x86)/cypress/psoc creator/4.4/psoc creator/import/gnu/arm/5.4.1/bin/../lib/gcc/arm-none-eabi/5.4.1/../../../../arm-none-eabi/lib/armv6-m\libg_nano.a(lib_a-sprintf.o)
 .debug_frame   0x00002fec       0x74 c:/program files (x86)/cypress/psoc creator/4.4/psoc creator/import/gnu/arm/5.4.1/bin/../lib/gcc/arm-none-eabi/5.4.1/../../../../arm-none-eabi/lib/armv6-m\libg_nano.a(lib_a-nano-svfprintf.o)
 .debug_frame   0x00003060       0x54 c:/program files (x86)/cypress/psoc creator/4.4/psoc creator/import/gnu/arm/5.4.1/bin/../lib/gcc/arm-none-eabi/5.4.1/../../../../arm-none-eabi/lib/armv6-m\libg_nano.a(lib_a-nano-vfprintf_i.o)
 .debug_frame   0x000030b4       0x20 c:/program files (x86)/cypress/psoc creator/4.4/psoc creator/import/gnu/arm/5.4.1/bin/../lib/gcc/arm-none-eabi/5.4.1/../../../../arm-none-eabi/lib/armv6-m\libg_nano.a(lib_a-memchr-stub.o)
 .debug_frame   0x000030d4       0x28 c:/program files (x86)/cypress/psoc creator/4.4/psoc creator/import/gnu/arm/5.4.1/bin/../lib/gcc/arm-none-eabi/5.4.1/../../../../arm-none-eabi/lib/armv6-m\libg_nano.a(lib_a-memcpy-stub.o)
 .debug_frame   0x000030fc       0x28 c:/program files (x86)/cypress/psoc creator/4.4/psoc creator/import/gnu/arm/5.4.1/bin/../lib/gcc/arm-none-eabi/5.4.1/../../../../arm-none-eabi/lib/armv6-m\libg_nano.a(lib_a-memmove.o)
 .debug_frame   0x00003124       0x2c c:/program files (x86)/cypress/psoc creator/4.4/psoc creator/import/gnu/arm/5.4.1/bin/../lib/gcc/arm-none-eabi/5.4.1/../../../../arm-none-eabi/lib/armv6-m\libg_nano.a(lib_a-nano-freer.o)
 .debug_frame   0x00003150       0x2c c:/program files (x86)/cypress/psoc creator/4.4/psoc creator/import/gnu/arm/5.4.1/bin/../lib/gcc/arm-none-eabi/5.4.1/../../../../arm-none-eabi/lib/armv6-m\libg_nano.a(lib_a-nano-mallocr.o)
 .debug_frame   0x0000317c       0x30 c:/program files (x86)/cypress/psoc creator/4.4/psoc creator/import/gnu/arm/5.4.1/bin/../lib/gcc/arm-none-eabi/5.4.1/../../../../arm-none-eabi/lib/armv6-m\libg_nano.a(lib_a-nano-reallocr.o)
 .debug_frame   0x000031ac       0x2c c:/program files (x86)/cypress/psoc creator/4.4/psoc creator/import/gnu/arm/5.4.1/bin/../lib/gcc/arm-none-eabi/5.4.1/../../../../arm-none-eabi/lib/armv6-m\libg_nano.a(lib_a-sbrkr.o)
 .debug_frame   0x000031d8       0x30 c:/program files (x86)/cypress/psoc creator/4.4/psoc creator/import/gnu/arm/5.4.1/bin/../lib/gcc/arm-none-eabi/5.4.1/../../../../arm-none-eabi/lib/armv6-m\libg_nano.a(lib_a-mlock.o)
 .debug_frame   0x00003208       0x20 c:/program files (x86)/cypress/psoc creator/4.4/psoc creator/import/gnu/arm/5.4.1/bin/../lib/gcc/arm-none-eabi/5.4.1/../../../../arm-none-eabi/lib/armv6-m\libg_nano.a(lib_a-nano-msizer.o)
 .debug_frame   0x00003228       0x48 c:/program files (x86)/cypress/psoc creator/4.4/psoc creator/import/gnu/arm/5.4.1/bin/../lib/gcc/arm-none-eabi/5.4.1/../../../../arm-none-eabi/lib/armv6-m\libg_nano.a(lib_a-reent.o)

.debug_str      0x00000000     0x69b7
 *(.debug_str)
 .debug_str     0x00000000     0x3428 .\CortexM0\ARM_GCC_541\Debug\main.o
                               0x3478 (size before relaxing)
 .debug_str     0x00003428      0x2d3 .\CortexM0\ARM_GCC_541\Debug\i2cFunctions.o
                                0xe4c (size before relaxing)
 .debug_str     0x000036fb     0x1c7e .\CortexM0\ARM_GCC_541\Debug\mpu6050.o
                               0x1ef4 (size before relaxing)
 .debug_str     0x00005379      0x176 .\CortexM0\ARM_GCC_541\Debug\cyfitter_cfg.o
                                0x34a (size before relaxing)
 .debug_str     0x000054ef       0x59 .\CortexM0\ARM_GCC_541\Debug\cymetadata.o
                                0x1c3 (size before relaxing)
 .debug_str     0x00005548      0x135 .\CortexM0\ARM_GCC_541\Debug\Cm0Start.o
                                0x2fc (size before relaxing)
 .debug_str     0x0000567d       0xdb .\CortexM0\ARM_GCC_541\Debug\Read_gyroscope1.1.a(UART.o)
                                0x292 (size before relaxing)
 .debug_str     0x00005758      0x1d8 .\CortexM0\ARM_GCC_541\Debug\Read_gyroscope1.1.a(UART_UART.o)
                                0x3c3 (size before relaxing)
 .debug_str     0x00005930      0x59a .\CortexM0\ARM_GCC_541\Debug\Read_gyroscope1.1.a(CyLib.o)
                                0x7f3 (size before relaxing)
 .debug_str     0x00005eca      0x6d8 .\CortexM0\ARM_GCC_541\Debug\Read_gyroscope1.1.a(CyLFClk.o)
                                0x933 (size before relaxing)
 .debug_str     0x000065a2       0xa4 .\CortexM0\ARM_GCC_541\Debug\Read_gyroscope1.1.a(I2C_MPU6050_I2C.o)
                                0x289 (size before relaxing)
 .debug_str     0x00006646      0x237 .\CortexM0\ARM_GCC_541\Debug\Read_gyroscope1.1.a(I2C_MPU6050_I2C_MASTER.o)
                                0x502 (size before relaxing)
 .debug_str     0x0000687d       0xe3 .\CortexM0\ARM_GCC_541\Debug\Read_gyroscope1.1.a(UART_SPI_UART.o)
                                0x2c9 (size before relaxing)
 .debug_str     0x00006960       0x57 .\CortexM0\ARM_GCC_541\Debug\Read_gyroscope1.1.a(I2C_MPU6050_I2C_INT.o)
                                0x329 (size before relaxing)

.debug_loc      0x00000000     0x428c
 *(.debug_loc)
 .debug_loc     0x00000000      0x6cd .\CortexM0\ARM_GCC_541\Debug\i2cFunctions.o
 .debug_loc     0x000006cd     0x1678 .\CortexM0\ARM_GCC_541\Debug\mpu6050.o
 .debug_loc     0x00001d45      0x136 .\CortexM0\ARM_GCC_541\Debug\cyfitter_cfg.o
 .debug_loc     0x00001e7b      0x14f .\CortexM0\ARM_GCC_541\Debug\Cm0Start.o
 .debug_loc     0x00001fca       0x7e .\CortexM0\ARM_GCC_541\Debug\Read_gyroscope1.1.a(UART.o)
 .debug_loc     0x00002048      0x223 .\CortexM0\ARM_GCC_541\Debug\Read_gyroscope1.1.a(UART_UART.o)
 .debug_loc     0x0000226b      0x818 .\CortexM0\ARM_GCC_541\Debug\Read_gyroscope1.1.a(CyLib.o)
 .debug_loc     0x00002a83      0xdaa .\CortexM0\ARM_GCC_541\Debug\Read_gyroscope1.1.a(CyLFClk.o)
 .debug_loc     0x0000382d      0x8bd .\CortexM0\ARM_GCC_541\Debug\Read_gyroscope1.1.a(I2C_MPU6050_I2C_MASTER.o)
 .debug_loc     0x000040ea       0x96 .\CortexM0\ARM_GCC_541\Debug\Read_gyroscope1.1.a(UART_SPI_UART.o)
 .debug_loc     0x00004180      0x10c .\CortexM0\ARM_GCC_541\Debug\Read_gyroscope1.1.a(I2C_MPU6050_I2C_INT.o)

.debug_macinfo
 *(.debug_macinfo)

.debug_ranges   0x00000000      0xe48
 *(.debug_ranges)
 .debug_ranges  0x00000000       0x18 .\CortexM0\ARM_GCC_541\Debug\main.o
 .debug_ranges  0x00000018       0xa0 .\CortexM0\ARM_GCC_541\Debug\i2cFunctions.o
 .debug_ranges  0x000000b8      0x828 .\CortexM0\ARM_GCC_541\Debug\mpu6050.o
 .debug_ranges  0x000008e0       0x38 .\CortexM0\ARM_GCC_541\Debug\cyfitter_cfg.o
 .debug_ranges  0x00000918       0x38 .\CortexM0\ARM_GCC_541\Debug\Cm0Start.o
 .debug_ranges  0x00000950       0x48 .\CortexM0\ARM_GCC_541\Debug\Read_gyroscope1.1.a(UART.o)
 .debug_ranges  0x00000998       0x80 .\CortexM0\ARM_GCC_541\Debug\Read_gyroscope1.1.a(UART_UART.o)
 .debug_ranges  0x00000a18      0x1c0 .\CortexM0\ARM_GCC_541\Debug\Read_gyroscope1.1.a(CyLib.o)
 .debug_ranges  0x00000bd8      0x178 .\CortexM0\ARM_GCC_541\Debug\Read_gyroscope1.1.a(CyLFClk.o)
 .debug_ranges  0x00000d50       0x20 .\CortexM0\ARM_GCC_541\Debug\Read_gyroscope1.1.a(I2C_MPU6050_I2C.o)
 .debug_ranges  0x00000d70       0x78 .\CortexM0\ARM_GCC_541\Debug\Read_gyroscope1.1.a(I2C_MPU6050_I2C_MASTER.o)
 .debug_ranges  0x00000de8       0x50 .\CortexM0\ARM_GCC_541\Debug\Read_gyroscope1.1.a(UART_SPI_UART.o)
 .debug_ranges  0x00000e38       0x10 .\CortexM0\ARM_GCC_541\Debug\Read_gyroscope1.1.a(I2C_MPU6050_I2C_INT.o)

.comment        0x00000000       0x6e
 .comment       0x00000000       0x6e .\CortexM0\ARM_GCC_541\Debug\main.o
                                 0x6f (size before relaxing)
 .comment       0x0000006e       0x6f .\CortexM0\ARM_GCC_541\Debug\i2cFunctions.o
 .comment       0x0000006e       0x6f .\CortexM0\ARM_GCC_541\Debug\mpu6050.o
 .comment       0x0000006e       0x6f .\CortexM0\ARM_GCC_541\Debug\cyfitter_cfg.o
 .comment       0x0000006e       0x6f .\CortexM0\ARM_GCC_541\Debug\cymetadata.o
 .comment       0x0000006e       0x6f .\CortexM0\ARM_GCC_541\Debug\Cm0Start.o
 .comment       0x0000006e       0x6f .\CortexM0\ARM_GCC_541\Debug\Read_gyroscope1.1.a(UART.o)
 .comment       0x0000006e       0x6f .\CortexM0\ARM_GCC_541\Debug\Read_gyroscope1.1.a(UART_UART.o)
 .comment       0x0000006e       0x6f .\CortexM0\ARM_GCC_541\Debug\Read_gyroscope1.1.a(CyLib.o)
 .comment       0x0000006e       0x6f .\CortexM0\ARM_GCC_541\Debug\Read_gyroscope1.1.a(CyLFClk.o)
 .comment       0x0000006e       0x6f .\CortexM0\ARM_GCC_541\Debug\Read_gyroscope1.1.a(I2C_MPU6050_I2C.o)
 .comment       0x0000006e       0x6f .\CortexM0\ARM_GCC_541\Debug\Read_gyroscope1.1.a(I2C_MPU6050_I2C_MASTER.o)
 .comment       0x0000006e       0x6f .\CortexM0\ARM_GCC_541\Debug\Read_gyroscope1.1.a(UART_SPI_UART.o)
 .comment       0x0000006e       0x6f .\CortexM0\ARM_GCC_541\Debug\Read_gyroscope1.1.a(I2C_MPU6050_I2C_INT.o)

.debug_weaknames
 *(.debug_weaknames)

.debug_funcnames
 *(.debug_funcnames)

.debug_typenames
 *(.debug_typenames)

.debug_varnames
 *(.debug_varnames)

.note.gnu.arm.ident
 *(.note.gnu.arm.ident)

.ARM.attributes
                0x00000000       0x28
 *(.ARM.attributes)
 .ARM.attributes
                0x00000000       0x1e c:/program files (x86)/cypress/psoc creator/4.4/psoc creator/import/gnu/arm/5.4.1/bin/../lib/gcc/arm-none-eabi/5.4.1/armv6-m/crti.o
 .ARM.attributes
                0x0000001e       0x2c c:/program files (x86)/cypress/psoc creator/4.4/psoc creator/import/gnu/arm/5.4.1/bin/../lib/gcc/arm-none-eabi/5.4.1/armv6-m/crtbegin.o
 .ARM.attributes
                0x0000004a       0x1b c:/program files (x86)/cypress/psoc creator/4.4/psoc creator/import/gnu/arm/5.4.1/bin/../lib/gcc/arm-none-eabi/5.4.1/../../../../arm-none-eabi/lib/armv6-m/crt0.o
 .ARM.attributes
                0x00000065       0x31 .\CortexM0\ARM_GCC_541\Debug\main.o
 .ARM.attributes
                0x00000096       0x31 .\CortexM0\ARM_GCC_541\Debug\i2cFunctions.o
 .ARM.attributes
                0x000000c7       0x31 .\CortexM0\ARM_GCC_541\Debug\mpu6050.o
 .ARM.attributes
                0x000000f8       0x31 .\CortexM0\ARM_GCC_541\Debug\cyfitter_cfg.o
 .ARM.attributes
                0x00000129       0x31 .\CortexM0\ARM_GCC_541\Debug\cymetadata.o
 .ARM.attributes
                0x0000015a       0x31 .\CortexM0\ARM_GCC_541\Debug\Cm0Start.o
 .ARM.attributes
                0x0000018b       0x31 .\CortexM0\ARM_GCC_541\Debug\Read_gyroscope1.1.a(UART.o)
 .ARM.attributes
                0x000001bc       0x31 .\CortexM0\ARM_GCC_541\Debug\Read_gyroscope1.1.a(UART_UART.o)
 .ARM.attributes
                0x000001ed       0x31 .\CortexM0\ARM_GCC_541\Debug\Read_gyroscope1.1.a(CyLib.o)
 .ARM.attributes
                0x0000021e       0x31 .\CortexM0\ARM_GCC_541\Debug\Read_gyroscope1.1.a(CyLFClk.o)
 .ARM.attributes
                0x0000024f       0x31 .\CortexM0\ARM_GCC_541\Debug\Read_gyroscope1.1.a(I2C_MPU6050_I2C.o)
 .ARM.attributes
                0x00000280       0x31 .\CortexM0\ARM_GCC_541\Debug\Read_gyroscope1.1.a(I2C_MPU6050_I2C_MASTER.o)
 .ARM.attributes
                0x000002b1       0x21 .\CortexM0\ARM_GCC_541\Debug\Read_gyroscope1.1.a(CyBootAsmGnu.o)
 .ARM.attributes
                0x000002d2       0x31 .\CortexM0\ARM_GCC_541\Debug\Read_gyroscope1.1.a(UART_SPI_UART.o)
 .ARM.attributes
                0x00000303       0x31 .\CortexM0\ARM_GCC_541\Debug\Read_gyroscope1.1.a(I2C_MPU6050_I2C_INT.o)
 .ARM.attributes
                0x00000334       0x1e c:/program files (x86)/cypress/psoc creator/4.4/psoc creator/import/gnu/arm/5.4.1/bin/../lib/gcc/arm-none-eabi/5.4.1/armv6-m\libgcc.a(_udivsi3.o)
 .ARM.attributes
                0x00000352       0x1e c:/program files (x86)/cypress/psoc creator/4.4/psoc creator/import/gnu/arm/5.4.1/bin/../lib/gcc/arm-none-eabi/5.4.1/armv6-m\libgcc.a(_divsi3.o)
 .ARM.attributes
                0x00000370       0x1e c:/program files (x86)/cypress/psoc creator/4.4/psoc creator/import/gnu/arm/5.4.1/bin/../lib/gcc/arm-none-eabi/5.4.1/armv6-m\libgcc.a(_dvmd_tls.o)
 .ARM.attributes
                0x0000038e       0x2c c:/program files (x86)/cypress/psoc creator/4.4/psoc creator/import/gnu/arm/5.4.1/bin/../lib/gcc/arm-none-eabi/5.4.1/../../../../arm-none-eabi/lib/armv6-m\libg_nano.a(lib_a-errno.o)
 .ARM.attributes
                0x000003ba       0x2c c:/program files (x86)/cypress/psoc creator/4.4/psoc creator/import/gnu/arm/5.4.1/bin/../lib/gcc/arm-none-eabi/5.4.1/../../../../arm-none-eabi/lib/armv6-m\libg_nano.a(lib_a-exit.o)
 .ARM.attributes
                0x000003e6       0x2c c:/program files (x86)/cypress/psoc creator/4.4/psoc creator/import/gnu/arm/5.4.1/bin/../lib/gcc/arm-none-eabi/5.4.1/../../../../arm-none-eabi/lib/armv6-m\libg_nano.a(lib_a-impure.o)
 .ARM.attributes
                0x00000412       0x2c c:/program files (x86)/cypress/psoc creator/4.4/psoc creator/import/gnu/arm/5.4.1/bin/../lib/gcc/arm-none-eabi/5.4.1/../../../../arm-none-eabi/lib/armv6-m\libg_nano.a(lib_a-init.o)
 .ARM.attributes
                0x0000043e       0x2c c:/program files (x86)/cypress/psoc creator/4.4/psoc creator/import/gnu/arm/5.4.1/bin/../lib/gcc/arm-none-eabi/5.4.1/../../../../arm-none-eabi/lib/armv6-m\libg_nano.a(lib_a-memset.o)
 .ARM.attributes
                0x0000046a       0x2c c:/program files (x86)/cypress/psoc creator/4.4/psoc creator/import/gnu/arm/5.4.1/bin/../lib/gcc/arm-none-eabi/5.4.1/../../../../arm-none-eabi/lib/armv6-m\libg_nano.a(lib_a-sprintf.o)
 .ARM.attributes
                0x00000496       0x2c c:/program files (x86)/cypress/psoc creator/4.4/psoc creator/import/gnu/arm/5.4.1/bin/../lib/gcc/arm-none-eabi/5.4.1/../../../../arm-none-eabi/lib/armv6-m\libg_nano.a(lib_a-nano-svfprintf.o)
 .ARM.attributes
                0x000004c2       0x2c c:/program files (x86)/cypress/psoc creator/4.4/psoc creator/import/gnu/arm/5.4.1/bin/../lib/gcc/arm-none-eabi/5.4.1/../../../../arm-none-eabi/lib/armv6-m\libg_nano.a(lib_a-nano-vfprintf_i.o)
 .ARM.attributes
                0x000004ee       0x2c c:/program files (x86)/cypress/psoc creator/4.4/psoc creator/import/gnu/arm/5.4.1/bin/../lib/gcc/arm-none-eabi/5.4.1/../../../../arm-none-eabi/lib/armv6-m\libg_nano.a(lib_a-memchr-stub.o)
 .ARM.attributes
                0x0000051a       0x2c c:/program files (x86)/cypress/psoc creator/4.4/psoc creator/import/gnu/arm/5.4.1/bin/../lib/gcc/arm-none-eabi/5.4.1/../../../../arm-none-eabi/lib/armv6-m\libg_nano.a(lib_a-memcpy-stub.o)
 .ARM.attributes
                0x00000546       0x2c c:/program files (x86)/cypress/psoc creator/4.4/psoc creator/import/gnu/arm/5.4.1/bin/../lib/gcc/arm-none-eabi/5.4.1/../../../../arm-none-eabi/lib/armv6-m\libg_nano.a(lib_a-memmove.o)
 .ARM.attributes
                0x00000572       0x2c c:/program files (x86)/cypress/psoc creator/4.4/psoc creator/import/gnu/arm/5.4.1/bin/../lib/gcc/arm-none-eabi/5.4.1/../../../../arm-none-eabi/lib/armv6-m\libg_nano.a(lib_a-nano-freer.o)
 .ARM.attributes
                0x0000059e       0x2c c:/program files (x86)/cypress/psoc creator/4.4/psoc creator/import/gnu/arm/5.4.1/bin/../lib/gcc/arm-none-eabi/5.4.1/../../../../arm-none-eabi/lib/armv6-m\libg_nano.a(lib_a-nano-mallocr.o)
 .ARM.attributes
                0x000005ca       0x2c c:/program files (x86)/cypress/psoc creator/4.4/psoc creator/import/gnu/arm/5.4.1/bin/../lib/gcc/arm-none-eabi/5.4.1/../../../../arm-none-eabi/lib/armv6-m\libg_nano.a(lib_a-nano-reallocr.o)
 .ARM.attributes
                0x000005f6       0x2c c:/program files (x86)/cypress/psoc creator/4.4/psoc creator/import/gnu/arm/5.4.1/bin/../lib/gcc/arm-none-eabi/5.4.1/../../../../arm-none-eabi/lib/armv6-m\libg_nano.a(lib_a-sbrkr.o)
 .ARM.attributes
                0x00000622       0x2c c:/program files (x86)/cypress/psoc creator/4.4/psoc creator/import/gnu/arm/5.4.1/bin/../lib/gcc/arm-none-eabi/5.4.1/../../../../arm-none-eabi/lib/armv6-m\libg_nano.a(lib_a-mlock.o)
 .ARM.attributes
                0x0000064e       0x2c c:/program files (x86)/cypress/psoc creator/4.4/psoc creator/import/gnu/arm/5.4.1/bin/../lib/gcc/arm-none-eabi/5.4.1/../../../../arm-none-eabi/lib/armv6-m\libg_nano.a(lib_a-nano-msizer.o)
 .ARM.attributes
                0x0000067a       0x2c c:/program files (x86)/cypress/psoc creator/4.4/psoc creator/import/gnu/arm/5.4.1/bin/../lib/gcc/arm-none-eabi/5.4.1/../../../../arm-none-eabi/lib/armv6-m\libg_nano.a(lib_a-reent.o)
 .ARM.attributes
                0x000006a6       0x2c c:/program files (x86)/cypress/psoc creator/4.4/psoc creator/import/gnu/arm/5.4.1/bin/../lib/gcc/arm-none-eabi/5.4.1/armv6-m/crtend.o
 .ARM.attributes
                0x000006d2       0x1e c:/program files (x86)/cypress/psoc creator/4.4/psoc creator/import/gnu/arm/5.4.1/bin/../lib/gcc/arm-none-eabi/5.4.1/armv6-m/crtn.o

/DISCARD/
 *(.note.GNU-stack)
OUTPUT(D:\UCU\POC\PSoC Creator\Gyroscope1.0\Read_gyroscope1.1.cydsn\CortexM0\ARM_GCC_541\Debug\Read_gyroscope1.1.elf elf32-littlearm)
